Startpoint: wake_up (input port clocked by clk)
Endpoint: _161_ (rising edge-triggered flip-flop clocked by clk)
Path Group: clk
Path Type: min

       Cap       Slew      Delay       Time   Description
-----------------------------------------------------------------------------------
              0.00000    0.00000    0.00000   clock clk (rise edge)
                         1.30000    1.30000   clock network delay (ideal)
                         0.50000    1.80000 ^ input external delay
   0.00179    0.00000    0.00000    1.80000 ^ wake_up (in)
              0.00000    0.00000    1.80000 ^ _161_/D (sky130_fd_sc_hd__dfrtp_1)
                                    1.80000   data arrival time

              0.00000    0.00000    0.00000   clock clk (rise edge)
                         1.30000    1.30000   clock network delay (ideal)
                         0.10000    1.40000   clock uncertainty
                         0.00000    1.40000   clock reconvergence pessimism
                                    1.40000 ^ _161_/CLK (sky130_fd_sc_hd__dfrtp_1)
                        -0.10170    1.29830   library hold time
                                    1.29830   data required time
-----------------------------------------------------------------------------------
                                    1.29830   data required time
                                   -1.80000   data arrival time
-----------------------------------------------------------------------------------
                                    0.50170   slack (MET)


Startpoint: retention_ready (input port clocked by clk)
Endpoint: _154_ (rising edge-triggered flip-flop clocked by clk)
Path Group: clk
Path Type: max

       Cap       Slew      Delay       Time   Description
-----------------------------------------------------------------------------------
              0.00000    0.00000    0.00000   clock clk (rise edge)
                         1.30000    1.30000   clock network delay (ideal)
                         3.00000    4.30000 ^ input external delay
   0.00599    0.00000    0.00000    4.30000 ^ retention_ready (in)
              0.00000    0.00000    4.30000 ^ _095_/A_N (sky130_fd_sc_hd__nand3b_1)
   0.00473    0.20721    0.21992    4.51992 ^ _095_/Y (sky130_fd_sc_hd__nand3b_1)
              0.20721    0.00000    4.51992 ^ _096_/A4 (sky130_fd_sc_hd__a41oi_1)
   0.00615    0.41249    0.54105    5.06097 v _096_/Y (sky130_fd_sc_hd__a41oi_1)
              0.41249    0.00000    5.06097 v _112_/C1 (sky130_fd_sc_hd__a2111oi_0)
   0.01916    3.62189    3.20525    8.26622 ^ _112_/Y (sky130_fd_sc_hd__a2111oi_0)
              3.62189    0.00000    8.26622 ^ _119_/A (sky130_fd_sc_hd__nor4_1)
   0.00180    0.47658    1.13798    9.40420 v _119_/Y (sky130_fd_sc_hd__nor4_1)
              0.47658    0.00000    9.40420 v _154_/D (sky130_fd_sc_hd__dfrtp_1)
                                    9.40420   data arrival time

              0.00000   10.00000   10.00000   clock clk (rise edge)
                         1.30000   11.30000   clock network delay (ideal)
                        -0.30000   11.00000   clock uncertainty
                         0.00000   11.00000   clock reconvergence pessimism
                                   11.00000 ^ _154_/CLK (sky130_fd_sc_hd__dfrtp_1)
                        -0.67017   10.32983   library setup time
                                   10.32983   data required time
-----------------------------------------------------------------------------------
                                   10.32983   data required time
                                   -9.40420   data arrival time
-----------------------------------------------------------------------------------
                                    0.92563   slack (MET)


