
63. Printing statistics.

=== pmu_fsm ===

   Number of wires:                158
   Number of wire bits:            160
   Number of public wires:          41
   Number of public wire bits:      43
   Number of memories:               0
   Number of memory bits:            0
   Number of processes:              0
   Number of cells:                151
     sky130_fd_sc_hd__a211oi_2       1
     sky130_fd_sc_hd__a21o_2         1
     sky130_fd_sc_hd__a21oi_2        3
     sky130_fd_sc_hd__and2_2         1
     sky130_fd_sc_hd__buf_1          2
     sky130_fd_sc_hd__buf_2          1
     sky130_fd_sc_hd__conb_1         1
     sky130_fd_sc_hd__dfrtp_2       27
     sky130_fd_sc_hd__dfstp_2        1
     sky130_fd_sc_hd__inv_2         19
     sky130_fd_sc_hd__inv_6          1
     sky130_fd_sc_hd__nand2_2       37
     sky130_fd_sc_hd__nand2_4        1
     sky130_fd_sc_hd__nand2b_2       1
     sky130_fd_sc_hd__nand3_2        8
     sky130_fd_sc_hd__nand3_4        1
     sky130_fd_sc_hd__nor2_2        17
     sky130_fd_sc_hd__nor2_4         8
     sky130_fd_sc_hd__nor2_8         2
     sky130_fd_sc_hd__o211a_2        1
     sky130_fd_sc_hd__o211ai_2       1
     sky130_fd_sc_hd__o21a_2         2
     sky130_fd_sc_hd__o21ai_2        2
     sky130_fd_sc_hd__o21bai_2       1
     sky130_fd_sc_hd__o311a_2        1
     sky130_fd_sc_hd__or2_2          2
     sky130_fd_sc_hd__or2_4          3
     sky130_fd_sc_hd__or2b_2         1
     sky130_fd_sc_hd__or3_2          2
     sky130_fd_sc_hd__or3b_2         1
     sky130_fd_sc_hd__xor2_2         1

   Chip area for module '\pmu_fsm': 1640.323200

