
===========================================================================
report_checks -path_delay max (Setup)
============================================================================
======================= Typical Corner ===================================

Startpoint: retention_ready (input port clocked by clk)
Endpoint: error (output port clocked by clk)
Path Group: clk
Path Type: max

Fanout     Cap    Slew   Delay    Time   Description
-----------------------------------------------------------------------------
                  0.00    0.00    0.00   clock clk (rise edge)
                          1.30    1.30   clock network delay (ideal)
                          3.00    4.30 v input external delay
     1    0.00    0.03    0.01    4.31 v retention_ready (in)
                                         retention_ready (net)
                  0.03    0.00    4.31 v _164_/A (sky130_fd_sc_hd__inv_2)
     3    0.01    0.07    0.07    4.38 ^ _164_/Y (sky130_fd_sc_hd__inv_2)
                                         _101_ (net)
                  0.07    0.00    4.38 ^ _199_/B (sky130_fd_sc_hd__nand2_2)
     1    0.00    0.04    0.05    4.43 v _199_/Y (sky130_fd_sc_hd__nand2_2)
                                         _026_ (net)
                  0.04    0.00    4.43 v _200_/B1 (sky130_fd_sc_hd__a211oi_2)
     1    0.02    0.41    0.38    4.81 ^ _200_/Y (sky130_fd_sc_hd__a211oi_2)
                                         error (net)
                  0.41    0.00    4.81 ^ error (out)
                                  4.81   data arrival time

                  0.00   10.00   10.00   clock clk (rise edge)
                          1.30   11.30   clock network delay (ideal)
                         -0.30   11.00   clock uncertainty
                          0.00   11.00   clock reconvergence pessimism
                         -2.00    9.00   output external delay
                                  9.00   data required time
-----------------------------------------------------------------------------
                                  9.00   data required time
                                 -4.81   data arrival time
-----------------------------------------------------------------------------
                                  4.19   slack (MET)


Startpoint: clk_stable (input port clocked by clk)
Endpoint: _257_ (rising edge-triggered flip-flop clocked by clk)
Path Group: clk
Path Type: max

Fanout     Cap    Slew   Delay    Time   Description
-----------------------------------------------------------------------------
                  0.00    0.00    0.00   clock clk (rise edge)
                          1.30    1.30   clock network delay (ideal)
                          3.00    4.30 ^ input external delay
     1    0.00    0.03    0.01    4.31 ^ clk_stable (in)
                                         clk_stable (net)
                  0.03    0.00    4.31 ^ _158_/B (sky130_fd_sc_hd__nand2_2)
     2    0.01    0.03    0.05    4.36 v _158_/Y (sky130_fd_sc_hd__nand2_2)
                                         _095_ (net)
                  0.03    0.00    4.36 v _159_/B1_N (sky130_fd_sc_hd__o21bai_2)
     1    0.00    0.05    0.18    4.54 v _159_/Y (sky130_fd_sc_hd__o21bai_2)
                                         _096_ (net)
                  0.05    0.00    4.54 v _160_/A (sky130_fd_sc_hd__nand2_2)
     1    0.00    0.04    0.06    4.59 ^ _160_/Y (sky130_fd_sc_hd__nand2_2)
                                         _097_ (net)
                  0.04    0.00    4.59 ^ _166_/A (sky130_fd_sc_hd__nand2_2)
     2    0.01    0.03    0.05    4.64 v _166_/Y (sky130_fd_sc_hd__nand2_2)
                                         _103_ (net)
                  0.03    0.00    4.64 v _174_/A (sky130_fd_sc_hd__or3_2)
     1    0.00    0.07    0.45    5.09 v _174_/X (sky130_fd_sc_hd__or3_2)
                                         _111_ (net)
                  0.07    0.00    5.09 v _175_/A (sky130_fd_sc_hd__buf_1)
     1    0.00    0.02    0.09    5.19 v _175_/X (sky130_fd_sc_hd__buf_1)
                                         next_state[1] (net)
                  0.02    0.00    5.19 v _257_/D (sky130_fd_sc_hd__dfrtp_2)
                                  5.19   data arrival time

                  0.00   10.00   10.00   clock clk (rise edge)
                          1.30   11.30   clock network delay (ideal)
                         -0.30   11.00   clock uncertainty
                          0.00   11.00   clock reconvergence pessimism
                                 11.00 ^ _257_/CLK (sky130_fd_sc_hd__dfrtp_2)
                         -0.12   10.88   library setup time
                                 10.88   data required time
-----------------------------------------------------------------------------
                                 10.88   data required time
                                 -5.19   data arrival time
-----------------------------------------------------------------------------
                                  5.69   slack (MET)


Startpoint: clk_stable (input port clocked by clk)
Endpoint: _240_ (rising edge-triggered flip-flop clocked by clk)
Path Group: clk
Path Type: max

Fanout     Cap    Slew   Delay    Time   Description
-----------------------------------------------------------------------------
                  0.00    0.00    0.00   clock clk (rise edge)
                          1.30    1.30   clock network delay (ideal)
                          3.00    4.30 ^ input external delay
     1    0.00    0.03    0.01    4.31 ^ clk_stable (in)
                                         clk_stable (net)
                  0.03    0.00    4.31 ^ _158_/B (sky130_fd_sc_hd__nand2_2)
     2    0.01    0.03    0.05    4.36 v _158_/Y (sky130_fd_sc_hd__nand2_2)
                                         _095_ (net)
                  0.03    0.00    4.36 v _159_/B1_N (sky130_fd_sc_hd__o21bai_2)
     1    0.00    0.05    0.18    4.54 v _159_/Y (sky130_fd_sc_hd__o21bai_2)
                                         _096_ (net)
                  0.05    0.00    4.54 v _160_/A (sky130_fd_sc_hd__nand2_2)
     1    0.00    0.04    0.06    4.59 ^ _160_/Y (sky130_fd_sc_hd__nand2_2)
                                         _097_ (net)
                  0.04    0.00    4.59 ^ _166_/A (sky130_fd_sc_hd__nand2_2)
     2    0.01    0.03    0.05    4.64 v _166_/Y (sky130_fd_sc_hd__nand2_2)
                                         _103_ (net)
                  0.03    0.00    4.64 v _178_/B (sky130_fd_sc_hd__nor2_2)
     2    0.01    0.13    0.11    4.75 ^ _178_/Y (sky130_fd_sc_hd__nor2_2)
                                         _014_ (net)
                  0.13    0.00    4.75 ^ _204_/A (sky130_fd_sc_hd__nand3_2)
     1    0.01    0.09    0.09    4.85 v _204_/Y (sky130_fd_sc_hd__nand3_2)
                                         _030_ (net)
                  0.09    0.00    4.85 v _209_/A (sky130_fd_sc_hd__nand3_4)
     8    0.08    0.28    0.22    5.07 ^ _209_/Y (sky130_fd_sc_hd__nand3_4)
                                         _035_ (net)
                  0.28    0.00    5.07 ^ _210_/B (sky130_fd_sc_hd__nor2_4)
     1    0.00    0.04    0.03    5.10 v _210_/Y (sky130_fd_sc_hd__nor2_4)
                                         _004_ (net)
                  0.04    0.00    5.10 v _240_/D (sky130_fd_sc_hd__dfrtp_2)
                                  5.10   data arrival time

                  0.00   10.00   10.00   clock clk (rise edge)
                          1.30   11.30   clock network delay (ideal)
                         -0.30   11.00   clock uncertainty
                          0.00   11.00   clock reconvergence pessimism
                                 11.00 ^ _240_/CLK (sky130_fd_sc_hd__dfrtp_2)
                         -0.13   10.87   library setup time
                                 10.87   data required time
-----------------------------------------------------------------------------
                                 10.87   data required time
                                 -5.10   data arrival time
-----------------------------------------------------------------------------
                                  5.77   slack (MET)


Startpoint: clk_stable (input port clocked by clk)
Endpoint: _241_ (rising edge-triggered flip-flop clocked by clk)
Path Group: clk
Path Type: max

Fanout     Cap    Slew   Delay    Time   Description
-----------------------------------------------------------------------------
                  0.00    0.00    0.00   clock clk (rise edge)
                          1.30    1.30   clock network delay (ideal)
                          3.00    4.30 ^ input external delay
     1    0.00    0.03    0.01    4.31 ^ clk_stable (in)
                                         clk_stable (net)
                  0.03    0.00    4.31 ^ _158_/B (sky130_fd_sc_hd__nand2_2)
     2    0.01    0.03    0.05    4.36 v _158_/Y (sky130_fd_sc_hd__nand2_2)
                                         _095_ (net)
                  0.03    0.00    4.36 v _159_/B1_N (sky130_fd_sc_hd__o21bai_2)
     1    0.00    0.05    0.18    4.54 v _159_/Y (sky130_fd_sc_hd__o21bai_2)
                                         _096_ (net)
                  0.05    0.00    4.54 v _160_/A (sky130_fd_sc_hd__nand2_2)
     1    0.00    0.04    0.06    4.59 ^ _160_/Y (sky130_fd_sc_hd__nand2_2)
                                         _097_ (net)
                  0.04    0.00    4.59 ^ _166_/A (sky130_fd_sc_hd__nand2_2)
     2    0.01    0.03    0.05    4.64 v _166_/Y (sky130_fd_sc_hd__nand2_2)
                                         _103_ (net)
                  0.03    0.00    4.64 v _178_/B (sky130_fd_sc_hd__nor2_2)
     2    0.01    0.13    0.11    4.75 ^ _178_/Y (sky130_fd_sc_hd__nor2_2)
                                         _014_ (net)
                  0.13    0.00    4.75 ^ _204_/A (sky130_fd_sc_hd__nand3_2)
     1    0.01    0.09    0.09    4.85 v _204_/Y (sky130_fd_sc_hd__nand3_2)
                                         _030_ (net)
                  0.09    0.00    4.85 v _209_/A (sky130_fd_sc_hd__nand3_4)
     8    0.08    0.28    0.22    5.07 ^ _209_/Y (sky130_fd_sc_hd__nand3_4)
                                         _035_ (net)
                  0.28    0.00    5.07 ^ _214_/B (sky130_fd_sc_hd__nor2_4)
     1    0.00    0.04    0.03    5.10 v _214_/Y (sky130_fd_sc_hd__nor2_4)
                                         _005_ (net)
                  0.04    0.00    5.10 v _241_/D (sky130_fd_sc_hd__dfrtp_2)
                                  5.10   data arrival time

                  0.00   10.00   10.00   clock clk (rise edge)
                          1.30   11.30   clock network delay (ideal)
                         -0.30   11.00   clock uncertainty
                          0.00   11.00   clock reconvergence pessimism
                                 11.00 ^ _241_/CLK (sky130_fd_sc_hd__dfrtp_2)
                         -0.13   10.87   library setup time
                                 10.87   data required time
-----------------------------------------------------------------------------
                                 10.87   data required time
                                 -5.10   data arrival time
-----------------------------------------------------------------------------
                                  5.77   slack (MET)


Startpoint: clk_stable (input port clocked by clk)
Endpoint: _242_ (rising edge-triggered flip-flop clocked by clk)
Path Group: clk
Path Type: max

Fanout     Cap    Slew   Delay    Time   Description
-----------------------------------------------------------------------------
                  0.00    0.00    0.00   clock clk (rise edge)
                          1.30    1.30   clock network delay (ideal)
                          3.00    4.30 ^ input external delay
     1    0.00    0.03    0.01    4.31 ^ clk_stable (in)
                                         clk_stable (net)
                  0.03    0.00    4.31 ^ _158_/B (sky130_fd_sc_hd__nand2_2)
     2    0.01    0.03    0.05    4.36 v _158_/Y (sky130_fd_sc_hd__nand2_2)
                                         _095_ (net)
                  0.03    0.00    4.36 v _159_/B1_N (sky130_fd_sc_hd__o21bai_2)
     1    0.00    0.05    0.18    4.54 v _159_/Y (sky130_fd_sc_hd__o21bai_2)
                                         _096_ (net)
                  0.05    0.00    4.54 v _160_/A (sky130_fd_sc_hd__nand2_2)
     1    0.00    0.04    0.06    4.59 ^ _160_/Y (sky130_fd_sc_hd__nand2_2)
                                         _097_ (net)
                  0.04    0.00    4.59 ^ _166_/A (sky130_fd_sc_hd__nand2_2)
     2    0.01    0.03    0.05    4.64 v _166_/Y (sky130_fd_sc_hd__nand2_2)
                                         _103_ (net)
                  0.03    0.00    4.64 v _178_/B (sky130_fd_sc_hd__nor2_2)
     2    0.01    0.13    0.11    4.75 ^ _178_/Y (sky130_fd_sc_hd__nor2_2)
                                         _014_ (net)
                  0.13    0.00    4.75 ^ _204_/A (sky130_fd_sc_hd__nand3_2)
     1    0.01    0.09    0.09    4.85 v _204_/Y (sky130_fd_sc_hd__nand3_2)
                                         _030_ (net)
                  0.09    0.00    4.85 v _209_/A (sky130_fd_sc_hd__nand3_4)
     8    0.08    0.28    0.22    5.07 ^ _209_/Y (sky130_fd_sc_hd__nand3_4)
                                         _035_ (net)
                  0.28    0.00    5.07 ^ _219_/B (sky130_fd_sc_hd__nor2_4)
     1    0.00    0.04    0.03    5.10 v _219_/Y (sky130_fd_sc_hd__nor2_4)
                                         _006_ (net)
                  0.04    0.00    5.10 v _242_/D (sky130_fd_sc_hd__dfrtp_2)
                                  5.10   data arrival time

                  0.00   10.00   10.00   clock clk (rise edge)
                          1.30   11.30   clock network delay (ideal)
                         -0.30   11.00   clock uncertainty
                          0.00   11.00   clock reconvergence pessimism
                                 11.00 ^ _242_/CLK (sky130_fd_sc_hd__dfrtp_2)
                         -0.13   10.87   library setup time
                                 10.87   data required time
-----------------------------------------------------------------------------
                                 10.87   data required time
                                 -5.10   data arrival time
-----------------------------------------------------------------------------
                                  5.77   slack (MET)


Startpoint: clk_stable (input port clocked by clk)
Endpoint: _243_ (rising edge-triggered flip-flop clocked by clk)
Path Group: clk
Path Type: max

Fanout     Cap    Slew   Delay    Time   Description
-----------------------------------------------------------------------------
                  0.00    0.00    0.00   clock clk (rise edge)
                          1.30    1.30   clock network delay (ideal)
                          3.00    4.30 ^ input external delay
     1    0.00    0.03    0.01    4.31 ^ clk_stable (in)
                                         clk_stable (net)
                  0.03    0.00    4.31 ^ _158_/B (sky130_fd_sc_hd__nand2_2)
     2    0.01    0.03    0.05    4.36 v _158_/Y (sky130_fd_sc_hd__nand2_2)
                                         _095_ (net)
                  0.03    0.00    4.36 v _159_/B1_N (sky130_fd_sc_hd__o21bai_2)
     1    0.00    0.05    0.18    4.54 v _159_/Y (sky130_fd_sc_hd__o21bai_2)
                                         _096_ (net)
                  0.05    0.00    4.54 v _160_/A (sky130_fd_sc_hd__nand2_2)
     1    0.00    0.04    0.06    4.59 ^ _160_/Y (sky130_fd_sc_hd__nand2_2)
                                         _097_ (net)
                  0.04    0.00    4.59 ^ _166_/A (sky130_fd_sc_hd__nand2_2)
     2    0.01    0.03    0.05    4.64 v _166_/Y (sky130_fd_sc_hd__nand2_2)
                                         _103_ (net)
                  0.03    0.00    4.64 v _178_/B (sky130_fd_sc_hd__nor2_2)
     2    0.01    0.13    0.11    4.75 ^ _178_/Y (sky130_fd_sc_hd__nor2_2)
                                         _014_ (net)
                  0.13    0.00    4.75 ^ _204_/A (sky130_fd_sc_hd__nand3_2)
     1    0.01    0.09    0.09    4.85 v _204_/Y (sky130_fd_sc_hd__nand3_2)
                                         _030_ (net)
                  0.09    0.00    4.85 v _209_/A (sky130_fd_sc_hd__nand3_4)
     8    0.08    0.28    0.22    5.07 ^ _209_/Y (sky130_fd_sc_hd__nand3_4)
                                         _035_ (net)
                  0.28    0.00    5.07 ^ _223_/B (sky130_fd_sc_hd__nor2_4)
     1    0.00    0.04    0.03    5.10 v _223_/Y (sky130_fd_sc_hd__nor2_4)
                                         _007_ (net)
                  0.04    0.00    5.10 v _243_/D (sky130_fd_sc_hd__dfrtp_2)
                                  5.10   data arrival time

                  0.00   10.00   10.00   clock clk (rise edge)
                          1.30   11.30   clock network delay (ideal)
                         -0.30   11.00   clock uncertainty
                          0.00   11.00   clock reconvergence pessimism
                                 11.00 ^ _243_/CLK (sky130_fd_sc_hd__dfrtp_2)
                         -0.13   10.87   library setup time
                                 10.87   data required time
-----------------------------------------------------------------------------
                                 10.87   data required time
                                 -5.10   data arrival time
-----------------------------------------------------------------------------
                                  5.77   slack (MET)


Startpoint: clk_stable (input port clocked by clk)
Endpoint: _245_ (rising edge-triggered flip-flop clocked by clk)
Path Group: clk
Path Type: max

Fanout     Cap    Slew   Delay    Time   Description
-----------------------------------------------------------------------------
                  0.00    0.00    0.00   clock clk (rise edge)
                          1.30    1.30   clock network delay (ideal)
                          3.00    4.30 ^ input external delay
     1    0.00    0.03    0.01    4.31 ^ clk_stable (in)
                                         clk_stable (net)
                  0.03    0.00    4.31 ^ _158_/B (sky130_fd_sc_hd__nand2_2)
     2    0.01    0.03    0.05    4.36 v _158_/Y (sky130_fd_sc_hd__nand2_2)
                                         _095_ (net)
                  0.03    0.00    4.36 v _159_/B1_N (sky130_fd_sc_hd__o21bai_2)
     1    0.00    0.05    0.18    4.54 v _159_/Y (sky130_fd_sc_hd__o21bai_2)
                                         _096_ (net)
                  0.05    0.00    4.54 v _160_/A (sky130_fd_sc_hd__nand2_2)
     1    0.00    0.04    0.06    4.59 ^ _160_/Y (sky130_fd_sc_hd__nand2_2)
                                         _097_ (net)
                  0.04    0.00    4.59 ^ _166_/A (sky130_fd_sc_hd__nand2_2)
     2    0.01    0.03    0.05    4.64 v _166_/Y (sky130_fd_sc_hd__nand2_2)
                                         _103_ (net)
                  0.03    0.00    4.64 v _178_/B (sky130_fd_sc_hd__nor2_2)
     2    0.01    0.13    0.11    4.75 ^ _178_/Y (sky130_fd_sc_hd__nor2_2)
                                         _014_ (net)
                  0.13    0.00    4.75 ^ _204_/A (sky130_fd_sc_hd__nand3_2)
     1    0.01    0.09    0.09    4.85 v _204_/Y (sky130_fd_sc_hd__nand3_2)
                                         _030_ (net)
                  0.09    0.00    4.85 v _209_/A (sky130_fd_sc_hd__nand3_4)
     8    0.08    0.28    0.22    5.07 ^ _209_/Y (sky130_fd_sc_hd__nand3_4)
                                         _035_ (net)
                  0.28    0.00    5.07 ^ _232_/B (sky130_fd_sc_hd__nor2_4)
     1    0.00    0.04    0.03    5.10 v _232_/Y (sky130_fd_sc_hd__nor2_4)
                                         _009_ (net)
                  0.04    0.00    5.10 v _245_/D (sky130_fd_sc_hd__dfrtp_2)
                                  5.10   data arrival time

                  0.00   10.00   10.00   clock clk (rise edge)
                          1.30   11.30   clock network delay (ideal)
                         -0.30   11.00   clock uncertainty
                          0.00   11.00   clock reconvergence pessimism
                                 11.00 ^ _245_/CLK (sky130_fd_sc_hd__dfrtp_2)
                         -0.13   10.87   library setup time
                                 10.87   data required time
-----------------------------------------------------------------------------
                                 10.87   data required time
                                 -5.10   data arrival time
-----------------------------------------------------------------------------
                                  5.77   slack (MET)


Startpoint: clk_stable (input port clocked by clk)
Endpoint: _246_ (rising edge-triggered flip-flop clocked by clk)
Path Group: clk
Path Type: max

Fanout     Cap    Slew   Delay    Time   Description
-----------------------------------------------------------------------------
                  0.00    0.00    0.00   clock clk (rise edge)
                          1.30    1.30   clock network delay (ideal)
                          3.00    4.30 ^ input external delay
     1    0.00    0.03    0.01    4.31 ^ clk_stable (in)
                                         clk_stable (net)
                  0.03    0.00    4.31 ^ _158_/B (sky130_fd_sc_hd__nand2_2)
     2    0.01    0.03    0.05    4.36 v _158_/Y (sky130_fd_sc_hd__nand2_2)
                                         _095_ (net)
                  0.03    0.00    4.36 v _159_/B1_N (sky130_fd_sc_hd__o21bai_2)
     1    0.00    0.05    0.18    4.54 v _159_/Y (sky130_fd_sc_hd__o21bai_2)
                                         _096_ (net)
                  0.05    0.00    4.54 v _160_/A (sky130_fd_sc_hd__nand2_2)
     1    0.00    0.04    0.06    4.59 ^ _160_/Y (sky130_fd_sc_hd__nand2_2)
                                         _097_ (net)
                  0.04    0.00    4.59 ^ _166_/A (sky130_fd_sc_hd__nand2_2)
     2    0.01    0.03    0.05    4.64 v _166_/Y (sky130_fd_sc_hd__nand2_2)
                                         _103_ (net)
                  0.03    0.00    4.64 v _178_/B (sky130_fd_sc_hd__nor2_2)
     2    0.01    0.13    0.11    4.75 ^ _178_/Y (sky130_fd_sc_hd__nor2_2)
                                         _014_ (net)
                  0.13    0.00    4.75 ^ _204_/A (sky130_fd_sc_hd__nand3_2)
     1    0.01    0.09    0.09    4.85 v _204_/Y (sky130_fd_sc_hd__nand3_2)
                                         _030_ (net)
                  0.09    0.00    4.85 v _209_/A (sky130_fd_sc_hd__nand3_4)
     8    0.08    0.28    0.22    5.07 ^ _209_/Y (sky130_fd_sc_hd__nand3_4)
                                         _035_ (net)
                  0.28    0.00    5.07 ^ _236_/B (sky130_fd_sc_hd__nor2_4)
     1    0.00    0.04    0.03    5.10 v _236_/Y (sky130_fd_sc_hd__nor2_4)
                                         _010_ (net)
                  0.04    0.00    5.10 v _246_/D (sky130_fd_sc_hd__dfrtp_2)
                                  5.10   data arrival time

                  0.00   10.00   10.00   clock clk (rise edge)
                          1.30   11.30   clock network delay (ideal)
                         -0.30   11.00   clock uncertainty
                          0.00   11.00   clock reconvergence pessimism
                                 11.00 ^ _246_/CLK (sky130_fd_sc_hd__dfrtp_2)
                         -0.13   10.87   library setup time
                                 10.87   data required time
-----------------------------------------------------------------------------
                                 10.87   data required time
                                 -5.10   data arrival time
-----------------------------------------------------------------------------
                                  5.77   slack (MET)


Startpoint: clk_stable (input port clocked by clk)
Endpoint: _247_ (rising edge-triggered flip-flop clocked by clk)
Path Group: clk
Path Type: max

Fanout     Cap    Slew   Delay    Time   Description
-----------------------------------------------------------------------------
                  0.00    0.00    0.00   clock clk (rise edge)
                          1.30    1.30   clock network delay (ideal)
                          3.00    4.30 ^ input external delay
     1    0.00    0.03    0.01    4.31 ^ clk_stable (in)
                                         clk_stable (net)
                  0.03    0.00    4.31 ^ _158_/B (sky130_fd_sc_hd__nand2_2)
     2    0.01    0.03    0.05    4.36 v _158_/Y (sky130_fd_sc_hd__nand2_2)
                                         _095_ (net)
                  0.03    0.00    4.36 v _159_/B1_N (sky130_fd_sc_hd__o21bai_2)
     1    0.00    0.05    0.18    4.54 v _159_/Y (sky130_fd_sc_hd__o21bai_2)
                                         _096_ (net)
                  0.05    0.00    4.54 v _160_/A (sky130_fd_sc_hd__nand2_2)
     1    0.00    0.04    0.06    4.59 ^ _160_/Y (sky130_fd_sc_hd__nand2_2)
                                         _097_ (net)
                  0.04    0.00    4.59 ^ _166_/A (sky130_fd_sc_hd__nand2_2)
     2    0.01    0.03    0.05    4.64 v _166_/Y (sky130_fd_sc_hd__nand2_2)
                                         _103_ (net)
                  0.03    0.00    4.64 v _178_/B (sky130_fd_sc_hd__nor2_2)
     2    0.01    0.13    0.11    4.75 ^ _178_/Y (sky130_fd_sc_hd__nor2_2)
                                         _014_ (net)
                  0.13    0.00    4.75 ^ _204_/A (sky130_fd_sc_hd__nand3_2)
     1    0.01    0.09    0.09    4.85 v _204_/Y (sky130_fd_sc_hd__nand3_2)
                                         _030_ (net)
                  0.09    0.00    4.85 v _209_/A (sky130_fd_sc_hd__nand3_4)
     8    0.08    0.28    0.22    5.07 ^ _209_/Y (sky130_fd_sc_hd__nand3_4)
                                         _035_ (net)
                  0.28    0.00    5.07 ^ _238_/B (sky130_fd_sc_hd__nor2_4)
     1    0.00    0.04    0.03    5.10 v _238_/Y (sky130_fd_sc_hd__nor2_4)
                                         _011_ (net)
                  0.04    0.00    5.10 v _247_/D (sky130_fd_sc_hd__dfrtp_2)
                                  5.10   data arrival time

                  0.00   10.00   10.00   clock clk (rise edge)
                          1.30   11.30   clock network delay (ideal)
                         -0.30   11.00   clock uncertainty
                          0.00   11.00   clock reconvergence pessimism
                                 11.00 ^ _247_/CLK (sky130_fd_sc_hd__dfrtp_2)
                         -0.13   10.87   library setup time
                                 10.87   data required time
-----------------------------------------------------------------------------
                                 10.87   data required time
                                 -5.10   data arrival time
-----------------------------------------------------------------------------
                                  5.77   slack (MET)


Startpoint: clk_stable (input port clocked by clk)
Endpoint: _244_ (rising edge-triggered flip-flop clocked by clk)
Path Group: clk
Path Type: max

Fanout     Cap    Slew   Delay    Time   Description
-----------------------------------------------------------------------------
                  0.00    0.00    0.00   clock clk (rise edge)
                          1.30    1.30   clock network delay (ideal)
                          3.00    4.30 ^ input external delay
     1    0.00    0.03    0.01    4.31 ^ clk_stable (in)
                                         clk_stable (net)
                  0.03    0.00    4.31 ^ _158_/B (sky130_fd_sc_hd__nand2_2)
     2    0.01    0.03    0.05    4.36 v _158_/Y (sky130_fd_sc_hd__nand2_2)
                                         _095_ (net)
                  0.03    0.00    4.36 v _159_/B1_N (sky130_fd_sc_hd__o21bai_2)
     1    0.00    0.05    0.18    4.54 v _159_/Y (sky130_fd_sc_hd__o21bai_2)
                                         _096_ (net)
                  0.05    0.00    4.54 v _160_/A (sky130_fd_sc_hd__nand2_2)
     1    0.00    0.04    0.06    4.59 ^ _160_/Y (sky130_fd_sc_hd__nand2_2)
                                         _097_ (net)
                  0.04    0.00    4.59 ^ _166_/A (sky130_fd_sc_hd__nand2_2)
     2    0.01    0.03    0.05    4.64 v _166_/Y (sky130_fd_sc_hd__nand2_2)
                                         _103_ (net)
                  0.03    0.00    4.64 v _178_/B (sky130_fd_sc_hd__nor2_2)
     2    0.01    0.13    0.11    4.75 ^ _178_/Y (sky130_fd_sc_hd__nor2_2)
                                         _014_ (net)
                  0.13    0.00    4.75 ^ _204_/A (sky130_fd_sc_hd__nand3_2)
     1    0.01    0.09    0.09    4.85 v _204_/Y (sky130_fd_sc_hd__nand3_2)
                                         _030_ (net)
                  0.09    0.00    4.85 v _209_/A (sky130_fd_sc_hd__nand3_4)
     8    0.08    0.28    0.22    5.07 ^ _209_/Y (sky130_fd_sc_hd__nand3_4)
                                         _035_ (net)
                  0.28    0.00    5.07 ^ _227_/B (sky130_fd_sc_hd__nor2_8)
     1    0.00    0.04    0.03    5.10 v _227_/Y (sky130_fd_sc_hd__nor2_8)
                                         _008_ (net)
                  0.04    0.00    5.10 v _244_/D (sky130_fd_sc_hd__dfrtp_2)
                                  5.10   data arrival time

                  0.00   10.00   10.00   clock clk (rise edge)
                          1.30   11.30   clock network delay (ideal)
                         -0.30   11.00   clock uncertainty
                          0.00   11.00   clock reconvergence pessimism
                                 11.00 ^ _244_/CLK (sky130_fd_sc_hd__dfrtp_2)
                         -0.12   10.88   library setup time
                                 10.88   data required time
-----------------------------------------------------------------------------
                                 10.88   data required time
                                 -5.10   data arrival time
-----------------------------------------------------------------------------
                                  5.78   slack (MET)


Startpoint: clk_stable (input port clocked by clk)
Endpoint: _258_ (rising edge-triggered flip-flop clocked by clk)
Path Group: clk
Path Type: max

Fanout     Cap    Slew   Delay    Time   Description
-----------------------------------------------------------------------------
                  0.00    0.00    0.00   clock clk (rise edge)
                          1.30    1.30   clock network delay (ideal)
                          3.00    4.30 ^ input external delay
     1    0.00    0.03    0.01    4.31 ^ clk_stable (in)
                                         clk_stable (net)
                  0.03    0.00    4.31 ^ _158_/B (sky130_fd_sc_hd__nand2_2)
     2    0.01    0.03    0.05    4.36 v _158_/Y (sky130_fd_sc_hd__nand2_2)
                                         _095_ (net)
                  0.03    0.00    4.36 v _159_/B1_N (sky130_fd_sc_hd__o21bai_2)
     1    0.00    0.05    0.18    4.54 v _159_/Y (sky130_fd_sc_hd__o21bai_2)
                                         _096_ (net)
                  0.05    0.00    4.54 v _160_/A (sky130_fd_sc_hd__nand2_2)
     1    0.00    0.04    0.06    4.59 ^ _160_/Y (sky130_fd_sc_hd__nand2_2)
                                         _097_ (net)
                  0.04    0.00    4.59 ^ _166_/A (sky130_fd_sc_hd__nand2_2)
     2    0.01    0.03    0.05    4.64 v _166_/Y (sky130_fd_sc_hd__nand2_2)
                                         _103_ (net)
                  0.03    0.00    4.64 v _178_/B (sky130_fd_sc_hd__nor2_2)
     2    0.01    0.13    0.11    4.75 ^ _178_/Y (sky130_fd_sc_hd__nor2_2)
                                         _014_ (net)
                  0.13    0.00    4.75 ^ _187_/A (sky130_fd_sc_hd__nand2_2)
     1    0.00    0.04    0.05    4.80 v _187_/Y (sky130_fd_sc_hd__nand2_2)
                                         next_state[2] (net)
                  0.04    0.00    4.80 v _258_/D (sky130_fd_sc_hd__dfrtp_2)
                                  4.80   data arrival time

                  0.00   10.00   10.00   clock clk (rise edge)
                          1.30   11.30   clock network delay (ideal)
                         -0.30   11.00   clock uncertainty
                          0.00   11.00   clock reconvergence pessimism
                                 11.00 ^ _258_/CLK (sky130_fd_sc_hd__dfrtp_2)
                         -0.12   10.88   library setup time
                                 10.88   data required time
-----------------------------------------------------------------------------
                                 10.88   data required time
                                 -4.80   data arrival time
-----------------------------------------------------------------------------
                                  6.08   slack (MET)


Startpoint: _253_ (rising edge-triggered flip-flop clocked by clk)
Endpoint: reset_ctrl (output port clocked by clk)
Path Group: clk
Path Type: max

Fanout     Cap    Slew   Delay    Time   Description
-----------------------------------------------------------------------------
                  0.00    0.00    0.00   clock clk (rise edge)
                          1.30    1.30   clock network delay (ideal)
                  0.00    0.00    1.30 ^ _253_/CLK (sky130_fd_sc_hd__dfrtp_2)
     1    0.03    0.10    0.44    1.74 v _253_/Q (sky130_fd_sc_hd__dfrtp_2)
                                         reset_ctrl (net)
                  0.10    0.00    1.74 v reset_ctrl (out)
                                  1.74   data arrival time

                  0.00   10.00   10.00   clock clk (rise edge)
                          1.30   11.30   clock network delay (ideal)
                         -0.30   11.00   clock uncertainty
                          0.00   11.00   clock reconvergence pessimism
                         -2.50    8.50   output external delay
                                  8.50   data required time
-----------------------------------------------------------------------------
                                  8.50   data required time
                                 -1.74   data arrival time
-----------------------------------------------------------------------------
                                  6.76   slack (MET)


Startpoint: _252_ (rising edge-triggered flip-flop clocked by clk)
Endpoint: retention_restore (output port clocked by clk)
Path Group: clk
Path Type: max

Fanout     Cap    Slew   Delay    Time   Description
-----------------------------------------------------------------------------
                  0.00    0.00    0.00   clock clk (rise edge)
                          1.30    1.30   clock network delay (ideal)
                  0.00    0.00    1.30 ^ _252_/CLK (sky130_fd_sc_hd__dfrtp_2)
     1    0.03    0.10    0.44    1.74 v _252_/Q (sky130_fd_sc_hd__dfrtp_2)
                                         retention_restore (net)
                  0.10    0.00    1.74 v retention_restore (out)
                                  1.74   data arrival time

                  0.00   10.00   10.00   clock clk (rise edge)
                          1.30   11.30   clock network delay (ideal)
                         -0.30   11.00   clock uncertainty
                          0.00   11.00   clock reconvergence pessimism
                         -2.50    8.50   output external delay
                                  8.50   data required time
-----------------------------------------------------------------------------
                                  8.50   data required time
                                 -1.74   data arrival time
-----------------------------------------------------------------------------
                                  6.76   slack (MET)


Startpoint: _251_ (rising edge-triggered flip-flop clocked by clk)
Endpoint: retention_save (output port clocked by clk)
Path Group: clk
Path Type: max

Fanout     Cap    Slew   Delay    Time   Description
-----------------------------------------------------------------------------
                  0.00    0.00    0.00   clock clk (rise edge)
                          1.30    1.30   clock network delay (ideal)
                  0.00    0.00    1.30 ^ _251_/CLK (sky130_fd_sc_hd__dfrtp_2)
     1    0.03    0.10    0.44    1.74 v _251_/Q (sky130_fd_sc_hd__dfrtp_2)
                                         retention_save (net)
                  0.10    0.00    1.74 v retention_save (out)
                                  1.74   data arrival time

                  0.00   10.00   10.00   clock clk (rise edge)
                          1.30   11.30   clock network delay (ideal)
                         -0.30   11.00   clock uncertainty
                          0.00   11.00   clock reconvergence pessimism
                         -2.50    8.50   output external delay
                                  8.50   data required time
-----------------------------------------------------------------------------
                                  8.50   data required time
                                 -1.74   data arrival time
-----------------------------------------------------------------------------
                                  6.76   slack (MET)


Startpoint: _256_ (rising edge-triggered flip-flop clocked by clk)
Endpoint: seq_busy (output port clocked by clk)
Path Group: clk
Path Type: max

Fanout     Cap    Slew   Delay    Time   Description
-----------------------------------------------------------------------------
                  0.00    0.00    0.00   clock clk (rise edge)
                          1.30    1.30   clock network delay (ideal)
                  0.00    0.00    1.30 ^ _256_/CLK (sky130_fd_sc_hd__dfrtp_2)
     8    0.03    0.11    0.45    1.75 v _256_/Q (sky130_fd_sc_hd__dfrtp_2)
                                         curr_state[0] (net)
                  0.11    0.00    1.75 v _138_/A (sky130_fd_sc_hd__nand2_2)
     3    0.01    0.08    0.11    1.86 ^ _138_/Y (sky130_fd_sc_hd__nand2_2)
                                         _077_ (net)
                  0.08    0.00    1.86 ^ _139_/A (sky130_fd_sc_hd__inv_2)
     2    0.02    0.05    0.07    1.93 v _139_/Y (sky130_fd_sc_hd__inv_2)
                                         _078_ (net)
                  0.05    0.00    1.93 v _140_/B (sky130_fd_sc_hd__nor2_8)
     4    0.03    0.16    0.15    2.08 ^ _140_/Y (sky130_fd_sc_hd__nor2_8)
                                         seq_busy (net)
                  0.16    0.00    2.08 ^ seq_busy (out)
                                  2.08   data arrival time

                  0.00   10.00   10.00   clock clk (rise edge)
                          1.30   11.30   clock network delay (ideal)
                         -0.30   11.00   clock uncertainty
                          0.00   11.00   clock reconvergence pessimism
                         -2.00    9.00   output external delay
                                  9.00   data required time
-----------------------------------------------------------------------------
                                  9.00   data required time
                                 -2.08   data arrival time
-----------------------------------------------------------------------------
                                  6.92   slack (MET)


Startpoint: _239_ (rising edge-triggered flip-flop clocked by clk)
Endpoint: dvfs_ctrl[1] (output port clocked by clk)
Path Group: clk
Path Type: max

Fanout     Cap    Slew   Delay    Time   Description
-----------------------------------------------------------------------------
                  0.00    0.00    0.00   clock clk (rise edge)
                          1.30    1.30   clock network delay (ideal)
                  0.00    0.00    1.30 ^ _239_/CLK (sky130_fd_sc_hd__dfstp_2)
     1    0.02    0.11    0.55    1.85 ^ _239_/Q (sky130_fd_sc_hd__dfstp_2)
                                         dvfs_ctrl[1] (net)
                  0.11    0.00    1.85 ^ dvfs_ctrl[1] (out)
                                  1.85   data arrival time

                  0.00   10.00   10.00   clock clk (rise edge)
                          1.30   11.30   clock network delay (ideal)
                         -0.30   11.00   clock uncertainty
                          0.00   11.00   clock reconvergence pessimism
                         -2.00    9.00   output external delay
                                  9.00   data required time
-----------------------------------------------------------------------------
                                  9.00   data required time
                                 -1.85   data arrival time
-----------------------------------------------------------------------------
                                  7.15   slack (MET)


Startpoint: _248_ (rising edge-triggered flip-flop clocked by clk)
Endpoint: clk_gate_en (output port clocked by clk)
Path Group: clk
Path Type: max

Fanout     Cap    Slew   Delay    Time   Description
-----------------------------------------------------------------------------
                  0.00    0.00    0.00   clock clk (rise edge)
                          1.30    1.30   clock network delay (ideal)
                  0.00    0.00    1.30 ^ _248_/CLK (sky130_fd_sc_hd__dfrtp_2)
     1    0.05    0.25    0.48    1.78 ^ _248_/Q (sky130_fd_sc_hd__dfrtp_2)
                                         clk_gate_en (net)
                  0.25    0.00    1.78 ^ clk_gate_en (out)
                                  1.78   data arrival time

                  0.00   10.00   10.00   clock clk (rise edge)
                          1.30   11.30   clock network delay (ideal)
                         -0.30   11.00   clock uncertainty
                          0.00   11.00   clock reconvergence pessimism
                         -2.00    9.00   output external delay
                                  9.00   data required time
-----------------------------------------------------------------------------
                                  9.00   data required time
                                 -1.78   data arrival time
-----------------------------------------------------------------------------
                                  7.22   slack (MET)


Startpoint: _249_ (rising edge-triggered flip-flop clocked by clk)
Endpoint: pwr_gate_en (output port clocked by clk)
Path Group: clk
Path Type: max

Fanout     Cap    Slew   Delay    Time   Description
-----------------------------------------------------------------------------
                  0.00    0.00    0.00   clock clk (rise edge)
                          1.30    1.30   clock network delay (ideal)
                  0.00    0.00    1.30 ^ _249_/CLK (sky130_fd_sc_hd__dfrtp_2)
     1    0.05    0.25    0.48    1.78 ^ _249_/Q (sky130_fd_sc_hd__dfrtp_2)
                                         pwr_gate_en (net)
                  0.25    0.00    1.78 ^ pwr_gate_en (out)
                                  1.78   data arrival time

                  0.00   10.00   10.00   clock clk (rise edge)
                          1.30   11.30   clock network delay (ideal)
                         -0.30   11.00   clock uncertainty
                          0.00   11.00   clock reconvergence pessimism
                         -2.00    9.00   output external delay
                                  9.00   data required time
-----------------------------------------------------------------------------
                                  9.00   data required time
                                 -1.78   data arrival time
-----------------------------------------------------------------------------
                                  7.22   slack (MET)


Startpoint: _250_ (rising edge-triggered flip-flop clocked by clk)
Endpoint: retention_en (output port clocked by clk)
Path Group: clk
Path Type: max

Fanout     Cap    Slew   Delay    Time   Description
-----------------------------------------------------------------------------
                  0.00    0.00    0.00   clock clk (rise edge)
                          1.30    1.30   clock network delay (ideal)
                  0.00    0.00    1.30 ^ _250_/CLK (sky130_fd_sc_hd__dfrtp_2)
     1    0.05    0.25    0.48    1.78 ^ _250_/Q (sky130_fd_sc_hd__dfrtp_2)
                                         retention_en (net)
                  0.25    0.00    1.78 ^ retention_en (out)
                                  1.78   data arrival time

                  0.00   10.00   10.00   clock clk (rise edge)
                          1.30   11.30   clock network delay (ideal)
                         -0.30   11.00   clock uncertainty
                          0.00   11.00   clock reconvergence pessimism
                         -2.00    9.00   output external delay
                                  9.00   data required time
-----------------------------------------------------------------------------
                                  9.00   data required time
                                 -1.78   data arrival time
-----------------------------------------------------------------------------
                                  7.22   slack (MET)


Startpoint: _254_ (rising edge-triggered flip-flop clocked by clk)
Endpoint: pwr_state[0] (output port clocked by clk)
Path Group: clk
Path Type: max

Fanout     Cap    Slew   Delay    Time   Description
-----------------------------------------------------------------------------
                  0.00    0.00    0.00   clock clk (rise edge)
                          1.30    1.30   clock network delay (ideal)
                  0.00    0.00    1.30 ^ _254_/CLK (sky130_fd_sc_hd__dfrtp_2)
     1    0.02    0.08    0.42    1.72 v _254_/Q (sky130_fd_sc_hd__dfrtp_2)
                                         pwr_state[0] (net)
                  0.08    0.00    1.72 v pwr_state[0] (out)
                                  1.72   data arrival time

                  0.00   10.00   10.00   clock clk (rise edge)
                          1.30   11.30   clock network delay (ideal)
                         -0.30   11.00   clock uncertainty
                          0.00   11.00   clock reconvergence pessimism
                         -2.00    9.00   output external delay
                                  9.00   data required time
-----------------------------------------------------------------------------
                                  9.00   data required time
                                 -1.72   data arrival time
-----------------------------------------------------------------------------
                                  7.28   slack (MET)


Startpoint: _255_ (rising edge-triggered flip-flop clocked by clk)
Endpoint: pwr_state[1] (output port clocked by clk)
Path Group: clk
Path Type: max

Fanout     Cap    Slew   Delay    Time   Description
-----------------------------------------------------------------------------
                  0.00    0.00    0.00   clock clk (rise edge)
                          1.30    1.30   clock network delay (ideal)
                  0.00    0.00    1.30 ^ _255_/CLK (sky130_fd_sc_hd__dfrtp_2)
     1    0.02    0.08    0.42    1.72 v _255_/Q (sky130_fd_sc_hd__dfrtp_2)
                                         pwr_state[1] (net)
                  0.08    0.00    1.72 v pwr_state[1] (out)
                                  1.72   data arrival time

                  0.00   10.00   10.00   clock clk (rise edge)
                          1.30   11.30   clock network delay (ideal)
                         -0.30   11.00   clock uncertainty
                          0.00   11.00   clock reconvergence pessimism
                         -2.00    9.00   output external delay
                                  9.00   data required time
-----------------------------------------------------------------------------
                                  9.00   data required time
                                 -1.72   data arrival time
-----------------------------------------------------------------------------
                                  7.28   slack (MET)


Startpoint: wake_up (input port clocked by clk)
Endpoint: _259_ (rising edge-triggered flip-flop clocked by clk)
Path Group: clk
Path Type: max

Fanout     Cap    Slew   Delay    Time   Description
-----------------------------------------------------------------------------
                  0.00    0.00    0.00   clock clk (rise edge)
                          1.30    1.30   clock network delay (ideal)
                          2.00    3.30 v input external delay
     1    0.00    0.02    0.01    3.31 v wake_up (in)
                                         wake_up (net)
                  0.02    0.00    3.31 v _259_/D (sky130_fd_sc_hd__dfrtp_2)
                                  3.31   data arrival time

                  0.00   10.00   10.00   clock clk (rise edge)
                          1.30   11.30   clock network delay (ideal)
                         -0.30   11.00   clock uncertainty
                          0.00   11.00   clock reconvergence pessimism
                                 11.00 ^ _259_/CLK (sky130_fd_sc_hd__dfrtp_2)
                         -0.12   10.88   library setup time
                                 10.88   data required time
-----------------------------------------------------------------------------
                                 10.88   data required time
                                 -3.31   data arrival time
-----------------------------------------------------------------------------
                                  7.58   slack (MET)


Startpoint: req_off (input port clocked by clk)
Endpoint: _260_ (rising edge-triggered flip-flop clocked by clk)
Path Group: clk
Path Type: max

Fanout     Cap    Slew   Delay    Time   Description
-----------------------------------------------------------------------------
                  0.00    0.00    0.00   clock clk (rise edge)
                          1.30    1.30   clock network delay (ideal)
                          2.00    3.30 v input external delay
     1    0.00    0.02    0.01    3.31 v req_off (in)
                                         req_off (net)
                  0.02    0.00    3.31 v _260_/D (sky130_fd_sc_hd__dfrtp_2)
                                  3.31   data arrival time

                  0.00   10.00   10.00   clock clk (rise edge)
                          1.30   11.30   clock network delay (ideal)
                         -0.30   11.00   clock uncertainty
                          0.00   11.00   clock reconvergence pessimism
                                 11.00 ^ _260_/CLK (sky130_fd_sc_hd__dfrtp_2)
                         -0.12   10.88   library setup time
                                 10.88   data required time
-----------------------------------------------------------------------------
                                 10.88   data required time
                                 -3.31   data arrival time
-----------------------------------------------------------------------------
                                  7.58   slack (MET)


Startpoint: req_sleep (input port clocked by clk)
Endpoint: _261_ (rising edge-triggered flip-flop clocked by clk)
Path Group: clk
Path Type: max

Fanout     Cap    Slew   Delay    Time   Description
-----------------------------------------------------------------------------
                  0.00    0.00    0.00   clock clk (rise edge)
                          1.30    1.30   clock network delay (ideal)
                          2.00    3.30 v input external delay
     1    0.00    0.02    0.01    3.31 v req_sleep (in)
                                         req_sleep (net)
                  0.02    0.00    3.31 v _261_/D (sky130_fd_sc_hd__dfrtp_2)
                                  3.31   data arrival time

                  0.00   10.00   10.00   clock clk (rise edge)
                          1.30   11.30   clock network delay (ideal)
                         -0.30   11.00   clock uncertainty
                          0.00   11.00   clock reconvergence pessimism
                                 11.00 ^ _261_/CLK (sky130_fd_sc_hd__dfrtp_2)
                         -0.12   10.88   library setup time
                                 10.88   data required time
-----------------------------------------------------------------------------
                                 10.88   data required time
                                 -3.31   data arrival time
-----------------------------------------------------------------------------
                                  7.58   slack (MET)


Startpoint: req_idle (input port clocked by clk)
Endpoint: _262_ (rising edge-triggered flip-flop clocked by clk)
Path Group: clk
Path Type: max

Fanout     Cap    Slew   Delay    Time   Description
-----------------------------------------------------------------------------
                  0.00    0.00    0.00   clock clk (rise edge)
                          1.30    1.30   clock network delay (ideal)
                          2.00    3.30 v input external delay
     1    0.00    0.02    0.01    3.31 v req_idle (in)
                                         req_idle (net)
                  0.02    0.00    3.31 v _262_/D (sky130_fd_sc_hd__dfrtp_2)
                                  3.31   data arrival time

                  0.00   10.00   10.00   clock clk (rise edge)
                          1.30   11.30   clock network delay (ideal)
                         -0.30   11.00   clock uncertainty
                          0.00   11.00   clock reconvergence pessimism
                                 11.00 ^ _262_/CLK (sky130_fd_sc_hd__dfrtp_2)
                         -0.12   10.88   library setup time
                                 10.88   data required time
-----------------------------------------------------------------------------
                                 10.88   data required time
                                 -3.31   data arrival time
-----------------------------------------------------------------------------
                                  7.58   slack (MET)


Startpoint: _258_ (rising edge-triggered flip-flop clocked by clk)
Endpoint: _255_ (rising edge-triggered flip-flop clocked by clk)
Path Group: clk
Path Type: max

Fanout     Cap    Slew   Delay    Time   Description
-----------------------------------------------------------------------------
                  0.00    0.00    0.00   clock clk (rise edge)
                          1.30    1.30   clock network delay (ideal)
                  0.00    0.00    1.30 ^ _258_/CLK (sky130_fd_sc_hd__dfrtp_2)
     8    0.04    0.12    0.47    1.77 v _258_/Q (sky130_fd_sc_hd__dfrtp_2)
                                         curr_state[2] (net)
                  0.12    0.00    1.77 v _124_/A (sky130_fd_sc_hd__inv_6)
     6    0.04    0.09    0.13    1.89 ^ _124_/Y (sky130_fd_sc_hd__inv_6)
                                         _064_ (net)
                  0.09    0.00    1.89 ^ _125_/B (sky130_fd_sc_hd__nor2_4)
     3    0.01    0.05    0.04    1.94 v _125_/Y (sky130_fd_sc_hd__nor2_4)
                                         _065_ (net)
                  0.05    0.00    1.94 v _170_/A (sky130_fd_sc_hd__and2_2)
     3    0.01    0.06    0.20    2.13 v _170_/X (sky130_fd_sc_hd__and2_2)
                                         _107_ (net)
                  0.06    0.00    2.13 v _193_/B (sky130_fd_sc_hd__nor2_2)
     2    0.01    0.10    0.10    2.23 ^ _193_/Y (sky130_fd_sc_hd__nor2_2)
                                         _024_ (net)
                  0.10    0.00    2.23 ^ _194_/C_N (sky130_fd_sc_hd__or3b_2)
     1    0.00    0.07    0.44    2.67 v _194_/X (sky130_fd_sc_hd__or3b_2)
                                         _025_ (net)
                  0.07    0.00    2.67 v _195_/A (sky130_fd_sc_hd__buf_1)
     1    0.00    0.02    0.09    2.77 v _195_/X (sky130_fd_sc_hd__buf_1)
                                         _113_ (net)
                  0.02    0.00    2.77 v _255_/D (sky130_fd_sc_hd__dfrtp_2)
                                  2.77   data arrival time

                  0.00   10.00   10.00   clock clk (rise edge)
                          1.30   11.30   clock network delay (ideal)
                         -0.30   11.00   clock uncertainty
                          0.00   11.00   clock reconvergence pessimism
                                 11.00 ^ _255_/CLK (sky130_fd_sc_hd__dfrtp_2)
                         -0.12   10.88   library setup time
                                 10.88   data required time
-----------------------------------------------------------------------------
                                 10.88   data required time
                                 -2.77   data arrival time
-----------------------------------------------------------------------------
                                  8.12   slack (MET)


Startpoint: _246_ (rising edge-triggered flip-flop clocked by clk)
Endpoint: _253_ (rising edge-triggered flip-flop clocked by clk)
Path Group: clk
Path Type: max

Fanout     Cap    Slew   Delay    Time   Description
-----------------------------------------------------------------------------
                  0.00    0.00    0.00   clock clk (rise edge)
                          1.30    1.30   clock network delay (ideal)
                  0.00    0.00    1.30 ^ _246_/CLK (sky130_fd_sc_hd__dfrtp_2)
     3    0.01    0.06    0.39    1.69 v _246_/Q (sky130_fd_sc_hd__dfrtp_2)
                                         seq_timer[6] (net)
                  0.06    0.00    1.69 v _121_/A (sky130_fd_sc_hd__nor2_2)
     2    0.01    0.13    0.15    1.84 ^ _121_/Y (sky130_fd_sc_hd__nor2_2)
                                         _061_ (net)
                  0.13    0.00    1.84 ^ _134_/B (sky130_fd_sc_hd__nand3_2)
     2    0.01    0.07    0.09    1.93 v _134_/Y (sky130_fd_sc_hd__nand3_2)
                                         _074_ (net)
                  0.07    0.00    1.93 v _135_/C (sky130_fd_sc_hd__or3_2)
     1    0.00    0.08    0.42    2.35 v _135_/X (sky130_fd_sc_hd__or3_2)
                                         _075_ (net)
                  0.08    0.00    2.35 v _136_/A (sky130_fd_sc_hd__inv_2)
     3    0.01    0.06    0.09    2.43 ^ _136_/Y (sky130_fd_sc_hd__inv_2)
                                         _076_ (net)
                  0.06    0.00    2.43 ^ _196_/A1 (sky130_fd_sc_hd__a21o_2)
     1    0.00    0.03    0.11    2.54 ^ _196_/X (sky130_fd_sc_hd__a21o_2)
                                         _115_ (net)
                  0.03    0.00    2.54 ^ _253_/D (sky130_fd_sc_hd__dfrtp_2)
                                  2.54   data arrival time

                  0.00   10.00   10.00   clock clk (rise edge)
                          1.30   11.30   clock network delay (ideal)
                         -0.30   11.00   clock uncertainty
                          0.00   11.00   clock reconvergence pessimism
                                 11.00 ^ _253_/CLK (sky130_fd_sc_hd__dfrtp_2)
                         -0.07   10.93   library setup time
                                 10.93   data required time
-----------------------------------------------------------------------------
                                 10.93   data required time
                                 -2.54   data arrival time
-----------------------------------------------------------------------------
                                  8.39   slack (MET)


Startpoint: _246_ (rising edge-triggered flip-flop clocked by clk)
Endpoint: _250_ (rising edge-triggered flip-flop clocked by clk)
Path Group: clk
Path Type: max

Fanout     Cap    Slew   Delay    Time   Description
-----------------------------------------------------------------------------
                  0.00    0.00    0.00   clock clk (rise edge)
                          1.30    1.30   clock network delay (ideal)
                  0.00    0.00    1.30 ^ _246_/CLK (sky130_fd_sc_hd__dfrtp_2)
     3    0.01    0.06    0.39    1.69 v _246_/Q (sky130_fd_sc_hd__dfrtp_2)
                                         seq_timer[6] (net)
                  0.06    0.00    1.69 v _121_/A (sky130_fd_sc_hd__nor2_2)
     2    0.01    0.13    0.15    1.84 ^ _121_/Y (sky130_fd_sc_hd__nor2_2)
                                         _061_ (net)
                  0.13    0.00    1.84 ^ _134_/B (sky130_fd_sc_hd__nand3_2)
     2    0.01    0.07    0.09    1.93 v _134_/Y (sky130_fd_sc_hd__nand3_2)
                                         _074_ (net)
                  0.07    0.00    1.93 v _135_/C (sky130_fd_sc_hd__or3_2)
     1    0.00    0.08    0.42    2.35 v _135_/X (sky130_fd_sc_hd__or3_2)
                                         _075_ (net)
                  0.08    0.00    2.35 v _136_/A (sky130_fd_sc_hd__inv_2)
     3    0.01    0.06    0.09    2.43 ^ _136_/Y (sky130_fd_sc_hd__inv_2)
                                         _076_ (net)
                  0.06    0.00    2.43 ^ _197_/A2 (sky130_fd_sc_hd__o21ai_2)
     1    0.00    0.03    0.05    2.48 v _197_/Y (sky130_fd_sc_hd__o21ai_2)
                                         _116_ (net)
                  0.03    0.00    2.48 v _250_/D (sky130_fd_sc_hd__dfrtp_2)
                                  2.48   data arrival time

                  0.00   10.00   10.00   clock clk (rise edge)
                          1.30   11.30   clock network delay (ideal)
                         -0.30   11.00   clock uncertainty
                          0.00   11.00   clock reconvergence pessimism
                                 11.00 ^ _250_/CLK (sky130_fd_sc_hd__dfrtp_2)
                         -0.12   10.88   library setup time
                                 10.88   data required time
-----------------------------------------------------------------------------
                                 10.88   data required time
                                 -2.48   data arrival time
-----------------------------------------------------------------------------
                                  8.40   slack (MET)


Startpoint: _246_ (rising edge-triggered flip-flop clocked by clk)
Endpoint: _252_ (rising edge-triggered flip-flop clocked by clk)
Path Group: clk
Path Type: max

Fanout     Cap    Slew   Delay    Time   Description
-----------------------------------------------------------------------------
                  0.00    0.00    0.00   clock clk (rise edge)
                          1.30    1.30   clock network delay (ideal)
                  0.00    0.00    1.30 ^ _246_/CLK (sky130_fd_sc_hd__dfrtp_2)
     3    0.01    0.06    0.39    1.69 v _246_/Q (sky130_fd_sc_hd__dfrtp_2)
                                         seq_timer[6] (net)
                  0.06    0.00    1.69 v _121_/A (sky130_fd_sc_hd__nor2_2)
     2    0.01    0.13    0.15    1.84 ^ _121_/Y (sky130_fd_sc_hd__nor2_2)
                                         _061_ (net)
                  0.13    0.00    1.84 ^ _134_/B (sky130_fd_sc_hd__nand3_2)
     2    0.01    0.07    0.09    1.93 v _134_/Y (sky130_fd_sc_hd__nand3_2)
                                         _074_ (net)
                  0.07    0.00    1.93 v _135_/C (sky130_fd_sc_hd__or3_2)
     1    0.00    0.08    0.42    2.35 v _135_/X (sky130_fd_sc_hd__or3_2)
                                         _075_ (net)
                  0.08    0.00    2.35 v _136_/A (sky130_fd_sc_hd__inv_2)
     3    0.01    0.06    0.09    2.43 ^ _136_/Y (sky130_fd_sc_hd__inv_2)
                                         _076_ (net)
                  0.06    0.00    2.43 ^ _137_/B (sky130_fd_sc_hd__nor2_2)
     1    0.00    0.02    0.03    2.46 v _137_/Y (sky130_fd_sc_hd__nor2_2)
                                         _114_ (net)
                  0.02    0.00    2.46 v _252_/D (sky130_fd_sc_hd__dfrtp_2)
                                  2.46   data arrival time

                  0.00   10.00   10.00   clock clk (rise edge)
                          1.30   11.30   clock network delay (ideal)
                         -0.30   11.00   clock uncertainty
                          0.00   11.00   clock reconvergence pessimism
                                 11.00 ^ _252_/CLK (sky130_fd_sc_hd__dfrtp_2)
                         -0.12   10.88   library setup time
                                 10.88   data required time
-----------------------------------------------------------------------------
                                 10.88   data required time
                                 -2.46   data arrival time
-----------------------------------------------------------------------------
                                  8.42   slack (MET)


Startpoint: _257_ (rising edge-triggered flip-flop clocked by clk)
Endpoint: _256_ (rising edge-triggered flip-flop clocked by clk)
Path Group: clk
Path Type: max

Fanout     Cap    Slew   Delay    Time   Description
-----------------------------------------------------------------------------
                  0.00    0.00    0.00   clock clk (rise edge)
                          1.30    1.30   clock network delay (ideal)
                  0.00    0.00    1.30 ^ _257_/CLK (sky130_fd_sc_hd__dfrtp_2)
     3    0.01    0.06    0.39    1.69 v _257_/Q (sky130_fd_sc_hd__dfrtp_2)
                                         curr_state[1] (net)
                  0.06    0.00    1.69 v _126_/A (sky130_fd_sc_hd__buf_2)
     8    0.03    0.08    0.18    1.87 v _126_/X (sky130_fd_sc_hd__buf_2)
                                         _066_ (net)
                  0.08    0.00    1.87 v _146_/B (sky130_fd_sc_hd__nor2_2)
     2    0.01    0.13    0.13    2.00 ^ _146_/Y (sky130_fd_sc_hd__nor2_2)
                                         _084_ (net)
                  0.13    0.00    2.00 ^ _148_/B (sky130_fd_sc_hd__nand3_2)
     1    0.00    0.06    0.09    2.09 v _148_/Y (sky130_fd_sc_hd__nand3_2)
                                         _086_ (net)
                  0.06    0.00    2.09 v _149_/B (sky130_fd_sc_hd__nand2_2)
     1    0.00    0.05    0.07    2.16 ^ _149_/Y (sky130_fd_sc_hd__nand2_2)
                                         _087_ (net)
                  0.05    0.00    2.16 ^ _151_/A (sky130_fd_sc_hd__nand2_2)
     1    0.00    0.03    0.04    2.20 v _151_/Y (sky130_fd_sc_hd__nand2_2)
                                         _089_ (net)
                  0.03    0.00    2.20 v _154_/A (sky130_fd_sc_hd__nand2_2)
     2    0.01    0.07    0.06    2.26 ^ _154_/Y (sky130_fd_sc_hd__nand2_2)
                                         _092_ (net)
                  0.07    0.00    2.26 ^ _156_/A (sky130_fd_sc_hd__nand2_2)
     2    0.01    0.05    0.06    2.32 v _156_/Y (sky130_fd_sc_hd__nand2_2)
                                         _094_ (net)
                  0.05    0.00    2.32 v _157_/A (sky130_fd_sc_hd__inv_2)
     1    0.00    0.02    0.04    2.36 ^ _157_/Y (sky130_fd_sc_hd__inv_2)
                                         next_state[0] (net)
                  0.02    0.00    2.36 ^ _256_/D (sky130_fd_sc_hd__dfrtp_2)
                                  2.36   data arrival time

                  0.00   10.00   10.00   clock clk (rise edge)
                          1.30   11.30   clock network delay (ideal)
                         -0.30   11.00   clock uncertainty
                          0.00   11.00   clock reconvergence pessimism
                                 11.00 ^ _256_/CLK (sky130_fd_sc_hd__dfrtp_2)
                         -0.06   10.94   library setup time
                                 10.94   data required time
-----------------------------------------------------------------------------
                                 10.94   data required time
                                 -2.36   data arrival time
-----------------------------------------------------------------------------
                                  8.57   slack (MET)


Startpoint: _246_ (rising edge-triggered flip-flop clocked by clk)
Endpoint: _251_ (rising edge-triggered flip-flop clocked by clk)
Path Group: clk
Path Type: max

Fanout     Cap    Slew   Delay    Time   Description
-----------------------------------------------------------------------------
                  0.00    0.00    0.00   clock clk (rise edge)
                          1.30    1.30   clock network delay (ideal)
                  0.00    0.00    1.30 ^ _246_/CLK (sky130_fd_sc_hd__dfrtp_2)
     3    0.01    0.06    0.39    1.69 v _246_/Q (sky130_fd_sc_hd__dfrtp_2)
                                         seq_timer[6] (net)
                  0.06    0.00    1.69 v _121_/A (sky130_fd_sc_hd__nor2_2)
     2    0.01    0.13    0.15    1.84 ^ _121_/Y (sky130_fd_sc_hd__nor2_2)
                                         _061_ (net)
                  0.13    0.00    1.84 ^ _122_/B (sky130_fd_sc_hd__nand2_2)
     3    0.01    0.07    0.09    1.93 v _122_/Y (sky130_fd_sc_hd__nand2_2)
                                         _062_ (net)
                  0.07    0.00    1.93 v _123_/B (sky130_fd_sc_hd__nor2_2)
     3    0.01    0.15    0.15    2.08 ^ _123_/Y (sky130_fd_sc_hd__nor2_2)
                                         _063_ (net)
                  0.15    0.00    2.08 ^ _198_/C1 (sky130_fd_sc_hd__o211a_2)
     1    0.00    0.04    0.18    2.26 ^ _198_/X (sky130_fd_sc_hd__o211a_2)
                                         _003_ (net)
                  0.04    0.00    2.26 ^ _251_/D (sky130_fd_sc_hd__dfrtp_2)
                                  2.26   data arrival time

                  0.00   10.00   10.00   clock clk (rise edge)
                          1.30   11.30   clock network delay (ideal)
                         -0.30   11.00   clock uncertainty
                          0.00   11.00   clock reconvergence pessimism
                                 11.00 ^ _251_/CLK (sky130_fd_sc_hd__dfrtp_2)
                         -0.07   10.93   library setup time
                                 10.93   data required time
-----------------------------------------------------------------------------
                                 10.93   data required time
                                 -2.26   data arrival time
-----------------------------------------------------------------------------
                                  8.67   slack (MET)


Startpoint: _258_ (rising edge-triggered flip-flop clocked by clk)
Endpoint: _239_ (rising edge-triggered flip-flop clocked by clk)
Path Group: clk
Path Type: max

Fanout     Cap    Slew   Delay    Time   Description
-----------------------------------------------------------------------------
                  0.00    0.00    0.00   clock clk (rise edge)
                          1.30    1.30   clock network delay (ideal)
                  0.00    0.00    1.30 ^ _258_/CLK (sky130_fd_sc_hd__dfrtp_2)
     8    0.04    0.12    0.47    1.77 v _258_/Q (sky130_fd_sc_hd__dfrtp_2)
                                         curr_state[2] (net)
                  0.12    0.00    1.77 v _124_/A (sky130_fd_sc_hd__inv_6)
     6    0.04    0.09    0.13    1.89 ^ _124_/Y (sky130_fd_sc_hd__inv_6)
                                         _064_ (net)
                  0.09    0.00    1.89 ^ _180_/A (sky130_fd_sc_hd__nand2_2)
     2    0.01    0.06    0.07    1.96 v _180_/Y (sky130_fd_sc_hd__nand2_2)
                                         _016_ (net)
                  0.06    0.00    1.96 v _189_/B (sky130_fd_sc_hd__nor2_2)
     2    0.01    0.13    0.12    2.08 ^ _189_/Y (sky130_fd_sc_hd__nor2_2)
                                         _022_ (net)
                  0.13    0.00    2.08 ^ _190_/A (sky130_fd_sc_hd__inv_2)
     1    0.00    0.03    0.03    2.12 v _190_/Y (sky130_fd_sc_hd__inv_2)
                                         _001_ (net)
                  0.03    0.00    2.12 v _239_/D (sky130_fd_sc_hd__dfstp_2)
                                  2.12   data arrival time

                  0.00   10.00   10.00   clock clk (rise edge)
                          1.30   11.30   clock network delay (ideal)
                         -0.30   11.00   clock uncertainty
                          0.00   11.00   clock reconvergence pessimism
                                 11.00 ^ _239_/CLK (sky130_fd_sc_hd__dfstp_2)
                         -0.08   10.92   library setup time
                                 10.92   data required time
-----------------------------------------------------------------------------
                                 10.92   data required time
                                 -2.12   data arrival time
-----------------------------------------------------------------------------
                                  8.81   slack (MET)


Startpoint: _257_ (rising edge-triggered flip-flop clocked by clk)
Endpoint: _248_ (rising edge-triggered flip-flop clocked by clk)
Path Group: clk
Path Type: max

Fanout     Cap    Slew   Delay    Time   Description
-----------------------------------------------------------------------------
                  0.00    0.00    0.00   clock clk (rise edge)
                          1.30    1.30   clock network delay (ideal)
                  0.00    0.00    1.30 ^ _257_/CLK (sky130_fd_sc_hd__dfrtp_2)
     3    0.01    0.06    0.39    1.69 v _257_/Q (sky130_fd_sc_hd__dfrtp_2)
                                         curr_state[1] (net)
                  0.06    0.00    1.69 v _126_/A (sky130_fd_sc_hd__buf_2)
     8    0.03    0.08    0.18    1.87 v _126_/X (sky130_fd_sc_hd__buf_2)
                                         _066_ (net)
                  0.08    0.00    1.87 v _188_/A2 (sky130_fd_sc_hd__o21a_2)
     1    0.00    0.03    0.20    2.07 v _188_/X (sky130_fd_sc_hd__o21a_2)
                                         _000_ (net)
                  0.03    0.00    2.07 v _248_/D (sky130_fd_sc_hd__dfrtp_2)
                                  2.07   data arrival time

                  0.00   10.00   10.00   clock clk (rise edge)
                          1.30   11.30   clock network delay (ideal)
                         -0.30   11.00   clock uncertainty
                          0.00   11.00   clock reconvergence pessimism
                                 11.00 ^ _248_/CLK (sky130_fd_sc_hd__dfrtp_2)
                         -0.12   10.88   library setup time
                                 10.88   data required time
-----------------------------------------------------------------------------
                                 10.88   data required time
                                 -2.07   data arrival time
-----------------------------------------------------------------------------
                                  8.81   slack (MET)


Startpoint: _257_ (rising edge-triggered flip-flop clocked by clk)
Endpoint: _254_ (rising edge-triggered flip-flop clocked by clk)
Path Group: clk
Path Type: max

Fanout     Cap    Slew   Delay    Time   Description
-----------------------------------------------------------------------------
                  0.00    0.00    0.00   clock clk (rise edge)
                          1.30    1.30   clock network delay (ideal)
                  0.00    0.00    1.30 ^ _257_/CLK (sky130_fd_sc_hd__dfrtp_2)
     3    0.01    0.06    0.39    1.69 v _257_/Q (sky130_fd_sc_hd__dfrtp_2)
                                         curr_state[1] (net)
                  0.06    0.00    1.69 v _126_/A (sky130_fd_sc_hd__buf_2)
     8    0.03    0.08    0.18    1.87 v _126_/X (sky130_fd_sc_hd__buf_2)
                                         _066_ (net)
                  0.08    0.00    1.87 v _191_/A2 (sky130_fd_sc_hd__a21oi_2)
     1    0.00    0.07    0.13    2.00 ^ _191_/Y (sky130_fd_sc_hd__a21oi_2)
                                         _112_ (net)
                  0.07    0.00    2.00 ^ _254_/D (sky130_fd_sc_hd__dfrtp_2)
                                  2.00   data arrival time

                  0.00   10.00   10.00   clock clk (rise edge)
                          1.30   11.30   clock network delay (ideal)
                         -0.30   11.00   clock uncertainty
                          0.00   11.00   clock reconvergence pessimism
                                 11.00 ^ _254_/CLK (sky130_fd_sc_hd__dfrtp_2)
                         -0.08   10.92   library setup time
                                 10.92   data required time
-----------------------------------------------------------------------------
                                 10.92   data required time
                                 -2.00   data arrival time
-----------------------------------------------------------------------------
                                  8.92   slack (MET)


Startpoint: _258_ (rising edge-triggered flip-flop clocked by clk)
Endpoint: _249_ (rising edge-triggered flip-flop clocked by clk)
Path Group: clk
Path Type: max

Fanout     Cap    Slew   Delay    Time   Description
-----------------------------------------------------------------------------
                  0.00    0.00    0.00   clock clk (rise edge)
                          1.30    1.30   clock network delay (ideal)
                  0.00    0.00    1.30 ^ _258_/CLK (sky130_fd_sc_hd__dfrtp_2)
     8    0.04    0.12    0.47    1.77 v _258_/Q (sky130_fd_sc_hd__dfrtp_2)
                                         curr_state[2] (net)
                  0.12    0.00    1.77 v _183_/A (sky130_fd_sc_hd__nor2_2)
     2    0.01    0.10    0.15    1.92 ^ _183_/Y (sky130_fd_sc_hd__nor2_2)
                                         _002_ (net)
                  0.10    0.00    1.92 ^ _249_/D (sky130_fd_sc_hd__dfrtp_2)
                                  1.92   data arrival time

                  0.00   10.00   10.00   clock clk (rise edge)
                          1.30   11.30   clock network delay (ideal)
                         -0.30   11.00   clock uncertainty
                          0.00   11.00   clock reconvergence pessimism
                                 11.00 ^ _249_/CLK (sky130_fd_sc_hd__dfrtp_2)
                         -0.08   10.92   library setup time
                                 10.92   data required time
-----------------------------------------------------------------------------
                                 10.92   data required time
                                 -1.92   data arrival time
-----------------------------------------------------------------------------
                                  9.00   slack (MET)


Startpoint: _259_ (rising edge-triggered flip-flop clocked by clk)
Endpoint: _263_ (rising edge-triggered flip-flop clocked by clk)
Path Group: clk
Path Type: max

Fanout     Cap    Slew   Delay    Time   Description
-----------------------------------------------------------------------------
                  0.00    0.00    0.00   clock clk (rise edge)
                          1.30    1.30   clock network delay (ideal)
                  0.00    0.00    1.30 ^ _259_/CLK (sky130_fd_sc_hd__dfrtp_2)
     1    0.00    0.04    0.36    1.66 v _259_/Q (sky130_fd_sc_hd__dfrtp_2)
                                         sync_stage1[0] (net)
                  0.04    0.00    1.66 v _263_/D (sky130_fd_sc_hd__dfrtp_2)
                                  1.66   data arrival time

                  0.00   10.00   10.00   clock clk (rise edge)
                          1.30   11.30   clock network delay (ideal)
                         -0.30   11.00   clock uncertainty
                          0.00   11.00   clock reconvergence pessimism
                                 11.00 ^ _263_/CLK (sky130_fd_sc_hd__dfrtp_2)
                         -0.12   10.88   library setup time
                                 10.88   data required time
-----------------------------------------------------------------------------
                                 10.88   data required time
                                 -1.66   data arrival time
-----------------------------------------------------------------------------
                                  9.22   slack (MET)


Startpoint: _260_ (rising edge-triggered flip-flop clocked by clk)
Endpoint: _264_ (rising edge-triggered flip-flop clocked by clk)
Path Group: clk
Path Type: max

Fanout     Cap    Slew   Delay    Time   Description
-----------------------------------------------------------------------------
                  0.00    0.00    0.00   clock clk (rise edge)
                          1.30    1.30   clock network delay (ideal)
                  0.00    0.00    1.30 ^ _260_/CLK (sky130_fd_sc_hd__dfrtp_2)
     1    0.00    0.04    0.36    1.66 v _260_/Q (sky130_fd_sc_hd__dfrtp_2)
                                         sync_stage1[1] (net)
                  0.04    0.00    1.66 v _264_/D (sky130_fd_sc_hd__dfrtp_2)
                                  1.66   data arrival time

                  0.00   10.00   10.00   clock clk (rise edge)
                          1.30   11.30   clock network delay (ideal)
                         -0.30   11.00   clock uncertainty
                          0.00   11.00   clock reconvergence pessimism
                                 11.00 ^ _264_/CLK (sky130_fd_sc_hd__dfrtp_2)
                         -0.12   10.88   library setup time
                                 10.88   data required time
-----------------------------------------------------------------------------
                                 10.88   data required time
                                 -1.66   data arrival time
-----------------------------------------------------------------------------
                                  9.22   slack (MET)


Startpoint: _261_ (rising edge-triggered flip-flop clocked by clk)
Endpoint: _265_ (rising edge-triggered flip-flop clocked by clk)
Path Group: clk
Path Type: max

Fanout     Cap    Slew   Delay    Time   Description
-----------------------------------------------------------------------------
                  0.00    0.00    0.00   clock clk (rise edge)
                          1.30    1.30   clock network delay (ideal)
                  0.00    0.00    1.30 ^ _261_/CLK (sky130_fd_sc_hd__dfrtp_2)
     1    0.00    0.04    0.36    1.66 v _261_/Q (sky130_fd_sc_hd__dfrtp_2)
                                         sync_stage1[2] (net)
                  0.04    0.00    1.66 v _265_/D (sky130_fd_sc_hd__dfrtp_2)
                                  1.66   data arrival time

                  0.00   10.00   10.00   clock clk (rise edge)
                          1.30   11.30   clock network delay (ideal)
                         -0.30   11.00   clock uncertainty
                          0.00   11.00   clock reconvergence pessimism
                                 11.00 ^ _265_/CLK (sky130_fd_sc_hd__dfrtp_2)
                         -0.12   10.88   library setup time
                                 10.88   data required time
-----------------------------------------------------------------------------
                                 10.88   data required time
                                 -1.66   data arrival time
-----------------------------------------------------------------------------
                                  9.22   slack (MET)


Startpoint: _262_ (rising edge-triggered flip-flop clocked by clk)
Endpoint: _266_ (rising edge-triggered flip-flop clocked by clk)
Path Group: clk
Path Type: max

Fanout     Cap    Slew   Delay    Time   Description
-----------------------------------------------------------------------------
                  0.00    0.00    0.00   clock clk (rise edge)
                          1.30    1.30   clock network delay (ideal)
                  0.00    0.00    1.30 ^ _262_/CLK (sky130_fd_sc_hd__dfrtp_2)
     1    0.00    0.04    0.36    1.66 v _262_/Q (sky130_fd_sc_hd__dfrtp_2)
                                         sync_stage1[3] (net)
                  0.04    0.00    1.66 v _266_/D (sky130_fd_sc_hd__dfrtp_2)
                                  1.66   data arrival time

                  0.00   10.00   10.00   clock clk (rise edge)
                          1.30   11.30   clock network delay (ideal)
                         -0.30   11.00   clock uncertainty
                          0.00   11.00   clock reconvergence pessimism
                                 11.00 ^ _266_/CLK (sky130_fd_sc_hd__dfrtp_2)
                         -0.12   10.88   library setup time
                                 10.88   data required time
-----------------------------------------------------------------------------
                                 10.88   data required time
                                 -1.66   data arrival time
-----------------------------------------------------------------------------
                                  9.22   slack (MET)



worst slack corner Typical: 4.1894
