
===========================================================================
report_checks -path_delay min (Hold)
============================================================================
======================= Typical Corner ===================================

Startpoint: _259_ (rising edge-triggered flip-flop clocked by clk)
Endpoint: _263_ (rising edge-triggered flip-flop clocked by clk)
Path Group: clk
Path Type: min

Fanout     Cap    Slew   Delay    Time   Description
-----------------------------------------------------------------------------
                  0.00    0.00    0.00   clock clk (rise edge)
                          1.30    1.30   clock network delay (ideal)
                  0.00    0.00    1.30 ^ _259_/CLK (sky130_fd_sc_hd__dfrtp_2)
     1    0.00    0.04    0.31    1.61 ^ _259_/Q (sky130_fd_sc_hd__dfrtp_2)
                                         sync_stage1[0] (net)
                  0.04    0.00    1.61 ^ _263_/D (sky130_fd_sc_hd__dfrtp_2)
                                  1.61   data arrival time

                  0.00    0.00    0.00   clock clk (rise edge)
                          1.30    1.30   clock network delay (ideal)
                          0.10    1.40   clock uncertainty
                          0.00    1.40   clock reconvergence pessimism
                                  1.40 ^ _263_/CLK (sky130_fd_sc_hd__dfrtp_2)
                         -0.04    1.36   library hold time
                                  1.36   data required time
-----------------------------------------------------------------------------
                                  1.36   data required time
                                 -1.61   data arrival time
-----------------------------------------------------------------------------
                                  0.25   slack (MET)


Startpoint: _260_ (rising edge-triggered flip-flop clocked by clk)
Endpoint: _264_ (rising edge-triggered flip-flop clocked by clk)
Path Group: clk
Path Type: min

Fanout     Cap    Slew   Delay    Time   Description
-----------------------------------------------------------------------------
                  0.00    0.00    0.00   clock clk (rise edge)
                          1.30    1.30   clock network delay (ideal)
                  0.00    0.00    1.30 ^ _260_/CLK (sky130_fd_sc_hd__dfrtp_2)
     1    0.00    0.04    0.31    1.61 ^ _260_/Q (sky130_fd_sc_hd__dfrtp_2)
                                         sync_stage1[1] (net)
                  0.04    0.00    1.61 ^ _264_/D (sky130_fd_sc_hd__dfrtp_2)
                                  1.61   data arrival time

                  0.00    0.00    0.00   clock clk (rise edge)
                          1.30    1.30   clock network delay (ideal)
                          0.10    1.40   clock uncertainty
                          0.00    1.40   clock reconvergence pessimism
                                  1.40 ^ _264_/CLK (sky130_fd_sc_hd__dfrtp_2)
                         -0.04    1.36   library hold time
                                  1.36   data required time
-----------------------------------------------------------------------------
                                  1.36   data required time
                                 -1.61   data arrival time
-----------------------------------------------------------------------------
                                  0.25   slack (MET)


Startpoint: _261_ (rising edge-triggered flip-flop clocked by clk)
Endpoint: _265_ (rising edge-triggered flip-flop clocked by clk)
Path Group: clk
Path Type: min

Fanout     Cap    Slew   Delay    Time   Description
-----------------------------------------------------------------------------
                  0.00    0.00    0.00   clock clk (rise edge)
                          1.30    1.30   clock network delay (ideal)
                  0.00    0.00    1.30 ^ _261_/CLK (sky130_fd_sc_hd__dfrtp_2)
     1    0.00    0.04    0.31    1.61 ^ _261_/Q (sky130_fd_sc_hd__dfrtp_2)
                                         sync_stage1[2] (net)
                  0.04    0.00    1.61 ^ _265_/D (sky130_fd_sc_hd__dfrtp_2)
                                  1.61   data arrival time

                  0.00    0.00    0.00   clock clk (rise edge)
                          1.30    1.30   clock network delay (ideal)
                          0.10    1.40   clock uncertainty
                          0.00    1.40   clock reconvergence pessimism
                                  1.40 ^ _265_/CLK (sky130_fd_sc_hd__dfrtp_2)
                         -0.04    1.36   library hold time
                                  1.36   data required time
-----------------------------------------------------------------------------
                                  1.36   data required time
                                 -1.61   data arrival time
-----------------------------------------------------------------------------
                                  0.25   slack (MET)


Startpoint: _262_ (rising edge-triggered flip-flop clocked by clk)
Endpoint: _266_ (rising edge-triggered flip-flop clocked by clk)
Path Group: clk
Path Type: min

Fanout     Cap    Slew   Delay    Time   Description
-----------------------------------------------------------------------------
                  0.00    0.00    0.00   clock clk (rise edge)
                          1.30    1.30   clock network delay (ideal)
                  0.00    0.00    1.30 ^ _262_/CLK (sky130_fd_sc_hd__dfrtp_2)
     1    0.00    0.04    0.31    1.61 ^ _262_/Q (sky130_fd_sc_hd__dfrtp_2)
                                         sync_stage1[3] (net)
                  0.04    0.00    1.61 ^ _266_/D (sky130_fd_sc_hd__dfrtp_2)
                                  1.61   data arrival time

                  0.00    0.00    0.00   clock clk (rise edge)
                          1.30    1.30   clock network delay (ideal)
                          0.10    1.40   clock uncertainty
                          0.00    1.40   clock reconvergence pessimism
                                  1.40 ^ _266_/CLK (sky130_fd_sc_hd__dfrtp_2)
                         -0.04    1.36   library hold time
                                  1.36   data required time
-----------------------------------------------------------------------------
                                  1.36   data required time
                                 -1.61   data arrival time
-----------------------------------------------------------------------------
                                  0.25   slack (MET)


Startpoint: _257_ (rising edge-triggered flip-flop clocked by clk)
Endpoint: _249_ (rising edge-triggered flip-flop clocked by clk)
Path Group: clk
Path Type: min

Fanout     Cap    Slew   Delay    Time   Description
-----------------------------------------------------------------------------
                  0.00    0.00    0.00   clock clk (rise edge)
                          1.30    1.30   clock network delay (ideal)
                  0.00    0.00    1.30 ^ _257_/CLK (sky130_fd_sc_hd__dfrtp_2)
     3    0.01    0.06    0.39    1.69 v _257_/Q (sky130_fd_sc_hd__dfrtp_2)
                                         curr_state[1] (net)
                  0.06    0.00    1.69 v _169_/A (sky130_fd_sc_hd__inv_2)
     2    0.01    0.04    0.06    1.75 ^ _169_/Y (sky130_fd_sc_hd__inv_2)
                                         _106_ (net)
                  0.04    0.00    1.75 ^ _183_/B (sky130_fd_sc_hd__nor2_2)
     2    0.01    0.02    0.03    1.78 v _183_/Y (sky130_fd_sc_hd__nor2_2)
                                         _002_ (net)
                  0.02    0.00    1.78 v _249_/D (sky130_fd_sc_hd__dfrtp_2)
                                  1.78   data arrival time

                  0.00    0.00    0.00   clock clk (rise edge)
                          1.30    1.30   clock network delay (ideal)
                          0.10    1.40   clock uncertainty
                          0.00    1.40   clock reconvergence pessimism
                                  1.40 ^ _249_/CLK (sky130_fd_sc_hd__dfrtp_2)
                         -0.04    1.36   library hold time
                                  1.36   data required time
-----------------------------------------------------------------------------
                                  1.36   data required time
                                 -1.78   data arrival time
-----------------------------------------------------------------------------
                                  0.43   slack (MET)


Startpoint: wake_up (input port clocked by clk)
Endpoint: _259_ (rising edge-triggered flip-flop clocked by clk)
Path Group: clk
Path Type: min

Fanout     Cap    Slew   Delay    Time   Description
-----------------------------------------------------------------------------
                  0.00    0.00    0.00   clock clk (rise edge)
                          1.30    1.30   clock network delay (ideal)
                          0.50    1.80 ^ input external delay
     1    0.00    0.02    0.01    1.81 ^ wake_up (in)
                                         wake_up (net)
                  0.02    0.00    1.81 ^ _259_/D (sky130_fd_sc_hd__dfrtp_2)
                                  1.81   data arrival time

                  0.00    0.00    0.00   clock clk (rise edge)
                          1.30    1.30   clock network delay (ideal)
                          0.10    1.40   clock uncertainty
                          0.00    1.40   clock reconvergence pessimism
                                  1.40 ^ _259_/CLK (sky130_fd_sc_hd__dfrtp_2)
                         -0.04    1.36   library hold time
                                  1.36   data required time
-----------------------------------------------------------------------------
                                  1.36   data required time
                                 -1.81   data arrival time
-----------------------------------------------------------------------------
                                  0.44   slack (MET)


Startpoint: req_off (input port clocked by clk)
Endpoint: _260_ (rising edge-triggered flip-flop clocked by clk)
Path Group: clk
Path Type: min

Fanout     Cap    Slew   Delay    Time   Description
-----------------------------------------------------------------------------
                  0.00    0.00    0.00   clock clk (rise edge)
                          1.30    1.30   clock network delay (ideal)
                          0.50    1.80 ^ input external delay
     1    0.00    0.02    0.01    1.81 ^ req_off (in)
                                         req_off (net)
                  0.02    0.00    1.81 ^ _260_/D (sky130_fd_sc_hd__dfrtp_2)
                                  1.81   data arrival time

                  0.00    0.00    0.00   clock clk (rise edge)
                          1.30    1.30   clock network delay (ideal)
                          0.10    1.40   clock uncertainty
                          0.00    1.40   clock reconvergence pessimism
                                  1.40 ^ _260_/CLK (sky130_fd_sc_hd__dfrtp_2)
                         -0.04    1.36   library hold time
                                  1.36   data required time
-----------------------------------------------------------------------------
                                  1.36   data required time
                                 -1.81   data arrival time
-----------------------------------------------------------------------------
                                  0.44   slack (MET)


Startpoint: req_sleep (input port clocked by clk)
Endpoint: _261_ (rising edge-triggered flip-flop clocked by clk)
Path Group: clk
Path Type: min

Fanout     Cap    Slew   Delay    Time   Description
-----------------------------------------------------------------------------
                  0.00    0.00    0.00   clock clk (rise edge)
                          1.30    1.30   clock network delay (ideal)
                          0.50    1.80 ^ input external delay
     1    0.00    0.02    0.01    1.81 ^ req_sleep (in)
                                         req_sleep (net)
                  0.02    0.00    1.81 ^ _261_/D (sky130_fd_sc_hd__dfrtp_2)
                                  1.81   data arrival time

                  0.00    0.00    0.00   clock clk (rise edge)
                          1.30    1.30   clock network delay (ideal)
                          0.10    1.40   clock uncertainty
                          0.00    1.40   clock reconvergence pessimism
                                  1.40 ^ _261_/CLK (sky130_fd_sc_hd__dfrtp_2)
                         -0.04    1.36   library hold time
                                  1.36   data required time
-----------------------------------------------------------------------------
                                  1.36   data required time
                                 -1.81   data arrival time
-----------------------------------------------------------------------------
                                  0.44   slack (MET)


Startpoint: req_idle (input port clocked by clk)
Endpoint: _262_ (rising edge-triggered flip-flop clocked by clk)
Path Group: clk
Path Type: min

Fanout     Cap    Slew   Delay    Time   Description
-----------------------------------------------------------------------------
                  0.00    0.00    0.00   clock clk (rise edge)
                          1.30    1.30   clock network delay (ideal)
                          0.50    1.80 ^ input external delay
     1    0.00    0.02    0.01    1.81 ^ req_idle (in)
                                         req_idle (net)
                  0.02    0.00    1.81 ^ _262_/D (sky130_fd_sc_hd__dfrtp_2)
                                  1.81   data arrival time

                  0.00    0.00    0.00   clock clk (rise edge)
                          1.30    1.30   clock network delay (ideal)
                          0.10    1.40   clock uncertainty
                          0.00    1.40   clock reconvergence pessimism
                                  1.40 ^ _262_/CLK (sky130_fd_sc_hd__dfrtp_2)
                         -0.04    1.36   library hold time
                                  1.36   data required time
-----------------------------------------------------------------------------
                                  1.36   data required time
                                 -1.81   data arrival time
-----------------------------------------------------------------------------
                                  0.44   slack (MET)


Startpoint: _247_ (rising edge-triggered flip-flop clocked by clk)
Endpoint: _247_ (rising edge-triggered flip-flop clocked by clk)
Path Group: clk
Path Type: min

Fanout     Cap    Slew   Delay    Time   Description
-----------------------------------------------------------------------------
                  0.00    0.00    0.00   clock clk (rise edge)
                          1.30    1.30   clock network delay (ideal)
                  0.00    0.00    1.30 ^ _247_/CLK (sky130_fd_sc_hd__dfrtp_2)
     2    0.01    0.09    0.36    1.66 ^ _247_/Q (sky130_fd_sc_hd__dfrtp_2)
                                         seq_timer[7] (net)
                  0.09    0.00    1.66 ^ _237_/A (sky130_fd_sc_hd__xor2_2)
     1    0.01    0.04    0.09    1.75 v _237_/X (sky130_fd_sc_hd__xor2_2)
                                         _056_ (net)
                  0.04    0.00    1.75 v _238_/A (sky130_fd_sc_hd__nor2_4)
     1    0.00    0.05    0.08    1.83 ^ _238_/Y (sky130_fd_sc_hd__nor2_4)
                                         _011_ (net)
                  0.05    0.00    1.83 ^ _247_/D (sky130_fd_sc_hd__dfrtp_2)
                                  1.83   data arrival time

                  0.00    0.00    0.00   clock clk (rise edge)
                          1.30    1.30   clock network delay (ideal)
                          0.10    1.40   clock uncertainty
                          0.00    1.40   clock reconvergence pessimism
                                  1.40 ^ _247_/CLK (sky130_fd_sc_hd__dfrtp_2)
                         -0.04    1.36   library hold time
                                  1.36   data required time
-----------------------------------------------------------------------------
                                  1.36   data required time
                                 -1.83   data arrival time
-----------------------------------------------------------------------------
                                  0.48   slack (MET)


Startpoint: _258_ (rising edge-triggered flip-flop clocked by clk)
Endpoint: _254_ (rising edge-triggered flip-flop clocked by clk)
Path Group: clk
Path Type: min

Fanout     Cap    Slew   Delay    Time   Description
-----------------------------------------------------------------------------
                  0.00    0.00    0.00   clock clk (rise edge)
                          1.30    1.30   clock network delay (ideal)
                  0.00    0.00    1.30 ^ _258_/CLK (sky130_fd_sc_hd__dfrtp_2)
     8    0.04    0.22    0.47    1.77 ^ _258_/Q (sky130_fd_sc_hd__dfrtp_2)
                                         curr_state[2] (net)
                  0.22    0.00    1.77 ^ _191_/A1 (sky130_fd_sc_hd__a21oi_2)
     1    0.00    0.03    0.07    1.84 v _191_/Y (sky130_fd_sc_hd__a21oi_2)
                                         _112_ (net)
                  0.03    0.00    1.84 v _254_/D (sky130_fd_sc_hd__dfrtp_2)
                                  1.84   data arrival time

                  0.00    0.00    0.00   clock clk (rise edge)
                          1.30    1.30   clock network delay (ideal)
                          0.10    1.40   clock uncertainty
                          0.00    1.40   clock reconvergence pessimism
                                  1.40 ^ _254_/CLK (sky130_fd_sc_hd__dfrtp_2)
                         -0.05    1.35   library hold time
                                  1.35   data required time
-----------------------------------------------------------------------------
                                  1.35   data required time
                                 -1.84   data arrival time
-----------------------------------------------------------------------------
                                  0.48   slack (MET)


Startpoint: _256_ (rising edge-triggered flip-flop clocked by clk)
Endpoint: _239_ (rising edge-triggered flip-flop clocked by clk)
Path Group: clk
Path Type: min

Fanout     Cap    Slew   Delay    Time   Description
-----------------------------------------------------------------------------
                  0.00    0.00    0.00   clock clk (rise edge)
                          1.30    1.30   clock network delay (ideal)
                  0.00    0.00    1.30 ^ _256_/CLK (sky130_fd_sc_hd__dfrtp_2)
     8    0.04    0.19    0.44    1.74 ^ _256_/Q (sky130_fd_sc_hd__dfrtp_2)
                                         curr_state[0] (net)
                  0.19    0.00    1.74 ^ _189_/A (sky130_fd_sc_hd__nor2_2)
     2    0.01    0.03    0.08    1.82 v _189_/Y (sky130_fd_sc_hd__nor2_2)
                                         _022_ (net)
                  0.03    0.00    1.82 v _190_/A (sky130_fd_sc_hd__inv_2)
     1    0.00    0.02    0.03    1.85 ^ _190_/Y (sky130_fd_sc_hd__inv_2)
                                         _001_ (net)
                  0.02    0.00    1.85 ^ _239_/D (sky130_fd_sc_hd__dfstp_2)
                                  1.85   data arrival time

                  0.00    0.00    0.00   clock clk (rise edge)
                          1.30    1.30   clock network delay (ideal)
                          0.10    1.40   clock uncertainty
                          0.00    1.40   clock reconvergence pessimism
                                  1.40 ^ _239_/CLK (sky130_fd_sc_hd__dfstp_2)
                         -0.03    1.37   library hold time
                                  1.37   data required time
-----------------------------------------------------------------------------
                                  1.37   data required time
                                 -1.85   data arrival time
-----------------------------------------------------------------------------
                                  0.49   slack (MET)


Startpoint: _246_ (rising edge-triggered flip-flop clocked by clk)
Endpoint: _246_ (rising edge-triggered flip-flop clocked by clk)
Path Group: clk
Path Type: min

Fanout     Cap    Slew   Delay    Time   Description
-----------------------------------------------------------------------------
                  0.00    0.00    0.00   clock clk (rise edge)
                          1.30    1.30   clock network delay (ideal)
                  0.00    0.00    1.30 ^ _246_/CLK (sky130_fd_sc_hd__dfrtp_2)
     3    0.01    0.07    0.35    1.65 ^ _246_/Q (sky130_fd_sc_hd__dfrtp_2)
                                         seq_timer[6] (net)
                  0.07    0.00    1.65 ^ _234_/B (sky130_fd_sc_hd__nand2_2)
     2    0.01    0.06    0.08    1.73 v _234_/Y (sky130_fd_sc_hd__nand2_2)
                                         _054_ (net)
                  0.06    0.00    1.73 v _235_/B (sky130_fd_sc_hd__nand2_2)
     1    0.01    0.06    0.09    1.81 ^ _235_/Y (sky130_fd_sc_hd__nand2_2)
                                         _055_ (net)
                  0.06    0.00    1.81 ^ _236_/A (sky130_fd_sc_hd__nor2_4)
     1    0.00    0.02    0.03    1.85 v _236_/Y (sky130_fd_sc_hd__nor2_4)
                                         _010_ (net)
                  0.02    0.00    1.85 v _246_/D (sky130_fd_sc_hd__dfrtp_2)
                                  1.85   data arrival time

                  0.00    0.00    0.00   clock clk (rise edge)
                          1.30    1.30   clock network delay (ideal)
                          0.10    1.40   clock uncertainty
                          0.00    1.40   clock reconvergence pessimism
                                  1.40 ^ _246_/CLK (sky130_fd_sc_hd__dfrtp_2)
                         -0.04    1.36   library hold time
                                  1.36   data required time
-----------------------------------------------------------------------------
                                  1.36   data required time
                                 -1.85   data arrival time
-----------------------------------------------------------------------------
                                  0.49   slack (MET)


Startpoint: _240_ (rising edge-triggered flip-flop clocked by clk)
Endpoint: _251_ (rising edge-triggered flip-flop clocked by clk)
Path Group: clk
Path Type: min

Fanout     Cap    Slew   Delay    Time   Description
-----------------------------------------------------------------------------
                  0.00    0.00    0.00   clock clk (rise edge)
                          1.30    1.30   clock network delay (ideal)
                  0.00    0.00    1.30 ^ _240_/CLK (sky130_fd_sc_hd__dfrtp_2)
     5    0.02    0.13    0.39    1.69 ^ _240_/Q (sky130_fd_sc_hd__dfrtp_2)
                                         seq_timer[0] (net)
                  0.13    0.00    1.69 ^ _198_/A2 (sky130_fd_sc_hd__o211a_2)
     1    0.00    0.04    0.17    1.86 ^ _198_/X (sky130_fd_sc_hd__o211a_2)
                                         _003_ (net)
                  0.04    0.00    1.86 ^ _251_/D (sky130_fd_sc_hd__dfrtp_2)
                                  1.86   data arrival time

                  0.00    0.00    0.00   clock clk (rise edge)
                          1.30    1.30   clock network delay (ideal)
                          0.10    1.40   clock uncertainty
                          0.00    1.40   clock reconvergence pessimism
                                  1.40 ^ _251_/CLK (sky130_fd_sc_hd__dfrtp_2)
                         -0.04    1.36   library hold time
                                  1.36   data required time
-----------------------------------------------------------------------------
                                  1.36   data required time
                                 -1.86   data arrival time
-----------------------------------------------------------------------------
                                  0.50   slack (MET)


Startpoint: _240_ (rising edge-triggered flip-flop clocked by clk)
Endpoint: _240_ (rising edge-triggered flip-flop clocked by clk)
Path Group: clk
Path Type: min

Fanout     Cap    Slew   Delay    Time   Description
-----------------------------------------------------------------------------
                  0.00    0.00    0.00   clock clk (rise edge)
                          1.30    1.30   clock network delay (ideal)
                  0.00    0.00    1.30 ^ _240_/CLK (sky130_fd_sc_hd__dfrtp_2)
     5    0.02    0.13    0.39    1.69 ^ _240_/Q (sky130_fd_sc_hd__dfrtp_2)
                                         seq_timer[0] (net)
                  0.13    0.00    1.69 ^ _202_/B (sky130_fd_sc_hd__nand2_4)
     3    0.01    0.04    0.07    1.76 v _202_/Y (sky130_fd_sc_hd__nand2_4)
                                         _028_ (net)
                  0.04    0.00    1.76 v _203_/B (sky130_fd_sc_hd__nand2_2)
     1    0.01    0.06    0.08    1.84 ^ _203_/Y (sky130_fd_sc_hd__nand2_2)
                                         _029_ (net)
                  0.06    0.00    1.84 ^ _210_/A (sky130_fd_sc_hd__nor2_4)
     1    0.00    0.02    0.03    1.87 v _210_/Y (sky130_fd_sc_hd__nor2_4)
                                         _004_ (net)
                  0.02    0.00    1.87 v _240_/D (sky130_fd_sc_hd__dfrtp_2)
                                  1.87   data arrival time

                  0.00    0.00    0.00   clock clk (rise edge)
                          1.30    1.30   clock network delay (ideal)
                          0.10    1.40   clock uncertainty
                          0.00    1.40   clock reconvergence pessimism
                                  1.40 ^ _240_/CLK (sky130_fd_sc_hd__dfrtp_2)
                         -0.04    1.36   library hold time
                                  1.36   data required time
-----------------------------------------------------------------------------
                                  1.36   data required time
                                 -1.87   data arrival time
-----------------------------------------------------------------------------
                                  0.52   slack (MET)


Startpoint: _263_ (rising edge-triggered flip-flop clocked by clk)
Endpoint: _256_ (rising edge-triggered flip-flop clocked by clk)
Path Group: clk
Path Type: min

Fanout     Cap    Slew   Delay    Time   Description
-----------------------------------------------------------------------------
                  0.00    0.00    0.00   clock clk (rise edge)
                          1.30    1.30   clock network delay (ideal)
                  0.00    0.00    1.30 ^ _263_/CLK (sky130_fd_sc_hd__dfrtp_2)
     2    0.01    0.06    0.34    1.64 ^ _263_/Q (sky130_fd_sc_hd__dfrtp_2)
                                         wake_up_sync (net)
                  0.06    0.00    1.64 ^ _150_/A (sky130_fd_sc_hd__inv_2)
     3    0.01    0.03    0.05    1.69 v _150_/Y (sky130_fd_sc_hd__inv_2)
                                         _088_ (net)
                  0.03    0.00    1.69 v _151_/B (sky130_fd_sc_hd__nand2_2)
     1    0.00    0.04    0.06    1.74 ^ _151_/Y (sky130_fd_sc_hd__nand2_2)
                                         _089_ (net)
                  0.04    0.00    1.74 ^ _154_/A (sky130_fd_sc_hd__nand2_2)
     2    0.01    0.04    0.05    1.79 v _154_/Y (sky130_fd_sc_hd__nand2_2)
                                         _092_ (net)
                  0.04    0.00    1.79 v _156_/A (sky130_fd_sc_hd__nand2_2)
     2    0.01    0.06    0.07    1.86 ^ _156_/Y (sky130_fd_sc_hd__nand2_2)
                                         _094_ (net)
                  0.06    0.00    1.86 ^ _157_/A (sky130_fd_sc_hd__inv_2)
     1    0.00    0.02    0.03    1.89 v _157_/Y (sky130_fd_sc_hd__inv_2)
                                         next_state[0] (net)
                  0.02    0.00    1.89 v _256_/D (sky130_fd_sc_hd__dfrtp_2)
                                  1.89   data arrival time

                  0.00    0.00    0.00   clock clk (rise edge)
                          1.30    1.30   clock network delay (ideal)
                          0.10    1.40   clock uncertainty
                          0.00    1.40   clock reconvergence pessimism
                                  1.40 ^ _256_/CLK (sky130_fd_sc_hd__dfrtp_2)
                         -0.04    1.36   library hold time
                                  1.36   data required time
-----------------------------------------------------------------------------
                                  1.36   data required time
                                 -1.89   data arrival time
-----------------------------------------------------------------------------
                                  0.53   slack (MET)


Startpoint: _257_ (rising edge-triggered flip-flop clocked by clk)
Endpoint: _253_ (rising edge-triggered flip-flop clocked by clk)
Path Group: clk
Path Type: min

Fanout     Cap    Slew   Delay    Time   Description
-----------------------------------------------------------------------------
                  0.00    0.00    0.00   clock clk (rise edge)
                          1.30    1.30   clock network delay (ideal)
                  0.00    0.00    1.30 ^ _257_/CLK (sky130_fd_sc_hd__dfrtp_2)
     3    0.01    0.08    0.35    1.65 ^ _257_/Q (sky130_fd_sc_hd__dfrtp_2)
                                         curr_state[1] (net)
                  0.08    0.00    1.65 ^ _138_/B (sky130_fd_sc_hd__nand2_2)
     3    0.01    0.05    0.07    1.73 v _138_/Y (sky130_fd_sc_hd__nand2_2)
                                         _077_ (net)
                  0.05    0.00    1.73 v _192_/B (sky130_fd_sc_hd__nor2_2)
     2    0.00    0.08    0.08    1.81 ^ _192_/Y (sky130_fd_sc_hd__nor2_2)
                                         _023_ (net)
                  0.08    0.00    1.81 ^ _196_/B1 (sky130_fd_sc_hd__a21o_2)
     1    0.00    0.02    0.09    1.90 ^ _196_/X (sky130_fd_sc_hd__a21o_2)
                                         _115_ (net)
                  0.02    0.00    1.90 ^ _253_/D (sky130_fd_sc_hd__dfrtp_2)
                                  1.90   data arrival time

                  0.00    0.00    0.00   clock clk (rise edge)
                          1.30    1.30   clock network delay (ideal)
                          0.10    1.40   clock uncertainty
                          0.00    1.40   clock reconvergence pessimism
                                  1.40 ^ _253_/CLK (sky130_fd_sc_hd__dfrtp_2)
                         -0.04    1.36   library hold time
                                  1.36   data required time
-----------------------------------------------------------------------------
                                  1.36   data required time
                                 -1.90   data arrival time
-----------------------------------------------------------------------------
                                  0.53   slack (MET)


Startpoint: _264_ (rising edge-triggered flip-flop clocked by clk)
Endpoint: _258_ (rising edge-triggered flip-flop clocked by clk)
Path Group: clk
Path Type: min

Fanout     Cap    Slew   Delay    Time   Description
-----------------------------------------------------------------------------
                  0.00    0.00    0.00   clock clk (rise edge)
                          1.30    1.30   clock network delay (ideal)
                  0.00    0.00    1.30 ^ _264_/CLK (sky130_fd_sc_hd__dfrtp_2)
     2    0.01    0.07    0.34    1.64 ^ _264_/Q (sky130_fd_sc_hd__dfrtp_2)
                                         req_off_sync (net)
                  0.07    0.00    1.64 ^ _184_/C (sky130_fd_sc_hd__nand3_2)
     1    0.00    0.05    0.07    1.72 v _184_/Y (sky130_fd_sc_hd__nand3_2)
                                         _019_ (net)
                  0.05    0.00    1.72 v _185_/C1 (sky130_fd_sc_hd__o211ai_2)
     2    0.01    0.08    0.08    1.80 ^ _185_/Y (sky130_fd_sc_hd__o211ai_2)
                                         _020_ (net)
                  0.08    0.00    1.80 ^ _186_/B1 (sky130_fd_sc_hd__a21oi_2)
     2    0.01    0.04    0.05    1.85 v _186_/Y (sky130_fd_sc_hd__a21oi_2)
                                         _021_ (net)
                  0.04    0.00    1.85 v _187_/B (sky130_fd_sc_hd__nand2_2)
     1    0.00    0.02    0.05    1.90 ^ _187_/Y (sky130_fd_sc_hd__nand2_2)
                                         next_state[2] (net)
                  0.02    0.00    1.90 ^ _258_/D (sky130_fd_sc_hd__dfrtp_2)
                                  1.90   data arrival time

                  0.00    0.00    0.00   clock clk (rise edge)
                          1.30    1.30   clock network delay (ideal)
                          0.10    1.40   clock uncertainty
                          0.00    1.40   clock reconvergence pessimism
                                  1.40 ^ _258_/CLK (sky130_fd_sc_hd__dfrtp_2)
                         -0.04    1.36   library hold time
                                  1.36   data required time
-----------------------------------------------------------------------------
                                  1.36   data required time
                                 -1.90   data arrival time
-----------------------------------------------------------------------------
                                  0.53   slack (MET)


Startpoint: _256_ (rising edge-triggered flip-flop clocked by clk)
Endpoint: _248_ (rising edge-triggered flip-flop clocked by clk)
Path Group: clk
Path Type: min

Fanout     Cap    Slew   Delay    Time   Description
-----------------------------------------------------------------------------
                  0.00    0.00    0.00   clock clk (rise edge)
                          1.30    1.30   clock network delay (ideal)
                  0.00    0.00    1.30 ^ _256_/CLK (sky130_fd_sc_hd__dfrtp_2)
     8    0.04    0.19    0.44    1.74 ^ _256_/Q (sky130_fd_sc_hd__dfrtp_2)
                                         curr_state[0] (net)
                  0.19    0.00    1.74 ^ _188_/A1 (sky130_fd_sc_hd__o21a_2)
     1    0.00    0.03    0.15    1.90 ^ _188_/X (sky130_fd_sc_hd__o21a_2)
                                         _000_ (net)
                  0.03    0.00    1.90 ^ _248_/D (sky130_fd_sc_hd__dfrtp_2)
                                  1.90   data arrival time

                  0.00    0.00    0.00   clock clk (rise edge)
                          1.30    1.30   clock network delay (ideal)
                          0.10    1.40   clock uncertainty
                          0.00    1.40   clock reconvergence pessimism
                                  1.40 ^ _248_/CLK (sky130_fd_sc_hd__dfrtp_2)
                         -0.04    1.36   library hold time
                                  1.36   data required time
-----------------------------------------------------------------------------
                                  1.36   data required time
                                 -1.90   data arrival time
-----------------------------------------------------------------------------
                                  0.53   slack (MET)


Startpoint: _241_ (rising edge-triggered flip-flop clocked by clk)
Endpoint: _241_ (rising edge-triggered flip-flop clocked by clk)
Path Group: clk
Path Type: min

Fanout     Cap    Slew   Delay    Time   Description
-----------------------------------------------------------------------------
                  0.00    0.00    0.00   clock clk (rise edge)
                          1.30    1.30   clock network delay (ideal)
                  0.00    0.00    1.30 ^ _241_/CLK (sky130_fd_sc_hd__dfrtp_2)
     2    0.01    0.07    0.34    1.64 ^ _241_/Q (sky130_fd_sc_hd__dfrtp_2)
                                         seq_timer[1] (net)
                  0.07    0.00    1.64 ^ _130_/A (sky130_fd_sc_hd__inv_2)
     4    0.01    0.04    0.05    1.70 v _130_/Y (sky130_fd_sc_hd__inv_2)
                                         _070_ (net)
                  0.04    0.00    1.70 v _212_/B (sky130_fd_sc_hd__nand2_2)
     1    0.00    0.04    0.06    1.76 ^ _212_/Y (sky130_fd_sc_hd__nand2_2)
                                         _037_ (net)
                  0.04    0.00    1.76 ^ _213_/B (sky130_fd_sc_hd__nand2_2)
     1    0.01    0.04    0.06    1.81 v _213_/Y (sky130_fd_sc_hd__nand2_2)
                                         _038_ (net)
                  0.04    0.00    1.81 v _214_/A (sky130_fd_sc_hd__nor2_4)
     1    0.00    0.05    0.08    1.90 ^ _214_/Y (sky130_fd_sc_hd__nor2_4)
                                         _005_ (net)
                  0.05    0.00    1.90 ^ _241_/D (sky130_fd_sc_hd__dfrtp_2)
                                  1.90   data arrival time

                  0.00    0.00    0.00   clock clk (rise edge)
                          1.30    1.30   clock network delay (ideal)
                          0.10    1.40   clock uncertainty
                          0.00    1.40   clock reconvergence pessimism
                                  1.40 ^ _241_/CLK (sky130_fd_sc_hd__dfrtp_2)
                         -0.04    1.36   library hold time
                                  1.36   data required time
-----------------------------------------------------------------------------
                                  1.36   data required time
                                 -1.90   data arrival time
-----------------------------------------------------------------------------
                                  0.54   slack (MET)


Startpoint: _243_ (rising edge-triggered flip-flop clocked by clk)
Endpoint: _243_ (rising edge-triggered flip-flop clocked by clk)
Path Group: clk
Path Type: min

Fanout     Cap    Slew   Delay    Time   Description
-----------------------------------------------------------------------------
                  0.00    0.00    0.00   clock clk (rise edge)
                          1.30    1.30   clock network delay (ideal)
                  0.00    0.00    1.30 ^ _243_/CLK (sky130_fd_sc_hd__dfrtp_2)
     3    0.01    0.09    0.36    1.66 ^ _243_/Q (sky130_fd_sc_hd__dfrtp_2)
                                         seq_timer[3] (net)
                  0.09    0.00    1.66 ^ _133_/A (sky130_fd_sc_hd__inv_2)
     2    0.01    0.03    0.05    1.71 v _133_/Y (sky130_fd_sc_hd__inv_2)
                                         _073_ (net)
                  0.03    0.00    1.71 v _220_/B (sky130_fd_sc_hd__nand2_2)
     1    0.00    0.04    0.06    1.77 ^ _220_/Y (sky130_fd_sc_hd__nand2_2)
                                         _043_ (net)
                  0.04    0.00    1.77 ^ _222_/A (sky130_fd_sc_hd__nand2_2)
     1    0.01    0.04    0.05    1.82 v _222_/Y (sky130_fd_sc_hd__nand2_2)
                                         _045_ (net)
                  0.04    0.00    1.82 v _223_/A (sky130_fd_sc_hd__nor2_4)
     1    0.00    0.05    0.08    1.90 ^ _223_/Y (sky130_fd_sc_hd__nor2_4)
                                         _007_ (net)
                  0.05    0.00    1.90 ^ _243_/D (sky130_fd_sc_hd__dfrtp_2)
                                  1.90   data arrival time

                  0.00    0.00    0.00   clock clk (rise edge)
                          1.30    1.30   clock network delay (ideal)
                          0.10    1.40   clock uncertainty
                          0.00    1.40   clock reconvergence pessimism
                                  1.40 ^ _243_/CLK (sky130_fd_sc_hd__dfrtp_2)
                         -0.04    1.36   library hold time
                                  1.36   data required time
-----------------------------------------------------------------------------
                                  1.36   data required time
                                 -1.90   data arrival time
-----------------------------------------------------------------------------
                                  0.54   slack (MET)


Startpoint: _242_ (rising edge-triggered flip-flop clocked by clk)
Endpoint: _252_ (rising edge-triggered flip-flop clocked by clk)
Path Group: clk
Path Type: min

Fanout     Cap    Slew   Delay    Time   Description
-----------------------------------------------------------------------------
                  0.00    0.00    0.00   clock clk (rise edge)
                          1.30    1.30   clock network delay (ideal)
                  0.00    0.00    1.30 ^ _242_/CLK (sky130_fd_sc_hd__dfrtp_2)
     5    0.02    0.12    0.39    1.69 ^ _242_/Q (sky130_fd_sc_hd__dfrtp_2)
                                         seq_timer[2] (net)
                  0.12    0.00    1.69 ^ _135_/A (sky130_fd_sc_hd__or3_2)
     1    0.00    0.04    0.14    1.82 ^ _135_/X (sky130_fd_sc_hd__or3_2)
                                         _075_ (net)
                  0.04    0.00    1.82 ^ _136_/A (sky130_fd_sc_hd__inv_2)
     3    0.01    0.03    0.04    1.86 v _136_/Y (sky130_fd_sc_hd__inv_2)
                                         _076_ (net)
                  0.03    0.00    1.86 v _137_/B (sky130_fd_sc_hd__nor2_2)
     1    0.00    0.05    0.06    1.92 ^ _137_/Y (sky130_fd_sc_hd__nor2_2)
                                         _114_ (net)
                  0.05    0.00    1.92 ^ _252_/D (sky130_fd_sc_hd__dfrtp_2)
                                  1.92   data arrival time

                  0.00    0.00    0.00   clock clk (rise edge)
                          1.30    1.30   clock network delay (ideal)
                          0.10    1.40   clock uncertainty
                          0.00    1.40   clock reconvergence pessimism
                                  1.40 ^ _252_/CLK (sky130_fd_sc_hd__dfrtp_2)
                         -0.04    1.36   library hold time
                                  1.36   data required time
-----------------------------------------------------------------------------
                                  1.36   data required time
                                 -1.92   data arrival time
-----------------------------------------------------------------------------
                                  0.56   slack (MET)


Startpoint: _242_ (rising edge-triggered flip-flop clocked by clk)
Endpoint: _242_ (rising edge-triggered flip-flop clocked by clk)
Path Group: clk
Path Type: min

Fanout     Cap    Slew   Delay    Time   Description
-----------------------------------------------------------------------------
                  0.00    0.00    0.00   clock clk (rise edge)
                          1.30    1.30   clock network delay (ideal)
                  0.00    0.00    1.30 ^ _242_/CLK (sky130_fd_sc_hd__dfrtp_2)
     5    0.02    0.12    0.39    1.69 ^ _242_/Q (sky130_fd_sc_hd__dfrtp_2)
                                         seq_timer[2] (net)
                  0.12    0.00    1.69 ^ _215_/A (sky130_fd_sc_hd__inv_2)
     2    0.01    0.04    0.05    1.73 v _215_/Y (sky130_fd_sc_hd__inv_2)
                                         _039_ (net)
                  0.04    0.00    1.73 v _217_/B (sky130_fd_sc_hd__nand2_2)
     1    0.00    0.04    0.06    1.79 ^ _217_/Y (sky130_fd_sc_hd__nand2_2)
                                         _041_ (net)
                  0.04    0.00    1.79 ^ _218_/B (sky130_fd_sc_hd__nand2_2)
     1    0.01    0.04    0.06    1.85 v _218_/Y (sky130_fd_sc_hd__nand2_2)
                                         _042_ (net)
                  0.04    0.00    1.85 v _219_/A (sky130_fd_sc_hd__nor2_4)
     1    0.00    0.05    0.08    1.93 ^ _219_/Y (sky130_fd_sc_hd__nor2_4)
                                         _006_ (net)
                  0.05    0.00    1.93 ^ _242_/D (sky130_fd_sc_hd__dfrtp_2)
                                  1.93   data arrival time

                  0.00    0.00    0.00   clock clk (rise edge)
                          1.30    1.30   clock network delay (ideal)
                          0.10    1.40   clock uncertainty
                          0.00    1.40   clock reconvergence pessimism
                                  1.40 ^ _242_/CLK (sky130_fd_sc_hd__dfrtp_2)
                         -0.04    1.36   library hold time
                                  1.36   data required time
-----------------------------------------------------------------------------
                                  1.36   data required time
                                 -1.93   data arrival time
-----------------------------------------------------------------------------
                                  0.57   slack (MET)


Startpoint: _244_ (rising edge-triggered flip-flop clocked by clk)
Endpoint: _244_ (rising edge-triggered flip-flop clocked by clk)
Path Group: clk
Path Type: min

Fanout     Cap    Slew   Delay    Time   Description
-----------------------------------------------------------------------------
                  0.00    0.00    0.00   clock clk (rise edge)
                          1.30    1.30   clock network delay (ideal)
                  0.00    0.00    1.30 ^ _244_/CLK (sky130_fd_sc_hd__dfrtp_2)
     3    0.01    0.07    0.35    1.65 ^ _244_/Q (sky130_fd_sc_hd__dfrtp_2)
                                         seq_timer[4] (net)
                  0.07    0.00    1.65 ^ _225_/B (sky130_fd_sc_hd__nand3_2)
     3    0.01    0.09    0.11    1.76 v _225_/Y (sky130_fd_sc_hd__nand3_2)
                                         _047_ (net)
                  0.09    0.00    1.76 v _226_/B (sky130_fd_sc_hd__nand2_2)
     1    0.02    0.10    0.13    1.89 ^ _226_/Y (sky130_fd_sc_hd__nand2_2)
                                         _048_ (net)
                  0.10    0.00    1.89 ^ _227_/A (sky130_fd_sc_hd__nor2_8)
     1    0.00    0.03    0.04    1.94 v _227_/Y (sky130_fd_sc_hd__nor2_8)
                                         _008_ (net)
                  0.03    0.00    1.94 v _244_/D (sky130_fd_sc_hd__dfrtp_2)
                                  1.94   data arrival time

                  0.00    0.00    0.00   clock clk (rise edge)
                          1.30    1.30   clock network delay (ideal)
                          0.10    1.40   clock uncertainty
                          0.00    1.40   clock reconvergence pessimism
                                  1.40 ^ _244_/CLK (sky130_fd_sc_hd__dfrtp_2)
                         -0.05    1.35   library hold time
                                  1.35   data required time
-----------------------------------------------------------------------------
                                  1.35   data required time
                                 -1.94   data arrival time
-----------------------------------------------------------------------------
                                  0.58   slack (MET)


Startpoint: _242_ (rising edge-triggered flip-flop clocked by clk)
Endpoint: _250_ (rising edge-triggered flip-flop clocked by clk)
Path Group: clk
Path Type: min

Fanout     Cap    Slew   Delay    Time   Description
-----------------------------------------------------------------------------
                  0.00    0.00    0.00   clock clk (rise edge)
                          1.30    1.30   clock network delay (ideal)
                  0.00    0.00    1.30 ^ _242_/CLK (sky130_fd_sc_hd__dfrtp_2)
     5    0.02    0.12    0.39    1.69 ^ _242_/Q (sky130_fd_sc_hd__dfrtp_2)
                                         seq_timer[2] (net)
                  0.12    0.00    1.69 ^ _135_/A (sky130_fd_sc_hd__or3_2)
     1    0.00    0.04    0.14    1.82 ^ _135_/X (sky130_fd_sc_hd__or3_2)
                                         _075_ (net)
                  0.04    0.00    1.82 ^ _136_/A (sky130_fd_sc_hd__inv_2)
     3    0.01    0.03    0.04    1.86 v _136_/Y (sky130_fd_sc_hd__inv_2)
                                         _076_ (net)
                  0.03    0.00    1.86 v _197_/A2 (sky130_fd_sc_hd__o21ai_2)
     1    0.00    0.03    0.09    1.95 ^ _197_/Y (sky130_fd_sc_hd__o21ai_2)
                                         _116_ (net)
                  0.03    0.00    1.95 ^ _250_/D (sky130_fd_sc_hd__dfrtp_2)
                                  1.95   data arrival time

                  0.00    0.00    0.00   clock clk (rise edge)
                          1.30    1.30   clock network delay (ideal)
                          0.10    1.40   clock uncertainty
                          0.00    1.40   clock reconvergence pessimism
                                  1.40 ^ _250_/CLK (sky130_fd_sc_hd__dfrtp_2)
                         -0.04    1.36   library hold time
                                  1.36   data required time
-----------------------------------------------------------------------------
                                  1.36   data required time
                                 -1.95   data arrival time
-----------------------------------------------------------------------------
                                  0.58   slack (MET)


Startpoint: _263_ (rising edge-triggered flip-flop clocked by clk)
Endpoint: _257_ (rising edge-triggered flip-flop clocked by clk)
Path Group: clk
Path Type: min

Fanout     Cap    Slew   Delay    Time   Description
-----------------------------------------------------------------------------
                  0.00    0.00    0.00   clock clk (rise edge)
                          1.30    1.30   clock network delay (ideal)
                  0.00    0.00    1.30 ^ _263_/CLK (sky130_fd_sc_hd__dfrtp_2)
     2    0.01    0.06    0.34    1.64 ^ _263_/Q (sky130_fd_sc_hd__dfrtp_2)
                                         wake_up_sync (net)
                  0.06    0.00    1.64 ^ _173_/A2 (sky130_fd_sc_hd__o311a_2)
     1    0.00    0.03    0.16    1.79 ^ _173_/X (sky130_fd_sc_hd__o311a_2)
                                         _110_ (net)
                  0.03    0.00    1.79 ^ _174_/C (sky130_fd_sc_hd__or3_2)
     1    0.00    0.03    0.09    1.88 ^ _174_/X (sky130_fd_sc_hd__or3_2)
                                         _111_ (net)
                  0.03    0.00    1.88 ^ _175_/A (sky130_fd_sc_hd__buf_1)
     1    0.00    0.04    0.07    1.95 ^ _175_/X (sky130_fd_sc_hd__buf_1)
                                         next_state[1] (net)
                  0.04    0.00    1.95 ^ _257_/D (sky130_fd_sc_hd__dfrtp_2)
                                  1.95   data arrival time

                  0.00    0.00    0.00   clock clk (rise edge)
                          1.30    1.30   clock network delay (ideal)
                          0.10    1.40   clock uncertainty
                          0.00    1.40   clock reconvergence pessimism
                                  1.40 ^ _257_/CLK (sky130_fd_sc_hd__dfrtp_2)
                         -0.04    1.36   library hold time
                                  1.36   data required time
-----------------------------------------------------------------------------
                                  1.36   data required time
                                 -1.95   data arrival time
-----------------------------------------------------------------------------
                                  0.59   slack (MET)


Startpoint: _257_ (rising edge-triggered flip-flop clocked by clk)
Endpoint: _255_ (rising edge-triggered flip-flop clocked by clk)
Path Group: clk
Path Type: min

Fanout     Cap    Slew   Delay    Time   Description
-----------------------------------------------------------------------------
                  0.00    0.00    0.00   clock clk (rise edge)
                          1.30    1.30   clock network delay (ideal)
                  0.00    0.00    1.30 ^ _257_/CLK (sky130_fd_sc_hd__dfrtp_2)
     3    0.01    0.08    0.35    1.65 ^ _257_/Q (sky130_fd_sc_hd__dfrtp_2)
                                         curr_state[1] (net)
                  0.08    0.00    1.65 ^ _138_/B (sky130_fd_sc_hd__nand2_2)
     3    0.01    0.05    0.07    1.73 v _138_/Y (sky130_fd_sc_hd__nand2_2)
                                         _077_ (net)
                  0.05    0.00    1.73 v _192_/B (sky130_fd_sc_hd__nor2_2)
     2    0.00    0.08    0.08    1.81 ^ _192_/Y (sky130_fd_sc_hd__nor2_2)
                                         _023_ (net)
                  0.08    0.00    1.81 ^ _194_/B (sky130_fd_sc_hd__or3b_2)
     1    0.00    0.03    0.11    1.92 ^ _194_/X (sky130_fd_sc_hd__or3b_2)
                                         _025_ (net)
                  0.03    0.00    1.92 ^ _195_/A (sky130_fd_sc_hd__buf_1)
     1    0.00    0.04    0.07    1.99 ^ _195_/X (sky130_fd_sc_hd__buf_1)
                                         _113_ (net)
                  0.04    0.00    1.99 ^ _255_/D (sky130_fd_sc_hd__dfrtp_2)
                                  1.99   data arrival time

                  0.00    0.00    0.00   clock clk (rise edge)
                          1.30    1.30   clock network delay (ideal)
                          0.10    1.40   clock uncertainty
                          0.00    1.40   clock reconvergence pessimism
                                  1.40 ^ _255_/CLK (sky130_fd_sc_hd__dfrtp_2)
                         -0.04    1.36   library hold time
                                  1.36   data required time
-----------------------------------------------------------------------------
                                  1.36   data required time
                                 -1.99   data arrival time
-----------------------------------------------------------------------------
                                  0.63   slack (MET)


Startpoint: _245_ (rising edge-triggered flip-flop clocked by clk)
Endpoint: _245_ (rising edge-triggered flip-flop clocked by clk)
Path Group: clk
Path Type: min

Fanout     Cap    Slew   Delay    Time   Description
-----------------------------------------------------------------------------
                  0.00    0.00    0.00   clock clk (rise edge)
                          1.30    1.30   clock network delay (ideal)
                  0.00    0.00    1.30 ^ _245_/CLK (sky130_fd_sc_hd__dfrtp_2)
     2    0.01    0.07    0.34    1.64 ^ _245_/Q (sky130_fd_sc_hd__dfrtp_2)
                                         seq_timer[5] (net)
                  0.07    0.00    1.64 ^ _228_/A (sky130_fd_sc_hd__inv_2)
     2    0.01    0.03    0.04    1.69 v _228_/Y (sky130_fd_sc_hd__inv_2)
                                         _049_ (net)
                  0.03    0.00    1.69 v _229_/A (sky130_fd_sc_hd__nor2_2)
     3    0.01    0.11    0.12    1.81 ^ _229_/Y (sky130_fd_sc_hd__nor2_2)
                                         _050_ (net)
                  0.11    0.00    1.81 ^ _231_/A (sky130_fd_sc_hd__or2b_2)
     1    0.01    0.06    0.14    1.95 ^ _231_/X (sky130_fd_sc_hd__or2b_2)
                                         _052_ (net)
                  0.06    0.00    1.95 ^ _232_/A (sky130_fd_sc_hd__nor2_4)
     1    0.00    0.02    0.03    1.99 v _232_/Y (sky130_fd_sc_hd__nor2_4)
                                         _009_ (net)
                  0.02    0.00    1.99 v _245_/D (sky130_fd_sc_hd__dfrtp_2)
                                  1.99   data arrival time

                  0.00    0.00    0.00   clock clk (rise edge)
                          1.30    1.30   clock network delay (ideal)
                          0.10    1.40   clock uncertainty
                          0.00    1.40   clock reconvergence pessimism
                                  1.40 ^ _245_/CLK (sky130_fd_sc_hd__dfrtp_2)
                         -0.04    1.36   library hold time
                                  1.36   data required time
-----------------------------------------------------------------------------
                                  1.36   data required time
                                 -1.99   data arrival time
-----------------------------------------------------------------------------
                                  0.63   slack (MET)


Startpoint: _239_ (rising edge-triggered flip-flop clocked by clk)
Endpoint: dvfs_ctrl[1] (output port clocked by clk)
Path Group: clk
Path Type: min

Fanout     Cap    Slew   Delay    Time   Description
-----------------------------------------------------------------------------
                  0.00    0.00    0.00   clock clk (rise edge)
                          1.30    1.30   clock network delay (ideal)
                  0.00    0.00    1.30 ^ _239_/CLK (sky130_fd_sc_hd__dfstp_2)
     1    0.02    0.06    0.37    1.67 v _239_/Q (sky130_fd_sc_hd__dfstp_2)
                                         dvfs_ctrl[1] (net)
                  0.06    0.00    1.67 v dvfs_ctrl[1] (out)
                                  1.67   data arrival time

                  0.00    0.00    0.00   clock clk (rise edge)
                          1.30    1.30   clock network delay (ideal)
                          0.10    1.40   clock uncertainty
                          0.00    1.40   clock reconvergence pessimism
                         -0.50    0.90   output external delay
                                  0.90   data required time
-----------------------------------------------------------------------------
                                  0.90   data required time
                                 -1.67   data arrival time
-----------------------------------------------------------------------------
                                  0.77   slack (MET)


Startpoint: _254_ (rising edge-triggered flip-flop clocked by clk)
Endpoint: pwr_state[0] (output port clocked by clk)
Path Group: clk
Path Type: min

Fanout     Cap    Slew   Delay    Time   Description
-----------------------------------------------------------------------------
                  0.00    0.00    0.00   clock clk (rise edge)
                          1.30    1.30   clock network delay (ideal)
                  0.00    0.00    1.30 ^ _254_/CLK (sky130_fd_sc_hd__dfrtp_2)
     1    0.02    0.11    0.38    1.68 ^ _254_/Q (sky130_fd_sc_hd__dfrtp_2)
                                         pwr_state[0] (net)
                  0.11    0.00    1.68 ^ pwr_state[0] (out)
                                  1.68   data arrival time

                  0.00    0.00    0.00   clock clk (rise edge)
                          1.30    1.30   clock network delay (ideal)
                          0.10    1.40   clock uncertainty
                          0.00    1.40   clock reconvergence pessimism
                         -0.50    0.90   output external delay
                                  0.90   data required time
-----------------------------------------------------------------------------
                                  0.90   data required time
                                 -1.68   data arrival time
-----------------------------------------------------------------------------
                                  0.78   slack (MET)


Startpoint: _255_ (rising edge-triggered flip-flop clocked by clk)
Endpoint: pwr_state[1] (output port clocked by clk)
Path Group: clk
Path Type: min

Fanout     Cap    Slew   Delay    Time   Description
-----------------------------------------------------------------------------
                  0.00    0.00    0.00   clock clk (rise edge)
                          1.30    1.30   clock network delay (ideal)
                  0.00    0.00    1.30 ^ _255_/CLK (sky130_fd_sc_hd__dfrtp_2)
     1    0.02    0.11    0.38    1.68 ^ _255_/Q (sky130_fd_sc_hd__dfrtp_2)
                                         pwr_state[1] (net)
                  0.11    0.00    1.68 ^ pwr_state[1] (out)
                                  1.68   data arrival time

                  0.00    0.00    0.00   clock clk (rise edge)
                          1.30    1.30   clock network delay (ideal)
                          0.10    1.40   clock uncertainty
                          0.00    1.40   clock reconvergence pessimism
                         -0.50    0.90   output external delay
                                  0.90   data required time
-----------------------------------------------------------------------------
                                  0.90   data required time
                                 -1.68   data arrival time
-----------------------------------------------------------------------------
                                  0.78   slack (MET)


Startpoint: _253_ (rising edge-triggered flip-flop clocked by clk)
Endpoint: reset_ctrl (output port clocked by clk)
Path Group: clk
Path Type: min

Fanout     Cap    Slew   Delay    Time   Description
-----------------------------------------------------------------------------
                  0.00    0.00    0.00   clock clk (rise edge)
                          1.30    1.30   clock network delay (ideal)
                  0.00    0.00    1.30 ^ _253_/CLK (sky130_fd_sc_hd__dfrtp_2)
     1    0.03    0.16    0.42    1.72 ^ _253_/Q (sky130_fd_sc_hd__dfrtp_2)
                                         reset_ctrl (net)
                  0.16    0.00    1.72 ^ reset_ctrl (out)
                                  1.72   data arrival time

                  0.00    0.00    0.00   clock clk (rise edge)
                          1.30    1.30   clock network delay (ideal)
                          0.10    1.40   clock uncertainty
                          0.00    1.40   clock reconvergence pessimism
                         -0.50    0.90   output external delay
                                  0.90   data required time
-----------------------------------------------------------------------------
                                  0.90   data required time
                                 -1.72   data arrival time
-----------------------------------------------------------------------------
                                  0.82   slack (MET)


Startpoint: _252_ (rising edge-triggered flip-flop clocked by clk)
Endpoint: retention_restore (output port clocked by clk)
Path Group: clk
Path Type: min

Fanout     Cap    Slew   Delay    Time   Description
-----------------------------------------------------------------------------
                  0.00    0.00    0.00   clock clk (rise edge)
                          1.30    1.30   clock network delay (ideal)
                  0.00    0.00    1.30 ^ _252_/CLK (sky130_fd_sc_hd__dfrtp_2)
     1    0.03    0.16    0.42    1.72 ^ _252_/Q (sky130_fd_sc_hd__dfrtp_2)
                                         retention_restore (net)
                  0.16    0.00    1.72 ^ retention_restore (out)
                                  1.72   data arrival time

                  0.00    0.00    0.00   clock clk (rise edge)
                          1.30    1.30   clock network delay (ideal)
                          0.10    1.40   clock uncertainty
                          0.00    1.40   clock reconvergence pessimism
                         -0.50    0.90   output external delay
                                  0.90   data required time
-----------------------------------------------------------------------------
                                  0.90   data required time
                                 -1.72   data arrival time
-----------------------------------------------------------------------------
                                  0.82   slack (MET)


Startpoint: _251_ (rising edge-triggered flip-flop clocked by clk)
Endpoint: retention_save (output port clocked by clk)
Path Group: clk
Path Type: min

Fanout     Cap    Slew   Delay    Time   Description
-----------------------------------------------------------------------------
                  0.00    0.00    0.00   clock clk (rise edge)
                          1.30    1.30   clock network delay (ideal)
                  0.00    0.00    1.30 ^ _251_/CLK (sky130_fd_sc_hd__dfrtp_2)
     1    0.03    0.16    0.42    1.72 ^ _251_/Q (sky130_fd_sc_hd__dfrtp_2)
                                         retention_save (net)
                  0.16    0.00    1.72 ^ retention_save (out)
                                  1.72   data arrival time

                  0.00    0.00    0.00   clock clk (rise edge)
                          1.30    1.30   clock network delay (ideal)
                          0.10    1.40   clock uncertainty
                          0.00    1.40   clock reconvergence pessimism
                         -0.50    0.90   output external delay
                                  0.90   data required time
-----------------------------------------------------------------------------
                                  0.90   data required time
                                 -1.72   data arrival time
-----------------------------------------------------------------------------
                                  0.82   slack (MET)


Startpoint: _248_ (rising edge-triggered flip-flop clocked by clk)
Endpoint: clk_gate_en (output port clocked by clk)
Path Group: clk
Path Type: min

Fanout     Cap    Slew   Delay    Time   Description
-----------------------------------------------------------------------------
                  0.00    0.00    0.00   clock clk (rise edge)
                          1.30    1.30   clock network delay (ideal)
                  0.00    0.00    1.30 ^ _248_/CLK (sky130_fd_sc_hd__dfrtp_2)
     1    0.05    0.14    0.48    1.78 v _248_/Q (sky130_fd_sc_hd__dfrtp_2)
                                         clk_gate_en (net)
                  0.14    0.00    1.78 v clk_gate_en (out)
                                  1.78   data arrival time

                  0.00    0.00    0.00   clock clk (rise edge)
                          1.30    1.30   clock network delay (ideal)
                          0.10    1.40   clock uncertainty
                          0.00    1.40   clock reconvergence pessimism
                         -0.50    0.90   output external delay
                                  0.90   data required time
-----------------------------------------------------------------------------
                                  0.90   data required time
                                 -1.78   data arrival time
-----------------------------------------------------------------------------
                                  0.88   slack (MET)


Startpoint: _249_ (rising edge-triggered flip-flop clocked by clk)
Endpoint: pwr_gate_en (output port clocked by clk)
Path Group: clk
Path Type: min

Fanout     Cap    Slew   Delay    Time   Description
-----------------------------------------------------------------------------
                  0.00    0.00    0.00   clock clk (rise edge)
                          1.30    1.30   clock network delay (ideal)
                  0.00    0.00    1.30 ^ _249_/CLK (sky130_fd_sc_hd__dfrtp_2)
     1    0.05    0.14    0.48    1.78 v _249_/Q (sky130_fd_sc_hd__dfrtp_2)
                                         pwr_gate_en (net)
                  0.14    0.00    1.78 v pwr_gate_en (out)
                                  1.78   data arrival time

                  0.00    0.00    0.00   clock clk (rise edge)
                          1.30    1.30   clock network delay (ideal)
                          0.10    1.40   clock uncertainty
                          0.00    1.40   clock reconvergence pessimism
                         -0.50    0.90   output external delay
                                  0.90   data required time
-----------------------------------------------------------------------------
                                  0.90   data required time
                                 -1.78   data arrival time
-----------------------------------------------------------------------------
                                  0.88   slack (MET)


Startpoint: _250_ (rising edge-triggered flip-flop clocked by clk)
Endpoint: retention_en (output port clocked by clk)
Path Group: clk
Path Type: min

Fanout     Cap    Slew   Delay    Time   Description
-----------------------------------------------------------------------------
                  0.00    0.00    0.00   clock clk (rise edge)
                          1.30    1.30   clock network delay (ideal)
                  0.00    0.00    1.30 ^ _250_/CLK (sky130_fd_sc_hd__dfrtp_2)
     1    0.05    0.14    0.48    1.78 v _250_/Q (sky130_fd_sc_hd__dfrtp_2)
                                         retention_en (net)
                  0.14    0.00    1.78 v retention_en (out)
                                  1.78   data arrival time

                  0.00    0.00    0.00   clock clk (rise edge)
                          1.30    1.30   clock network delay (ideal)
                          0.10    1.40   clock uncertainty
                          0.00    1.40   clock reconvergence pessimism
                         -0.50    0.90   output external delay
                                  0.90   data required time
-----------------------------------------------------------------------------
                                  0.90   data required time
                                 -1.78   data arrival time
-----------------------------------------------------------------------------
                                  0.88   slack (MET)


Startpoint: _257_ (rising edge-triggered flip-flop clocked by clk)
Endpoint: seq_busy (output port clocked by clk)
Path Group: clk
Path Type: min

Fanout     Cap    Slew   Delay    Time   Description
-----------------------------------------------------------------------------
                  0.00    0.00    0.00   clock clk (rise edge)
                          1.30    1.30   clock network delay (ideal)
                  0.00    0.00    1.30 ^ _257_/CLK (sky130_fd_sc_hd__dfrtp_2)
     3    0.01    0.08    0.35    1.65 ^ _257_/Q (sky130_fd_sc_hd__dfrtp_2)
                                         curr_state[1] (net)
                  0.08    0.00    1.65 ^ _138_/B (sky130_fd_sc_hd__nand2_2)
     3    0.01    0.05    0.07    1.73 v _138_/Y (sky130_fd_sc_hd__nand2_2)
                                         _077_ (net)
                  0.05    0.00    1.73 v _139_/A (sky130_fd_sc_hd__inv_2)
     2    0.02    0.11    0.11    1.83 ^ _139_/Y (sky130_fd_sc_hd__inv_2)
                                         _078_ (net)
                  0.11    0.00    1.83 ^ _140_/B (sky130_fd_sc_hd__nor2_8)
     4    0.03    0.04    0.06    1.89 v _140_/Y (sky130_fd_sc_hd__nor2_8)
                                         seq_busy (net)
                  0.04    0.00    1.89 v seq_busy (out)
                                  1.89   data arrival time

                  0.00    0.00    0.00   clock clk (rise edge)
                          1.30    1.30   clock network delay (ideal)
                          0.10    1.40   clock uncertainty
                          0.00    1.40   clock reconvergence pessimism
                         -0.50    0.90   output external delay
                                  0.90   data required time
-----------------------------------------------------------------------------
                                  0.90   data required time
                                 -1.89   data arrival time
-----------------------------------------------------------------------------
                                  0.99   slack (MET)


Startpoint: _256_ (rising edge-triggered flip-flop clocked by clk)
Endpoint: error (output port clocked by clk)
Path Group: clk
Path Type: min

Fanout     Cap    Slew   Delay    Time   Description
-----------------------------------------------------------------------------
                  0.00    0.00    0.00   clock clk (rise edge)
                          1.30    1.30   clock network delay (ideal)
                  0.00    0.00    1.30 ^ _256_/CLK (sky130_fd_sc_hd__dfrtp_2)
     8    0.04    0.19    0.44    1.74 ^ _256_/Q (sky130_fd_sc_hd__dfrtp_2)
                                         curr_state[0] (net)
                  0.19    0.00    1.74 ^ _125_/A (sky130_fd_sc_hd__nor2_4)
     3    0.01    0.03    0.07    1.81 v _125_/Y (sky130_fd_sc_hd__nor2_4)
                                         _065_ (net)
                  0.03    0.00    1.81 v _199_/A (sky130_fd_sc_hd__nand2_2)
     1    0.00    0.04    0.05    1.86 ^ _199_/Y (sky130_fd_sc_hd__nand2_2)
                                         _026_ (net)
                  0.04    0.00    1.86 ^ _200_/B1 (sky130_fd_sc_hd__a211oi_2)
     1    0.02    0.06    0.06    1.92 v _200_/Y (sky130_fd_sc_hd__a211oi_2)
                                         error (net)
                  0.06    0.00    1.92 v error (out)
                                  1.92   data arrival time

                  0.00    0.00    0.00   clock clk (rise edge)
                          1.30    1.30   clock network delay (ideal)
                          0.10    1.40   clock uncertainty
                          0.00    1.40   clock reconvergence pessimism
                         -0.50    0.90   output external delay
                                  0.90   data required time
-----------------------------------------------------------------------------
                                  0.90   data required time
                                 -1.92   data arrival time
-----------------------------------------------------------------------------
                                  1.02   slack (MET)



worst slack corner Typical: 0.2484
