Process   PVT Corner                    Path Type      Slack       Status
FF        ff_n40C_1v65                  hold           0.17562      MET
FF        ff_n40C_1v65                  setup          4.1899       MET
FF        ff_n40C_1v95                  hold           0.10407      MET
FF        ff_n40C_1v95                  setup          4.34661      MET
FF        ff_n40C_1v56                  hold           0.21153      MET
FF        ff_n40C_1v56                  setup          4.10864      MET
FF        ff_n40C_1v76                  hold           0.14213      MET
FF        ff_n40C_1v76                  setup          4.26102      MET
FF        ff_n40C_1v95_ccsnoise         hold           0.10407      MET
FF        ff_n40C_1v95_ccsnoise         setup          4.34661      MET
FF        ff_100C_1v65                  hold           0.17604      MET
FF        ff_100C_1v65                  setup          4.26365      MET
FF        ff_100C_1v95                  hold           0.11974      MET
FF        ff_100C_1v95                  setup          4.36118      MET
SS        ss_100C_1v60                  hold           0.47243      MET
SS        ss_100C_1v60                  setup          2.93235      MET
SS        ss_n40C_1v28                  hold           0.51253      MET
SS        ss_n40C_1v28                  setup          -12.81112    VIOLATED
SS        ss_n40C_1v60                  hold           0.45953      MET
SS        ss_n40C_1v60                  setup          2.40172      MET
SS        ss_n40C_1v76                  hold           0.419        MET
SS        ss_n40C_1v76                  setup          3.58259      MET
SS        ss_100C_1v40                  hold           0.5017       MET
SS        ss_100C_1v40                  setup          0.92563      MET
SS        ss_n40C_1v44                  hold           0.48143      MET
SS        ss_n40C_1v44                  setup          -0.66632     VIOLATED
SS        ss_n40C_1v40                  hold           0.48701      MET
SS        ss_n40C_1v40                  setup          -2.41653     VIOLATED
SS        ss_n40C_1v35                  hold           0.49615      MET
SS        ss_n40C_1v35                  setup          -5.47252     VIOLATED
SS        ss_n40C_1v60_ccsnoise         hold           0.45953      MET
SS        ss_n40C_1v60_ccsnoise         setup          2.40172      MET
TT        tt_025C_1v80                  hold           0.23121      MET
TT        tt_025C_1v80                  setup          4.02887      MET
TT        tt_100C_1v80                  hold           0.23955      MET
TT        tt_100C_1v80                  setup          4.05766      MET
