Instance,Terminal,Layer,X location,Y location,Voltage
FILLER_0_21_113,VPWR,li1,60.2600,68.0000,1.799996
FILLER_0_21_109,VPWR,li1,56.3500,68.0000,1.799996
FILLER_0_21_97,VPWR,li1,52.9000,68.0000,1.799996
FILLER_0_21_85,VPWR,li1,47.3800,68.0000,1.799993
FILLER_0_21_82,VPWR,li1,43.7000,68.0000,1.799991
FILLER_0_21_74,VPWR,li1,41.4000,68.0000,1.799989
FILLER_0_21_62,VPWR,li1,36.8000,68.0000,1.799985
FILLER_0_21_57,VPWR,li1,32.2000,68.0000,1.799985
FILLER_0_21_53,VPWR,li1,30.5900,68.0000,1.799985
FILLER_0_21_41,VPWR,li1,27.1400,68.0000,1.799985
FILLER_0_21_29,VPWR,li1,21.6200,68.0000,1.799986
FILLER_0_21_27,VPWR,li1,18.1700,68.0000,1.799976
FILLER_0_21_23,VPWR,li1,17.0200,68.0000,1.799976
FILLER_0_21_11,VPWR,li1,13.3400,68.0000,1.799970
FILLER_0_20_120,VPWR,li1,62.5600,68.0000,1.799996
FILLER_0_20_108,VPWR,li1,57.9600,68.0000,1.799996
FILLER_0_20_96,VPWR,li1,52.4400,68.0000,1.799996
FILLER_0_20_85,VPWR,li1,45.3100,68.0000,1.799991
FILLER_0_20_83,VPWR,li1,43.9300,68.0000,1.799991
FILLER_0_20_75,VPWR,li1,41.8600,68.0000,1.799989
FILLER_0_20_49,VPWR,li1,29.4400,68.0000,1.799985
FILLER_0_20_23,VPWR,li1,16.5600,68.0000,1.799976
FILLER_0_19_125,VPWR,li1,63.7100,62.5600,1.799994
FILLER_0_19_113,VPWR,li1,60.2600,62.5600,1.799994
FILLER_0_19_104,VPWR,li1,55.2000,62.5600,1.799994
FILLER_0_19_77,VPWR,li1,41.1700,62.5600,1.799991
FILLER_0_19_73,VPWR,li1,40.0200,62.5600,1.799991
FILLER_0_19_47,VPWR,li1,27.3700,62.5600,1.799992
FILLER_0_19_35,VPWR,li1,24.3800,62.5600,1.799992
FILLER_0_19_13,VPWR,li1,11.9600,62.5600,1.799981
FILLER_0_19_7,VPWR,li1,9.4300,62.5600,1.799978
FILLER_0_18_127,VPWR,li1,64.1700,62.5600,1.799994
FILLER_0_18_119,VPWR,li1,62.1000,62.5600,1.799994
FILLER_0_18_107,VPWR,li1,57.5000,62.5600,1.799994
FILLER_0_18_85,VPWR,li1,45.0800,62.5600,1.799990
FILLER_0_18_66,VPWR,li1,38.6400,62.5600,1.799991
FILLER_0_18_59,VPWR,li1,32.8900,62.5600,1.799991
FILLER_0_18_53,VPWR,li1,31.2800,62.5600,1.799992
FILLER_0_18_41,VPWR,li1,27.1400,62.5600,1.799992
FILLER_0_18_29,VPWR,li1,21.6200,62.5600,1.799992
FILLER_0_18_22,VPWR,li1,17.0200,62.5600,1.799987
FILLER_0_18_15,VPWR,li1,13.3400,62.5600,1.799981
FILLER_0_18_3,VPWR,li1,9.6600,62.5600,1.799978
FILLER_0_17_125,VPWR,li1,63.7100,57.1200,1.799999
FILLER_0_17_113,VPWR,li1,60.2600,57.1200,1.799999
FILLER_0_17_106,VPWR,li1,55.6600,57.1200,1.799999
FILLER_0_17_94,VPWR,li1,51.5200,57.1200,1.799999
FILLER_0_17_86,VPWR,li1,45.3100,57.1200,1.799997
FILLER_0_17_82,VPWR,li1,44.1600,57.1200,1.799997
FILLER_0_17_70,VPWR,li1,40.4800,57.1200,1.799997
FILLER_0_17_64,VPWR,li1,35.6500,57.1200,1.799996
FILLER_0_17_57,VPWR,li1,32.6600,57.1200,1.799995
FILLER_0_17_53,VPWR,li1,30.5900,57.1200,1.799995
FILLER_0_17_41,VPWR,li1,27.1400,57.1200,1.799994
FILLER_0_17_36,VPWR,li1,22.5400,57.1200,1.799994
FILLER_0_17_28,VPWR,li1,20.2400,57.1200,1.799994
FILLER_0_17_23,VPWR,li1,16.5600,57.1200,1.799989
FILLER_0_16_127,VPWR,li1,64.1700,57.1200,1.799999
FILLER_0_16_121,VPWR,li1,62.5600,57.1200,1.799999
FILLER_0_16_109,VPWR,li1,58.4200,57.1200,1.799999
FILLER_0_16_97,VPWR,li1,52.9000,57.1200,1.799999
FILLER_0_16_85,VPWR,li1,47.3800,57.1200,1.799998
FILLER_0_16_72,VPWR,li1,41.4000,57.1200,1.799997
FILLER_0_16_58,VPWR,li1,32.4300,57.1200,1.799995
FILLER_0_16_51,VPWR,li1,29.4400,57.1200,1.799995
FILLER_0_16_37,VPWR,li1,23.2300,57.1200,1.799994
FILLER_0_16_29,VPWR,li1,20.7000,57.1200,1.799994
FILLER_0_16_27,VPWR,li1,18.1700,57.1200,1.799990
FILLER_0_16_23,VPWR,li1,16.3300,57.1200,1.799989
FILLER_0_16_19,VPWR,li1,15.1800,57.1200,1.799989
FILLER_0_16_7,VPWR,li1,11.5000,57.1200,1.799986
FILLER_0_15_125,VPWR,li1,63.7100,51.6800,1.799984
FILLER_0_15_113,VPWR,li1,60.2600,51.6800,1.799984
FILLER_0_15_110,VPWR,li1,56.5800,51.6800,1.799984
FILLER_0_15_102,VPWR,li1,54.2800,51.6800,1.799984
FILLER_0_15_90,VPWR,li1,49.6800,51.6800,1.799978
FILLER_0_15_68,VPWR,li1,37.2600,51.6800,1.799944
FILLER_0_15_57,VPWR,li1,32.2000,51.6800,1.799943
FILLER_0_15_55,VPWR,li1,31.0500,51.6800,1.799947
FILLER_0_15_51,VPWR,li1,29.9000,51.6800,1.799947
FILLER_0_15_44,VPWR,li1,26.6800,51.6800,1.799953
FILLER_0_15_32,VPWR,li1,20.9300,51.6800,1.799967
FILLER_0_15_18,VPWR,li1,14.4900,51.6800,1.799947
FILLER_0_15_7,VPWR,li1,10.5800,51.6800,1.799944
FILLER_0_14_127,VPWR,li1,64.1700,51.6800,1.799984
FILLER_0_14_121,VPWR,li1,62.5600,51.6800,1.799984
FILLER_0_14_109,VPWR,li1,58.4200,51.6800,1.799984
FILLER_0_14_97,VPWR,li1,52.9000,51.6800,1.799984
FILLER_0_14_85,VPWR,li1,47.3800,51.6800,1.799971
FILLER_0_14_80,VPWR,li1,43.2400,51.6800,1.799957
FILLER_0_14_29,VPWR,li1,19.0900,51.6800,1.799960
FILLER_0_14_7,VPWR,li1,8.9700,51.6800,1.799944
FILLER_0_14_3,VPWR,li1,7.8200,51.6800,1.799943
FILLER_0_13_125,VPWR,li1,63.7100,46.2400,1.799982
FILLER_0_13_113,VPWR,li1,60.2600,46.2400,1.799982
FILLER_0_13_111,VPWR,li1,56.8100,46.2400,1.799982
FILLER_0_13_103,VPWR,li1,54.7400,46.2400,1.799982
FILLER_0_13_91,VPWR,li1,50.1400,46.2400,1.799972
FILLER_0_13_87,VPWR,li1,45.7700,46.2400,1.799963
FILLER_0_13_83,VPWR,li1,44.6200,46.2400,1.799957
FILLER_0_13_43,VPWR,li1,26.2200,46.2400,1.799959
FILLER_0_13_28,VPWR,li1,18.6300,46.2400,1.799961
FILLER_0_13_24,VPWR,li1,17.4800,46.2400,1.799961
FILLER_0_12_124,VPWR,li1,63.4800,46.2400,1.799982
FILLER_0_12_112,VPWR,li1,59.8000,46.2400,1.799982
FILLER_0_12_100,VPWR,li1,54.2800,46.2400,1.799982
FILLER_0_12_88,VPWR,li1,48.7600,46.2400,1.799972
FILLER_0_12_83,VPWR,li1,43.9300,46.2400,1.799957
FILLER_0_12_67,VPWR,li1,36.5700,46.2400,1.799933
FILLER_0_12_61,VPWR,li1,34.9600,46.2400,1.799933
FILLER_0_12_49,VPWR,li1,30.8200,46.2400,1.799943
FILLER_0_12_37,VPWR,li1,25.3000,46.2400,1.799959
FILLER_0_12_26,VPWR,li1,17.9400,46.2400,1.799961
FILLER_0_12_18,VPWR,li1,15.6400,46.2400,1.799959
FILLER_0_12_6,VPWR,li1,11.0400,46.2400,1.799954
FILLER_0_11_124,VPWR,li1,62.7900,40.8000,1.799981
FILLER_0_11_120,VPWR,li1,61.6400,40.8000,1.799981
FILLER_0_11_113,VPWR,li1,58.4200,40.8000,1.799981
FILLER_0_11_109,VPWR,li1,56.3500,40.8000,1.799981
FILLER_0_11_97,VPWR,li1,52.9000,40.8000,1.799981
FILLER_0_11_85,VPWR,li1,47.3800,40.8000,1.799966
FILLER_0_11_57,VPWR,li1,34.5000,40.8000,1.799946
FILLER_0_11_55,VPWR,li1,31.0500,40.8000,1.799957
FILLER_0_11_49,VPWR,li1,29.4400,40.8000,1.799957
FILLER_0_11_37,VPWR,li1,25.3000,40.8000,1.799970
FILLER_0_11_33,VPWR,li1,20.9300,40.8000,1.799970
FILLER_0_11_27,VPWR,li1,19.3200,40.8000,1.799970
FILLER_0_11_23,VPWR,li1,16.3300,40.8000,1.799962
FILLER_0_11_17,VPWR,li1,14.7200,40.8000,1.799962
FILLER_0_11_11,VPWR,li1,11.2700,40.8000,1.799958
FILLER_0_11_3,VPWR,li1,8.7400,40.8000,1.799956
FILLER_0_10_124,VPWR,li1,63.4800,40.8000,1.799981
FILLER_0_10_112,VPWR,li1,59.8000,40.8000,1.799981
FILLER_0_10_100,VPWR,li1,54.2800,40.8000,1.799981
FILLER_0_10_88,VPWR,li1,48.7600,40.8000,1.799966
FILLER_0_10_57,VPWR,li1,31.9700,40.8000,1.799953
FILLER_0_10_53,VPWR,li1,30.8200,40.8000,1.799957
FILLER_0_10_41,VPWR,li1,27.1400,40.8000,1.799962
FILLER_0_10_37,VPWR,li1,22.7700,40.8000,1.799975
FILLER_0_10_33,VPWR,li1,20.9300,40.8000,1.799970
FILLER_0_10_29,VPWR,li1,19.7800,40.8000,1.799970
FILLER_0_10_25,VPWR,li1,17.7100,40.8000,1.799966
FILLER_0_10_18,VPWR,li1,14.0300,40.8000,1.799960
FILLER_0_10_7,VPWR,li1,10.5800,40.8000,1.799958
FILLER_0_9_125,VPWR,li1,63.7100,35.3600,1.799971
FILLER_0_9_113,VPWR,li1,60.2600,35.3600,1.799971
FILLER_0_9_108,VPWR,li1,56.1200,35.3600,1.799971
FILLER_0_9_96,VPWR,li1,52.4400,35.3600,1.799971
FILLER_0_9_84,VPWR,li1,46.9200,35.3600,1.799952
FILLER_0_9_79,VPWR,li1,42.3200,35.3600,1.799935
FILLER_0_9_57,VPWR,li1,32.4300,35.3600,1.799937
FILLER_0_9_45,VPWR,li1,27.1400,35.3600,1.799949
FILLER_0_9_41,VPWR,li1,24.6100,35.3600,1.799957
FILLER_0_9_33,VPWR,li1,22.5400,35.3600,1.799966
FILLER_0_8_120,VPWR,li1,62.5600,35.3600,1.799971
FILLER_0_8_108,VPWR,li1,57.9600,35.3600,1.799971
FILLER_0_8_82,VPWR,li1,43.7000,35.3600,1.799942
FILLER_0_8_71,VPWR,li1,38.6400,35.3600,1.799931
FILLER_0_8_64,VPWR,li1,35.1900,35.3600,1.799932
FILLER_0_8_59,VPWR,li1,32.8900,35.3600,1.799937
FILLER_0_8_55,VPWR,li1,31.7400,35.3600,1.799937
FILLER_0_8_48,VPWR,li1,27.8300,35.3600,1.799949
FILLER_0_8_39,VPWR,li1,24.8400,35.3600,1.799957
FILLER_0_8_35,VPWR,li1,21.8500,35.3600,1.799966
FILLER_0_8_29,VPWR,li1,20.2400,35.3600,1.799962
FILLER_0_8_27,VPWR,li1,18.1700,35.3600,1.799956
FILLER_0_7_125,VPWR,li1,63.7100,29.9200,1.799973
FILLER_0_7_113,VPWR,li1,60.2600,29.9200,1.799973
FILLER_0_7_111,VPWR,li1,56.8100,29.9200,1.799973
FILLER_0_7_103,VPWR,li1,54.7400,29.9200,1.799973
FILLER_0_7_81,VPWR,li1,43.2400,29.9200,1.799933
FILLER_0_7_72,VPWR,li1,40.0200,29.9200,1.799927
FILLER_0_7_63,VPWR,li1,35.1900,29.9200,1.799916
FILLER_0_7_57,VPWR,li1,32.4300,29.9200,1.799924
FILLER_0_7_55,VPWR,li1,31.0500,29.9200,1.799931
FILLER_0_7_51,VPWR,li1,29.2100,29.9200,1.799937
FILLER_0_7_40,VPWR,li1,24.1500,29.9200,1.799957
FILLER_0_7_31,VPWR,li1,20.2400,29.9200,1.799969
FILLER_0_7_19,VPWR,li1,17.0200,29.9200,1.799965
FILLER_0_7_7,VPWR,li1,11.5000,29.9200,1.799961
FILLER_0_6_127,VPWR,li1,64.1700,29.9200,1.799973
FILLER_0_6_121,VPWR,li1,62.5600,29.9200,1.799973
FILLER_0_6_109,VPWR,li1,58.4200,29.9200,1.799973
FILLER_0_6_97,VPWR,li1,52.9000,29.9200,1.799973
FILLER_0_6_85,VPWR,li1,47.3800,29.9200,1.799952
FILLER_0_6_80,VPWR,li1,43.2400,29.9200,1.799933
FILLER_0_6_55,VPWR,li1,31.0500,29.9200,1.799931
FILLER_0_6_49,VPWR,li1,29.4400,29.9200,1.799937
FILLER_0_6_37,VPWR,li1,25.3000,29.9200,1.799949
FILLER_0_6_33,VPWR,li1,20.9300,29.9200,1.799969
FILLER_0_6_29,VPWR,li1,19.7800,29.9200,1.799967
FILLER_0_6_27,VPWR,li1,18.1700,29.9200,1.799967
FILLER_0_6_19,VPWR,li1,16.1000,29.9200,1.799965
FILLER_0_6_7,VPWR,li1,11.5000,29.9200,1.799961
FILLER_0_5_125,VPWR,li1,63.7100,24.4800,1.799991
FILLER_0_5_113,VPWR,li1,60.2600,24.4800,1.799991
FILLER_0_5_109,VPWR,li1,56.3500,24.4800,1.799991
FILLER_0_5_101,VPWR,li1,53.8200,24.4800,1.799991
FILLER_0_5_89,VPWR,li1,49.2200,24.4800,1.799987
FILLER_0_5_77,VPWR,li1,43.7000,24.4800,1.799977
FILLER_0_5_57,VPWR,li1,32.2000,24.4800,1.799963
FILLER_0_5_53,VPWR,li1,30.5900,24.4800,1.799963
FILLER_0_5_23,VPWR,li1,16.3300,24.4800,1.799954
FILLER_0_4_127,VPWR,li1,64.1700,24.4800,1.799991
FILLER_0_4_121,VPWR,li1,62.5600,24.4800,1.799991
FILLER_0_4_109,VPWR,li1,58.4200,24.4800,1.799991
FILLER_0_4_97,VPWR,li1,52.9000,24.4800,1.799991
FILLER_0_4_85,VPWR,li1,47.3800,24.4800,1.799984
FILLER_0_4_78,VPWR,li1,42.7800,24.4800,1.799977
FILLER_0_4_44,VPWR,li1,28.5200,24.4800,1.799962
FILLER_0_4_29,VPWR,li1,19.3200,24.4800,1.799959
FILLER_0_4_27,VPWR,li1,18.1700,24.4800,1.799959
FILLER_0_4_21,VPWR,li1,16.5600,24.4800,1.799954
FILLER_0_4_9,VPWR,li1,12.4200,24.4800,1.799941
FILLER_0_3_125,VPWR,li1,63.7100,19.0400,1.799991
FILLER_0_3_113,VPWR,li1,60.2600,19.0400,1.799991
FILLER_0_3_109,VPWR,li1,56.3500,19.0400,1.799991
FILLER_0_3_86,VPWR,li1,45.7700,19.0400,1.799986
FILLER_0_3_74,VPWR,li1,42.3200,19.0400,1.799985
FILLER_0_3_69,VPWR,li1,37.7200,19.0400,1.799984
FILLER_0_3_65,VPWR,li1,35.6500,19.0400,1.799983
FILLER_0_3_55,VPWR,li1,31.0500,19.0400,1.799985
FILLER_0_3_51,VPWR,li1,29.2100,19.0400,1.799986
FILLER_0_3_47,VPWR,li1,28.0600,19.0400,1.799987
FILLER_0_3_35,VPWR,li1,24.3800,19.0400,1.799989
FILLER_0_3_23,VPWR,li1,18.8600,19.0400,1.799988
FILLER_0_2_126,VPWR,li1,63.9400,19.0400,1.799991
FILLER_0_2_118,VPWR,li1,61.6400,19.0400,1.799991
FILLER_0_2_106,VPWR,li1,57.0400,19.0400,1.799991
FILLER_0_2_85,VPWR,li1,44.8500,19.0400,1.799986
FILLER_0_2_83,VPWR,li1,43.9300,19.0400,1.799986
FILLER_0_2_79,VPWR,li1,42.7800,19.0400,1.799985
FILLER_0_2_55,VPWR,li1,31.0500,19.0400,1.799985
FILLER_0_2_51,VPWR,li1,29.9000,19.0400,1.799986
FILLER_0_2_47,VPWR,li1,27.3700,19.0400,1.799987
FILLER_0_2_41,VPWR,li1,25.7600,19.0400,1.799989
FILLER_0_2_29,VPWR,li1,21.6200,19.0400,1.799991
FILLER_0_2_27,VPWR,li1,18.1700,19.0400,1.799986
FILLER_0_2_23,VPWR,li1,17.0200,19.0400,1.799986
FILLER_0_1_113,VPWR,li1,60.2600,13.6000,1.799989
FILLER_0_1_108,VPWR,li1,56.1200,13.6000,1.799989
FILLER_0_1_96,VPWR,li1,52.4400,13.6000,1.799990
FILLER_0_1_75,VPWR,li1,40.2500,13.6000,1.799976
FILLER_0_1_69,VPWR,li1,38.6400,13.6000,1.799976
FILLER_0_1_57,VPWR,li1,34.5000,13.6000,1.799974
FILLER_0_1_15,VPWR,li1,12.6500,13.6000,1.799930
FILLER_0_0_126,VPWR,li1,63.9400,13.6000,1.799989
FILLER_0_0_121,VPWR,li1,61.6400,13.6000,1.799989
FILLER_0_0_113,VPWR,li1,59.3400,13.6000,1.799989
FILLER_0_0_111,VPWR,li1,56.8100,13.6000,1.799989
FILLER_0_0_105,VPWR,li1,55.2000,13.6000,1.799989
FILLER_0_0_69,VPWR,li1,40.0200,13.6000,1.799976
FILLER_0_0_57,VPWR,li1,34.5000,13.6000,1.799974
FILLER_0_0_52,VPWR,li1,30.3600,13.6000,1.799971
FILLER_0_0_27,VPWR,li1,18.1700,13.6000,1.799951
FILLER_0_0_3,VPWR,li1,7.1300,13.6000,1.799925
clkload0,VPWR,li1,34.0400,51.6800,1.799939
clkbuf_1_1__f_clk,VPWR,li1,36.3400,46.2400,1.799933
clkbuf_1_0__f_clk,VPWR,li1,35.8800,29.9200,1.799916
clkbuf_0_clk,VPWR,li1,36.8000,40.8000,1.799941
pmu_fsm_21,VPWR,li1,7.5900,46.2400,1.799954
wire20,VPWR,li1,21.8500,46.2400,1.799967
wire19,VPWR,li1,23.6900,57.1200,1.799994
output18,VPWR,li1,9.6600,68.0000,1.799965
output17,VPWR,li1,7.8200,29.9200,1.799956
output16,VPWR,li1,7.8200,29.9200,1.799956
output15,VPWR,li1,8.2800,13.6000,1.799925
output14,VPWR,li1,7.8200,40.8000,1.799954
output13,VPWR,li1,7.8200,62.5600,1.799976
output12,VPWR,li1,7.8200,57.1200,1.799983
output11,VPWR,li1,11.0400,13.6000,1.799930
output10,VPWR,li1,7.8200,68.0000,1.799965
output9,VPWR,li1,7.8200,51.6800,1.799943
output8,VPWR,li1,8.2800,24.4800,1.799936
input7,VPWR,li1,62.7900,13.6000,1.799989
input6,VPWR,li1,63.7100,68.0000,1.799996
input5,VPWR,li1,28.7500,13.6000,1.799971
input4,VPWR,li1,43.4700,13.6000,1.799978
input3,VPWR,li1,8.0500,13.6000,1.799925
input2,VPWR,li1,63.7100,13.6000,1.799989
input1,VPWR,li1,63.7100,40.8000,1.799981
TAP_TAPCELL_ROW_21_91,VPWR,li1,57.2700,68.3060,1.799996
TAP_TAPCELL_ROW_21_90,VPWR,li1,44.3900,68.3060,1.799991
TAP_TAPCELL_ROW_21_89,VPWR,li1,31.5100,68.3060,1.799985
TAP_TAPCELL_ROW_21_88,VPWR,li1,18.6300,68.3060,1.799980
TAP_TAPCELL_ROW_20_87,VPWR,li1,44.3900,67.6930,1.799991
TAP_TAPCELL_ROW_20_86,VPWR,li1,18.6300,67.6930,1.799980
TAP_TAPCELL_ROW_19_85,VPWR,li1,57.2700,62.8660,1.799994
TAP_TAPCELL_ROW_19_84,VPWR,li1,31.5100,62.8660,1.799992
TAP_TAPCELL_ROW_18_83,VPWR,li1,44.3900,62.2530,1.799990
TAP_TAPCELL_ROW_18_82,VPWR,li1,18.6300,62.2530,1.799987
TAP_TAPCELL_ROW_17_81,VPWR,li1,57.2700,57.4260,1.799999
TAP_TAPCELL_ROW_17_80,VPWR,li1,31.5100,57.4260,1.799995
TAP_TAPCELL_ROW_16_79,VPWR,li1,44.3900,56.8130,1.799997
TAP_TAPCELL_ROW_16_78,VPWR,li1,18.6300,56.8130,1.799990
TAP_TAPCELL_ROW_15_77,VPWR,li1,57.2700,51.9860,1.799984
TAP_TAPCELL_ROW_15_76,VPWR,li1,31.5100,51.9860,1.799947
TAP_TAPCELL_ROW_14_75,VPWR,li1,44.3900,51.3730,1.799963
TAP_TAPCELL_ROW_14_74,VPWR,li1,18.6300,51.3730,1.799960
TAP_TAPCELL_ROW_13_73,VPWR,li1,57.2700,46.5460,1.799982
TAP_TAPCELL_ROW_13_72,VPWR,li1,31.5100,46.5460,1.799943
TAP_TAPCELL_ROW_12_71,VPWR,li1,44.3900,45.9330,1.799957
TAP_TAPCELL_ROW_12_70,VPWR,li1,18.6300,45.9330,1.799961
TAP_TAPCELL_ROW_11_69,VPWR,li1,57.2700,41.1060,1.799981
TAP_TAPCELL_ROW_11_68,VPWR,li1,31.5100,41.1060,1.799953
TAP_TAPCELL_ROW_10_67,VPWR,li1,44.3900,40.4930,1.799955
TAP_TAPCELL_ROW_10_66,VPWR,li1,18.6300,40.4930,1.799966
TAP_TAPCELL_ROW_9_65,VPWR,li1,57.2700,35.6660,1.799971
TAP_TAPCELL_ROW_9_64,VPWR,li1,31.5100,35.6660,1.799937
TAP_TAPCELL_ROW_8_63,VPWR,li1,44.3900,35.0530,1.799942
TAP_TAPCELL_ROW_8_62,VPWR,li1,18.6300,35.0530,1.799956
TAP_TAPCELL_ROW_7_61,VPWR,li1,57.2700,30.2260,1.799973
TAP_TAPCELL_ROW_7_60,VPWR,li1,31.5100,30.2260,1.799931
TAP_TAPCELL_ROW_6_59,VPWR,li1,44.3900,29.6130,1.799942
TAP_TAPCELL_ROW_6_58,VPWR,li1,18.6300,29.6130,1.799967
TAP_TAPCELL_ROW_5_57,VPWR,li1,57.2700,24.7860,1.799991
TAP_TAPCELL_ROW_5_56,VPWR,li1,31.5100,24.7860,1.799963
TAP_TAPCELL_ROW_4_55,VPWR,li1,44.3900,24.1730,1.799977
TAP_TAPCELL_ROW_4_54,VPWR,li1,18.6300,24.1730,1.799959
TAP_TAPCELL_ROW_3_53,VPWR,li1,57.2700,19.3460,1.799991
TAP_TAPCELL_ROW_3_52,VPWR,li1,31.5100,19.3460,1.799985
TAP_TAPCELL_ROW_2_51,VPWR,li1,44.3900,18.7330,1.799986
TAP_TAPCELL_ROW_2_50,VPWR,li1,18.6300,18.7330,1.799986
TAP_TAPCELL_ROW_1_49,VPWR,li1,57.2700,13.9060,1.799989
TAP_TAPCELL_ROW_1_48,VPWR,li1,31.5100,13.9060,1.799972
TAP_TAPCELL_ROW_0_47,VPWR,li1,57.2700,13.2930,1.799989
TAP_TAPCELL_ROW_0_46,VPWR,li1,44.3900,13.2930,1.799978
TAP_TAPCELL_ROW_0_45,VPWR,li1,31.5100,13.2930,1.799972
TAP_TAPCELL_ROW_0_44,VPWR,li1,18.6300,13.2930,1.799951
PHY_EDGE_ROW_21_Left_43,VPWR,li1,6.2100,68.0000,1.799965
PHY_EDGE_ROW_20_Left_42,VPWR,li1,6.2100,68.0000,1.799965
PHY_EDGE_ROW_19_Left_41,VPWR,li1,6.2100,62.5600,1.799976
PHY_EDGE_ROW_18_Left_40,VPWR,li1,6.2100,62.5600,1.799976
PHY_EDGE_ROW_17_Left_39,VPWR,li1,6.2100,57.1200,1.799983
PHY_EDGE_ROW_16_Left_38,VPWR,li1,6.2100,57.1200,1.799983
PHY_EDGE_ROW_15_Left_37,VPWR,li1,6.2100,51.6800,1.799943
PHY_EDGE_ROW_14_Left_36,VPWR,li1,6.2100,51.6800,1.799943
PHY_EDGE_ROW_13_Left_35,VPWR,li1,6.2100,46.2400,1.799954
PHY_EDGE_ROW_12_Left_34,VPWR,li1,6.2100,46.2400,1.799954
PHY_EDGE_ROW_11_Left_33,VPWR,li1,6.2100,40.8000,1.799954
PHY_EDGE_ROW_10_Left_32,VPWR,li1,6.2100,40.8000,1.799954
PHY_EDGE_ROW_9_Left_31,VPWR,li1,6.2100,35.3600,1.799951
PHY_EDGE_ROW_8_Left_30,VPWR,li1,6.2100,35.3600,1.799951
PHY_EDGE_ROW_7_Left_29,VPWR,li1,6.2100,29.9200,1.799956
PHY_EDGE_ROW_6_Left_28,VPWR,li1,6.2100,29.9200,1.799956
PHY_EDGE_ROW_5_Left_27,VPWR,li1,6.2100,24.4800,1.799936
PHY_EDGE_ROW_4_Left_26,VPWR,li1,6.2100,24.4800,1.799936
PHY_EDGE_ROW_3_Left_25,VPWR,li1,6.2100,19.0400,1.799980
PHY_EDGE_ROW_2_Left_24,VPWR,li1,6.2100,19.0400,1.799980
PHY_EDGE_ROW_1_Left_23,VPWR,li1,6.2100,13.6000,1.799925
PHY_EDGE_ROW_0_Left_22,VPWR,li1,6.2100,13.6000,1.799925
PHY_EDGE_ROW_21_Right_21,VPWR,li1,65.0900,68.0000,1.799996
PHY_EDGE_ROW_20_Right_20,VPWR,li1,65.0900,68.0000,1.799996
PHY_EDGE_ROW_19_Right_19,VPWR,li1,65.0900,62.5600,1.799994
PHY_EDGE_ROW_18_Right_18,VPWR,li1,65.0900,62.5600,1.799994
PHY_EDGE_ROW_17_Right_17,VPWR,li1,65.0900,57.1200,1.799999
PHY_EDGE_ROW_16_Right_16,VPWR,li1,65.0900,57.1200,1.799999
PHY_EDGE_ROW_15_Right_15,VPWR,li1,65.0900,51.6800,1.799984
PHY_EDGE_ROW_14_Right_14,VPWR,li1,65.0900,51.6800,1.799984
PHY_EDGE_ROW_13_Right_13,VPWR,li1,65.0900,46.2400,1.799982
PHY_EDGE_ROW_12_Right_12,VPWR,li1,65.0900,46.2400,1.799982
PHY_EDGE_ROW_11_Right_11,VPWR,li1,65.0900,40.8000,1.799981
PHY_EDGE_ROW_10_Right_10,VPWR,li1,65.0900,40.8000,1.799981
PHY_EDGE_ROW_9_Right_9,VPWR,li1,65.0900,35.3600,1.799971
PHY_EDGE_ROW_8_Right_8,VPWR,li1,65.0900,35.3600,1.799971
PHY_EDGE_ROW_7_Right_7,VPWR,li1,65.0900,29.9200,1.799973
PHY_EDGE_ROW_6_Right_6,VPWR,li1,65.0900,29.9200,1.799973
PHY_EDGE_ROW_5_Right_5,VPWR,li1,65.0900,24.4800,1.799991
PHY_EDGE_ROW_4_Right_4,VPWR,li1,65.0900,24.4800,1.799991
PHY_EDGE_ROW_3_Right_3,VPWR,li1,65.0900,19.0400,1.799991
PHY_EDGE_ROW_2_Right_2,VPWR,li1,65.0900,19.0400,1.799991
PHY_EDGE_ROW_1_Right_1,VPWR,li1,65.0900,13.6000,1.799989
PHY_EDGE_ROW_0_Right_0,VPWR,li1,65.0900,13.6000,1.799989
_266_,VPWR,li1,23.4600,13.6000,1.799970
_265_,VPWR,li1,35.8800,19.0400,1.799983
_264_,VPWR,li1,49.6800,19.0400,1.799987
_263_,VPWR,li1,51.0600,19.0400,1.799987
_262_,VPWR,li1,13.3400,13.6000,1.799937
_261_,VPWR,li1,26.6800,13.6000,1.799970
_260_,VPWR,li1,45.0800,13.6000,1.799978
_259_,VPWR,li1,49.2200,13.6000,1.799985
_258_,VPWR,li1,49.9100,35.3600,1.799961
_257_,VPWR,li1,48.3000,29.9200,1.799952
_256_,VPWR,li1,21.8500,24.4800,1.799967
_255_,VPWR,li1,11.5000,68.0000,1.799966
_254_,VPWR,li1,11.5000,57.1200,1.799986
_253_,VPWR,li1,11.5000,35.3600,1.799951
_252_,VPWR,li1,11.5000,35.3600,1.799951
_251_,VPWR,li1,11.5000,24.4800,1.799941
_250_,VPWR,li1,11.5000,19.0400,1.799980
_249_,VPWR,li1,17.4800,13.6000,1.799951
_248_,VPWR,li1,11.5000,19.0400,1.799980
_247_,VPWR,li1,50.1400,62.5600,1.799990
_246_,VPWR,li1,48.7600,62.5600,1.799990
_245_,VPWR,li1,35.4200,68.0000,1.799985
_244_,VPWR,li1,23.4600,68.0000,1.799985
_243_,VPWR,li1,42.3200,51.6800,1.799957
_242_,VPWR,li1,23.9200,51.6800,1.799958
_241_,VPWR,li1,17.0200,62.5600,1.799987
_240_,VPWR,li1,13.8000,51.6800,1.799947
_239_,VPWR,li1,11.7300,46.2400,1.799954
_238_,VPWR,li1,42.0900,62.5600,1.799991
_237_,VPWR,li1,47.1500,57.1200,1.799998
_236_,VPWR,li1,43.4700,62.5600,1.799991
_235_,VPWR,li1,48.9900,68.0000,1.799994
_234_,VPWR,li1,42.0900,62.5600,1.799991
_233_,VPWR,li1,47.1500,68.0000,1.799993
_232_,VPWR,li1,33.3500,68.0000,1.799985
_231_,VPWR,li1,34.9600,62.5600,1.799991
_230_,VPWR,li1,35.1900,62.5600,1.799991
_229_,VPWR,li1,33.8100,62.5600,1.799991
_228_,VPWR,li1,38.4100,62.5600,1.799991
_227_,VPWR,li1,17.7100,68.0000,1.799976
_226_,VPWR,li1,28.2900,62.5600,1.799992
_225_,VPWR,li1,32.6600,62.5600,1.799991
_224_,VPWR,li1,30.1300,62.5600,1.799992
_223_,VPWR,li1,37.0300,57.1200,1.799996
_222_,VPWR,li1,34.2700,57.1200,1.799995
_221_,VPWR,li1,31.0500,57.1200,1.799995
_220_,VPWR,li1,33.3500,57.1200,1.799995
_219_,VPWR,li1,25.0700,51.6800,1.799958
_218_,VPWR,li1,25.9900,57.1200,1.799994
_217_,VPWR,li1,24.6100,57.1200,1.799994
_216_,VPWR,li1,27.8300,57.1200,1.799994
_215_,VPWR,li1,28.2900,51.6800,1.799953
_214_,VPWR,li1,14.9500,62.5600,1.799984
_213_,VPWR,li1,17.7100,57.1200,1.799990
_212_,VPWR,li1,17.2500,57.1200,1.799990
_211_,VPWR,li1,19.0900,51.6800,1.799960
_210_,VPWR,li1,13.1100,51.6800,1.799947
_209_,VPWR,li1,36.3400,35.3600,1.799928
_208_,VPWR,li1,28.7500,35.3600,1.799943
_207_,VPWR,li1,26.6800,29.9200,1.799949
_206_,VPWR,li1,25.0700,29.9200,1.799949
_205_,VPWR,li1,37.4900,35.3600,1.799928
_204_,VPWR,li1,42.3200,35.3600,1.799935
_203_,VPWR,li1,17.2500,51.6800,1.799953
_202_,VPWR,li1,15.8700,51.6800,1.799953
_201_,VPWR,li1,20.0100,46.2400,1.799963
_200_,VPWR,li1,39.5600,46.2400,1.799945
_199_,VPWR,li1,37.4900,46.2400,1.799939
_198_,VPWR,li1,20.7000,46.2400,1.799963
_197_,VPWR,li1,17.0200,35.3600,1.799956
_196_,VPWR,li1,15.6400,40.8000,1.799962
_195_,VPWR,li1,10.8100,62.5600,1.799978
_194_,VPWR,li1,17.7100,35.3600,1.799956
_193_,VPWR,li1,20.0100,35.3600,1.799962
_192_,VPWR,li1,22.7700,35.3600,1.799966
_191_,VPWR,li1,23.0000,29.9200,1.799957
_190_,VPWR,li1,12.6500,40.8000,1.799960
_189_,VPWR,li1,21.3900,29.9200,1.799969
_188_,VPWR,li1,21.1600,24.4800,1.799967
_187_,VPWR,li1,42.0900,29.9200,1.799933
_186_,VPWR,li1,30.3600,35.3600,1.799943
_185_,VPWR,li1,34.9600,24.4800,1.799964
_184_,VPWR,li1,32.6600,19.0400,1.799985
_183_,VPWR,li1,33.8100,29.9200,1.799924
_182_,VPWR,li1,39.1000,24.4800,1.799972
_181_,VPWR,li1,36.5700,19.0400,1.799984
_180_,VPWR,li1,29.2100,24.4800,1.799962
_179_,VPWR,li1,28.7500,35.3600,1.799943
_178_,VPWR,li1,42.0900,40.8000,1.799950
_177_,VPWR,li1,43.4700,40.8000,1.799950
_176_,VPWR,li1,37.9500,40.8000,1.799941
_175_,VPWR,li1,43.4700,35.3600,1.799942
_174_,VPWR,li1,40.2500,35.3600,1.799931
_173_,VPWR,li1,39.1000,24.4800,1.799972
_172_,VPWR,li1,34.0400,35.3600,1.799932
_171_,VPWR,li1,45.3100,40.8000,1.799955
_170_,VPWR,li1,40.7100,35.3600,1.799935
_169_,VPWR,li1,37.9500,29.9200,1.799922
_168_,VPWR,li1,41.6300,46.2400,1.799950
_167_,VPWR,li1,30.3600,46.2400,1.799943
_166_,VPWR,li1,42.5500,40.8000,1.799950
_165_,VPWR,li1,40.9400,40.8000,1.799945
_164_,VPWR,li1,46.6900,46.2400,1.799963
_163_,VPWR,li1,40.2500,51.6800,1.799952
_162_,VPWR,li1,36.1100,51.6800,1.799944
_161_,VPWR,li1,33.3500,51.6800,1.799943
_160_,VPWR,li1,45.3100,46.2400,1.799957
_159_,VPWR,li1,42.3200,46.2400,1.799950
_158_,VPWR,li1,60.0300,40.8000,1.799981
_157_,VPWR,li1,21.8500,29.9200,1.799969
_156_,VPWR,li1,28.2900,29.9200,1.799937
_155_,VPWR,li1,30.1300,35.3600,1.799943
_154_,VPWR,li1,30.1300,29.9200,1.799931
_153_,VPWR,li1,25.5300,35.3600,1.799957
_152_,VPWR,li1,23.6900,40.8000,1.799970
_151_,VPWR,li1,34.7300,24.4800,1.799964
_150_,VPWR,li1,40.7100,24.4800,1.799972
_149_,VPWR,li1,31.9700,24.4800,1.799963
_148_,VPWR,li1,34.5000,19.0400,1.799983
_147_,VPWR,li1,41.1700,19.0400,1.799985
_146_,VPWR,li1,33.3500,24.4800,1.799964
_145_,VPWR,li1,30.1300,19.0400,1.799986
_144_,VPWR,li1,28.2900,19.0400,1.799987
_143_,VPWR,li1,27.8300,24.4800,1.799962
_142_,VPWR,li1,36.8000,24.4800,1.799967
_141_,VPWR,li1,38.8700,19.0400,1.799984
_140_,VPWR,li1,21.8500,40.8000,1.799975
_139_,VPWR,li1,26.9100,35.3600,1.799949
_138_,VPWR,li1,36.5700,29.9200,1.799916
_137_,VPWR,li1,13.1100,40.8000,1.799960
_136_,VPWR,li1,21.8500,40.8000,1.799975
_135_,VPWR,li1,28.2900,46.2400,1.799948
_134_,VPWR,li1,34.9600,57.1200,1.799995
_133_,VPWR,li1,36.5700,57.1200,1.799996
_132_,VPWR,li1,23.2300,46.2400,1.799967
_131_,VPWR,li1,24.6100,46.2400,1.799959
_130_,VPWR,li1,23.6900,51.6800,1.799958
_129_,VPWR,li1,17.2500,40.8000,1.799966
_128_,VPWR,li1,43.9300,40.8000,1.799955
_127_,VPWR,li1,39.3300,40.8000,1.799945
_126_,VPWR,li1,41.4000,29.9200,1.799927
_125_,VPWR,li1,36.1100,35.3600,1.799928
_124_,VPWR,li1,24.1500,24.4800,1.799963
_123_,VPWR,li1,43.0100,46.2400,1.799950
_122_,VPWR,li1,37.9500,57.1200,1.799996
_121_,VPWR,li1,43.4700,62.5600,1.799991
_120_,VPWR,li1,37.0300,62.5600,1.799991
_119_,VPWR,li1,41.6300,51.6800,1.799952
_118_,VPWR,li1,22.3100,51.6800,1.799967
_117_,VPWR,li1,34.7300,51.6800,1.799939
