Instance,Terminal,Layer,X location,Y location,Voltage
FILLER_0_21_113,VGND,li1,60.2600,70.7200,0.000001
FILLER_0_21_109,VGND,li1,56.3500,70.7200,0.000001
FILLER_0_21_97,VGND,li1,52.9000,70.7200,0.000001
FILLER_0_21_85,VGND,li1,47.3800,70.7200,0.000002
FILLER_0_21_82,VGND,li1,43.7000,70.7200,0.000002
FILLER_0_21_74,VGND,li1,41.4000,70.7200,0.000003
FILLER_0_21_62,VGND,li1,36.8000,70.7200,0.000003
FILLER_0_21_57,VGND,li1,32.2000,70.7200,0.000004
FILLER_0_21_53,VGND,li1,30.5900,70.7200,0.000004
FILLER_0_21_41,VGND,li1,27.1400,70.7200,0.000005
FILLER_0_21_29,VGND,li1,21.6200,70.7200,0.000009
FILLER_0_21_27,VGND,li1,18.1700,70.7200,0.000013
FILLER_0_21_23,VGND,li1,17.0200,70.7200,0.000013
FILLER_0_21_11,VGND,li1,13.3400,70.7200,0.000017
FILLER_0_20_120,VGND,li1,62.5600,65.2800,0.000007
FILLER_0_20_108,VGND,li1,57.9600,65.2800,0.000007
FILLER_0_20_96,VGND,li1,52.4400,65.2800,0.000010
FILLER_0_20_85,VGND,li1,45.3100,65.2800,0.000018
FILLER_0_20_83,VGND,li1,43.9300,65.2800,0.000018
FILLER_0_20_75,VGND,li1,41.8600,65.2800,0.000019
FILLER_0_20_49,VGND,li1,29.4400,65.2800,0.000022
FILLER_0_20_23,VGND,li1,16.5600,65.2800,0.000056
FILLER_0_19_125,VGND,li1,63.7100,65.2800,0.000007
FILLER_0_19_113,VGND,li1,60.2600,65.2800,0.000007
FILLER_0_19_104,VGND,li1,55.2000,65.2800,0.000007
FILLER_0_19_77,VGND,li1,41.1700,65.2800,0.000020
FILLER_0_19_73,VGND,li1,40.0200,65.2800,0.000020
FILLER_0_19_47,VGND,li1,27.3700,65.2800,0.000022
FILLER_0_19_35,VGND,li1,24.3800,65.2800,0.000034
FILLER_0_19_13,VGND,li1,11.9600,65.2800,0.000066
FILLER_0_19_7,VGND,li1,9.4300,65.2800,0.000068
FILLER_0_18_127,VGND,li1,64.1700,59.8400,0.000004
FILLER_0_18_119,VGND,li1,62.1000,59.8400,0.000004
FILLER_0_18_107,VGND,li1,57.5000,59.8400,0.000004
FILLER_0_18_85,VGND,li1,45.0800,59.8400,0.000007
FILLER_0_18_66,VGND,li1,38.6400,59.8400,0.000008
FILLER_0_18_59,VGND,li1,32.8900,59.8400,0.000008
FILLER_0_18_53,VGND,li1,31.2800,59.8400,0.000008
FILLER_0_18_41,VGND,li1,27.1400,59.8400,0.000008
FILLER_0_18_29,VGND,li1,21.6200,59.8400,0.000015
FILLER_0_18_22,VGND,li1,17.0200,59.8400,0.000022
FILLER_0_18_15,VGND,li1,13.3400,59.8400,0.000025
FILLER_0_18_3,VGND,li1,9.6600,59.8400,0.000027
FILLER_0_17_125,VGND,li1,63.7100,59.8400,0.000004
FILLER_0_17_113,VGND,li1,60.2600,59.8400,0.000004
FILLER_0_17_106,VGND,li1,55.6600,59.8400,0.000004
FILLER_0_17_94,VGND,li1,51.5200,59.8400,0.000007
FILLER_0_17_86,VGND,li1,45.3100,59.8400,0.000007
FILLER_0_17_82,VGND,li1,44.1600,59.8400,0.000007
FILLER_0_17_70,VGND,li1,40.4800,59.8400,0.000008
FILLER_0_17_64,VGND,li1,35.6500,59.8400,0.000008
FILLER_0_17_57,VGND,li1,32.6600,59.8400,0.000008
FILLER_0_17_53,VGND,li1,30.5900,59.8400,0.000008
FILLER_0_17_41,VGND,li1,27.1400,59.8400,0.000008
FILLER_0_17_36,VGND,li1,22.5400,59.8400,0.000015
FILLER_0_17_28,VGND,li1,20.2400,59.8400,0.000019
FILLER_0_17_23,VGND,li1,16.5600,59.8400,0.000022
FILLER_0_16_127,VGND,li1,64.1700,54.4000,0.000003
FILLER_0_16_121,VGND,li1,62.5600,54.4000,0.000003
FILLER_0_16_109,VGND,li1,58.4200,54.4000,0.000003
FILLER_0_16_97,VGND,li1,52.9000,54.4000,0.000006
FILLER_0_16_85,VGND,li1,47.3800,54.4000,0.000009
FILLER_0_16_72,VGND,li1,41.4000,54.4000,0.000013
FILLER_0_16_58,VGND,li1,32.4300,54.4000,0.000012
FILLER_0_16_51,VGND,li1,29.4400,54.4000,0.000012
FILLER_0_16_37,VGND,li1,23.2300,54.4000,0.000015
FILLER_0_16_29,VGND,li1,20.7000,54.4000,0.000021
FILLER_0_16_27,VGND,li1,18.1700,54.4000,0.000024
FILLER_0_16_23,VGND,li1,16.3300,54.4000,0.000026
FILLER_0_16_19,VGND,li1,15.1800,54.4000,0.000026
FILLER_0_16_7,VGND,li1,11.5000,54.4000,0.000029
FILLER_0_15_125,VGND,li1,63.7100,54.4000,0.000003
FILLER_0_15_113,VGND,li1,60.2600,54.4000,0.000003
FILLER_0_15_110,VGND,li1,56.5800,54.4000,0.000003
FILLER_0_15_102,VGND,li1,54.2800,54.4000,0.000006
FILLER_0_15_90,VGND,li1,49.6800,54.4000,0.000008
FILLER_0_15_68,VGND,li1,37.2600,54.4000,0.000013
FILLER_0_15_57,VGND,li1,32.2000,54.4000,0.000012
FILLER_0_15_55,VGND,li1,31.0500,54.4000,0.000012
FILLER_0_15_51,VGND,li1,29.9000,54.4000,0.000012
FILLER_0_15_44,VGND,li1,26.6800,54.4000,0.000012
FILLER_0_15_32,VGND,li1,20.9300,54.4000,0.000019
FILLER_0_15_18,VGND,li1,14.4900,54.4000,0.000028
FILLER_0_15_7,VGND,li1,10.5800,54.4000,0.000029
FILLER_0_14_127,VGND,li1,64.1700,48.9600,0.000023
FILLER_0_14_121,VGND,li1,62.5600,48.9600,0.000023
FILLER_0_14_109,VGND,li1,58.4200,48.9600,0.000023
FILLER_0_14_97,VGND,li1,52.9000,48.9600,0.000037
FILLER_0_14_85,VGND,li1,47.3800,48.9600,0.000066
FILLER_0_14_80,VGND,li1,43.2400,48.9600,0.000077
FILLER_0_14_29,VGND,li1,19.0900,48.9600,0.000087
FILLER_0_14_7,VGND,li1,8.9700,48.9600,0.000098
FILLER_0_14_3,VGND,li1,7.8200,48.9600,0.000098
FILLER_0_13_125,VGND,li1,63.7100,48.9600,0.000023
FILLER_0_13_113,VGND,li1,60.2600,48.9600,0.000023
FILLER_0_13_111,VGND,li1,56.8100,48.9600,0.000023
FILLER_0_13_103,VGND,li1,54.7400,48.9600,0.000030
FILLER_0_13_91,VGND,li1,50.1400,48.9600,0.000048
FILLER_0_13_87,VGND,li1,45.7700,48.9600,0.000066
FILLER_0_13_83,VGND,li1,44.6200,48.9600,0.000077
FILLER_0_13_43,VGND,li1,26.2200,48.9600,0.000058
FILLER_0_13_28,VGND,li1,18.6300,48.9600,0.000087
FILLER_0_13_24,VGND,li1,17.4800,48.9600,0.000087
FILLER_0_12_124,VGND,li1,63.4800,43.5200,0.000005
FILLER_0_12_112,VGND,li1,59.8000,43.5200,0.000005
FILLER_0_12_100,VGND,li1,54.2800,43.5200,0.000007
FILLER_0_12_88,VGND,li1,48.7600,43.5200,0.000012
FILLER_0_12_83,VGND,li1,43.9300,43.5200,0.000015
FILLER_0_12_67,VGND,li1,36.5700,43.5200,0.000016
FILLER_0_12_61,VGND,li1,34.9600,43.5200,0.000015
FILLER_0_12_49,VGND,li1,30.8200,43.5200,0.000013
FILLER_0_12_37,VGND,li1,25.3000,43.5200,0.000011
FILLER_0_12_26,VGND,li1,17.9400,43.5200,0.000020
FILLER_0_12_18,VGND,li1,15.6400,43.5200,0.000021
FILLER_0_12_6,VGND,li1,11.0400,43.5200,0.000021
FILLER_0_11_124,VGND,li1,62.7900,43.5200,0.000005
FILLER_0_11_120,VGND,li1,61.6400,43.5200,0.000005
FILLER_0_11_113,VGND,li1,58.4200,43.5200,0.000005
FILLER_0_11_109,VGND,li1,56.3500,43.5200,0.000005
FILLER_0_11_97,VGND,li1,52.9000,43.5200,0.000007
FILLER_0_11_85,VGND,li1,47.3800,43.5200,0.000012
FILLER_0_11_57,VGND,li1,34.5000,43.5200,0.000015
FILLER_0_11_55,VGND,li1,31.0500,43.5200,0.000013
FILLER_0_11_49,VGND,li1,29.4400,43.5200,0.000013
FILLER_0_11_37,VGND,li1,25.3000,43.5200,0.000011
FILLER_0_11_33,VGND,li1,20.9300,43.5200,0.000020
FILLER_0_11_27,VGND,li1,19.3200,43.5200,0.000020
FILLER_0_11_23,VGND,li1,16.3300,43.5200,0.000021
FILLER_0_11_17,VGND,li1,14.7200,43.5200,0.000021
FILLER_0_11_11,VGND,li1,11.2700,43.5200,0.000021
FILLER_0_11_3,VGND,li1,8.7400,43.5200,0.000021
FILLER_0_10_124,VGND,li1,63.4800,38.0800,0.000020
FILLER_0_10_112,VGND,li1,59.8000,38.0800,0.000020
FILLER_0_10_100,VGND,li1,54.2800,38.0800,0.000027
FILLER_0_10_88,VGND,li1,48.7600,38.0800,0.000047
FILLER_0_10_57,VGND,li1,31.9700,38.0800,0.000068
FILLER_0_10_53,VGND,li1,30.8200,38.0800,0.000068
FILLER_0_10_41,VGND,li1,27.1400,38.0800,0.000044
FILLER_0_10_37,VGND,li1,22.7700,38.0800,0.000056
FILLER_0_10_33,VGND,li1,20.9300,38.0800,0.000061
FILLER_0_10_29,VGND,li1,19.7800,38.0800,0.000061
FILLER_0_10_25,VGND,li1,17.7100,38.0800,0.000066
FILLER_0_10_18,VGND,li1,14.0300,38.0800,0.000076
FILLER_0_10_7,VGND,li1,10.5800,38.0800,0.000081
FILLER_0_9_125,VGND,li1,63.7100,38.0800,0.000020
FILLER_0_9_113,VGND,li1,60.2600,38.0800,0.000020
FILLER_0_9_108,VGND,li1,56.1200,38.0800,0.000020
FILLER_0_9_96,VGND,li1,52.4400,38.0800,0.000034
FILLER_0_9_84,VGND,li1,46.9200,38.0800,0.000059
FILLER_0_9_79,VGND,li1,42.3200,38.0800,0.000075
FILLER_0_9_57,VGND,li1,32.4300,38.0800,0.000068
FILLER_0_9_45,VGND,li1,27.1400,38.0800,0.000044
FILLER_0_9_41,VGND,li1,24.6100,38.0800,0.000050
FILLER_0_9_33,VGND,li1,22.5400,38.0800,0.000056
FILLER_0_8_120,VGND,li1,62.5600,32.6400,0.000023
FILLER_0_8_108,VGND,li1,57.9600,32.6400,0.000023
FILLER_0_8_82,VGND,li1,43.7000,32.6400,0.000060
FILLER_0_8_71,VGND,li1,38.6400,32.6400,0.000058
FILLER_0_8_64,VGND,li1,35.1900,32.6400,0.000056
FILLER_0_8_59,VGND,li1,32.8900,32.6400,0.000052
FILLER_0_8_55,VGND,li1,31.7400,32.6400,0.000048
FILLER_0_8_48,VGND,li1,27.8300,32.6400,0.000038
FILLER_0_8_39,VGND,li1,24.8400,32.6400,0.000032
FILLER_0_8_35,VGND,li1,21.8500,32.6400,0.000042
FILLER_0_8_29,VGND,li1,20.2400,32.6400,0.000042
FILLER_0_8_27,VGND,li1,18.1700,32.6400,0.000048
FILLER_0_7_125,VGND,li1,63.7100,32.6400,0.000023
FILLER_0_7_113,VGND,li1,60.2600,32.6400,0.000023
FILLER_0_7_111,VGND,li1,56.8100,32.6400,0.000023
FILLER_0_7_103,VGND,li1,54.7400,32.6400,0.000030
FILLER_0_7_81,VGND,li1,43.2400,32.6400,0.000060
FILLER_0_7_72,VGND,li1,40.0200,32.6400,0.000060
FILLER_0_7_63,VGND,li1,35.1900,32.6400,0.000056
FILLER_0_7_57,VGND,li1,32.4300,32.6400,0.000048
FILLER_0_7_55,VGND,li1,31.0500,32.6400,0.000048
FILLER_0_7_51,VGND,li1,29.2100,32.6400,0.000043
FILLER_0_7_40,VGND,li1,24.1500,32.6400,0.000037
FILLER_0_7_31,VGND,li1,20.2400,32.6400,0.000042
FILLER_0_7_19,VGND,li1,17.0200,32.6400,0.000048
FILLER_0_7_7,VGND,li1,11.5000,32.6400,0.000057
FILLER_0_6_127,VGND,li1,64.1700,27.2000,0.000016
FILLER_0_6_121,VGND,li1,62.5600,27.2000,0.000016
FILLER_0_6_109,VGND,li1,58.4200,27.2000,0.000016
FILLER_0_6_97,VGND,li1,52.9000,27.2000,0.000026
FILLER_0_6_85,VGND,li1,47.3800,27.2000,0.000043
FILLER_0_6_80,VGND,li1,43.2400,27.2000,0.000055
FILLER_0_6_55,VGND,li1,31.0500,27.2000,0.000056
FILLER_0_6_49,VGND,li1,29.4400,27.2000,0.000046
FILLER_0_6_37,VGND,li1,25.3000,27.2000,0.000035
FILLER_0_6_33,VGND,li1,20.9300,27.2000,0.000044
FILLER_0_6_29,VGND,li1,19.7800,27.2000,0.000049
FILLER_0_6_27,VGND,li1,18.1700,27.2000,0.000049
FILLER_0_6_19,VGND,li1,16.1000,27.2000,0.000053
FILLER_0_6_7,VGND,li1,11.5000,27.2000,0.000062
FILLER_0_5_125,VGND,li1,63.7100,27.2000,0.000016
FILLER_0_5_113,VGND,li1,60.2600,27.2000,0.000016
FILLER_0_5_109,VGND,li1,56.3500,27.2000,0.000016
FILLER_0_5_101,VGND,li1,53.8200,27.2000,0.000026
FILLER_0_5_89,VGND,li1,49.2200,27.2000,0.000037
FILLER_0_5_77,VGND,li1,43.7000,27.2000,0.000055
FILLER_0_5_57,VGND,li1,32.2000,27.2000,0.000056
FILLER_0_5_53,VGND,li1,30.5900,27.2000,0.000056
FILLER_0_5_23,VGND,li1,16.3300,27.2000,0.000053
FILLER_0_4_127,VGND,li1,64.1700,21.7600,0.000007
FILLER_0_4_121,VGND,li1,62.5600,21.7600,0.000007
FILLER_0_4_109,VGND,li1,58.4200,21.7600,0.000007
FILLER_0_4_97,VGND,li1,52.9000,21.7600,0.000012
FILLER_0_4_85,VGND,li1,47.3800,21.7600,0.000018
FILLER_0_4_78,VGND,li1,42.7800,21.7600,0.000020
FILLER_0_4_44,VGND,li1,28.5200,21.7600,0.000024
FILLER_0_4_29,VGND,li1,19.3200,21.7600,0.000048
FILLER_0_4_27,VGND,li1,18.1700,21.7600,0.000054
FILLER_0_4_21,VGND,li1,16.5600,21.7600,0.000054
FILLER_0_4_9,VGND,li1,12.4200,21.7600,0.000067
FILLER_0_3_125,VGND,li1,63.7100,21.7600,0.000007
FILLER_0_3_113,VGND,li1,60.2600,21.7600,0.000007
FILLER_0_3_109,VGND,li1,56.3500,21.7600,0.000007
FILLER_0_3_86,VGND,li1,45.7700,21.7600,0.000018
FILLER_0_3_74,VGND,li1,42.3200,21.7600,0.000021
FILLER_0_3_69,VGND,li1,37.7200,21.7600,0.000023
FILLER_0_3_65,VGND,li1,35.6500,21.7600,0.000024
FILLER_0_3_55,VGND,li1,31.0500,21.7600,0.000025
FILLER_0_3_51,VGND,li1,29.2100,21.7600,0.000024
FILLER_0_3_47,VGND,li1,28.0600,21.7600,0.000023
FILLER_0_3_35,VGND,li1,24.3800,21.7600,0.000032
FILLER_0_3_23,VGND,li1,18.8600,21.7600,0.000048
FILLER_0_2_126,VGND,li1,63.9400,16.3200,0.000010
FILLER_0_2_118,VGND,li1,61.6400,16.3200,0.000010
FILLER_0_2_106,VGND,li1,57.0400,16.3200,0.000010
FILLER_0_2_85,VGND,li1,44.8500,16.3200,0.000028
FILLER_0_2_83,VGND,li1,43.9300,16.3200,0.000028
FILLER_0_2_79,VGND,li1,42.7800,16.3200,0.000030
FILLER_0_2_55,VGND,li1,31.0500,16.3200,0.000032
FILLER_0_2_51,VGND,li1,29.9000,16.3200,0.000032
FILLER_0_2_47,VGND,li1,27.3700,16.3200,0.000031
FILLER_0_2_41,VGND,li1,25.7600,16.3200,0.000031
FILLER_0_2_29,VGND,li1,21.6200,16.3200,0.000051
FILLER_0_2_27,VGND,li1,18.1700,16.3200,0.000073
FILLER_0_2_23,VGND,li1,17.0200,16.3200,0.000073
FILLER_0_1_113,VGND,li1,60.2600,16.3200,0.000010
FILLER_0_1_108,VGND,li1,56.1200,16.3200,0.000010
FILLER_0_1_96,VGND,li1,52.4400,16.3200,0.000017
FILLER_0_1_75,VGND,li1,40.2500,16.3200,0.000031
FILLER_0_1_69,VGND,li1,38.6400,16.3200,0.000031
FILLER_0_1_57,VGND,li1,34.5000,16.3200,0.000033
FILLER_0_1_15,VGND,li1,12.6500,16.3200,0.000096
FILLER_0_0_126,VGND,li1,63.9400,10.8800,0.000004
FILLER_0_0_121,VGND,li1,61.6400,10.8800,0.000004
FILLER_0_0_113,VGND,li1,59.3400,10.8800,0.000004
FILLER_0_0_111,VGND,li1,56.8100,10.8800,0.000004
FILLER_0_0_105,VGND,li1,55.2000,10.8800,0.000004
FILLER_0_0_69,VGND,li1,40.0200,10.8800,0.000008
FILLER_0_0_57,VGND,li1,34.5000,10.8800,0.000008
FILLER_0_0_52,VGND,li1,30.3600,10.8800,0.000008
FILLER_0_0_27,VGND,li1,18.1700,10.8800,0.000015
FILLER_0_0_3,VGND,li1,7.1300,10.8800,0.000018
clkload0,VGND,li1,34.0400,48.9600,0.000099
clkbuf_1_1__f_clk,VGND,li1,36.3400,48.9600,0.000102
clkbuf_1_0__f_clk,VGND,li1,35.8800,27.2000,0.000071
clkbuf_0_clk,VGND,li1,36.8000,38.0800,0.000087
pmu_fsm_21,VGND,li1,7.5900,43.5200,0.000021
wire20,VGND,li1,21.8500,48.9600,0.000076
wire19,VGND,li1,23.6900,59.8400,0.000012
output18,VGND,li1,9.6600,70.7200,0.000020
output17,VGND,li1,7.8200,27.2000,0.000067
output16,VGND,li1,7.8200,32.6400,0.000061
output15,VGND,li1,8.2800,16.3200,0.000100
output14,VGND,li1,7.8200,38.0800,0.000085
output13,VGND,li1,7.8200,65.2800,0.000071
output12,VGND,li1,7.8200,54.4000,0.000032
output11,VGND,li1,11.0400,16.3200,0.000096
output10,VGND,li1,7.8200,70.7200,0.000020
output9,VGND,li1,7.8200,54.4000,0.000032
output8,VGND,li1,8.2800,21.7600,0.000072
input7,VGND,li1,62.7900,10.8800,0.000004
input6,VGND,li1,63.7100,70.7200,0.000001
input5,VGND,li1,28.7500,10.8800,0.000008
input4,VGND,li1,43.4700,10.8800,0.000008
input3,VGND,li1,8.0500,10.8800,0.000018
input2,VGND,li1,63.7100,16.3200,0.000010
input1,VGND,li1,63.7100,43.5200,0.000005
TAP_TAPCELL_ROW_21_91,VGND,li1,57.2700,70.4280,0.000001
TAP_TAPCELL_ROW_21_90,VGND,li1,44.3900,70.4280,0.000002
TAP_TAPCELL_ROW_21_89,VGND,li1,31.5100,70.4280,0.000004
TAP_TAPCELL_ROW_21_88,VGND,li1,18.6300,70.4280,0.000013
TAP_TAPCELL_ROW_20_87,VGND,li1,44.3900,65.5710,0.000018
TAP_TAPCELL_ROW_20_86,VGND,li1,18.6300,65.5710,0.000049
TAP_TAPCELL_ROW_19_85,VGND,li1,57.2700,64.9880,0.000007
TAP_TAPCELL_ROW_19_84,VGND,li1,31.5100,64.9880,0.000022
TAP_TAPCELL_ROW_18_83,VGND,li1,44.3900,60.1310,0.000007
TAP_TAPCELL_ROW_18_82,VGND,li1,18.6300,60.1310,0.000019
TAP_TAPCELL_ROW_17_81,VGND,li1,57.2700,59.5480,0.000004
TAP_TAPCELL_ROW_17_80,VGND,li1,31.5100,59.5480,0.000008
TAP_TAPCELL_ROW_16_79,VGND,li1,44.3900,54.6910,0.000011
TAP_TAPCELL_ROW_16_78,VGND,li1,18.6300,54.6910,0.000024
TAP_TAPCELL_ROW_15_77,VGND,li1,57.2700,54.1080,0.000003
TAP_TAPCELL_ROW_15_76,VGND,li1,31.5100,54.1080,0.000012
TAP_TAPCELL_ROW_14_75,VGND,li1,44.3900,49.2510,0.000077
TAP_TAPCELL_ROW_14_74,VGND,li1,18.6300,49.2510,0.000087
TAP_TAPCELL_ROW_13_73,VGND,li1,57.2700,48.6680,0.000023
TAP_TAPCELL_ROW_13_72,VGND,li1,31.5100,48.6680,0.000080
TAP_TAPCELL_ROW_12_71,VGND,li1,44.3900,43.8110,0.000014
TAP_TAPCELL_ROW_12_70,VGND,li1,18.6300,43.8110,0.000020
TAP_TAPCELL_ROW_11_69,VGND,li1,57.2700,43.2280,0.000005
TAP_TAPCELL_ROW_11_68,VGND,li1,31.5100,43.2280,0.000014
TAP_TAPCELL_ROW_10_67,VGND,li1,44.3900,38.3710,0.000066
TAP_TAPCELL_ROW_10_66,VGND,li1,18.6300,38.3710,0.000066
TAP_TAPCELL_ROW_9_65,VGND,li1,57.2700,37.7880,0.000020
TAP_TAPCELL_ROW_9_64,VGND,li1,31.5100,37.7880,0.000068
TAP_TAPCELL_ROW_8_63,VGND,li1,44.3900,32.9310,0.000059
TAP_TAPCELL_ROW_8_62,VGND,li1,18.6300,32.9310,0.000048
TAP_TAPCELL_ROW_7_61,VGND,li1,57.2700,32.3480,0.000023
TAP_TAPCELL_ROW_7_60,VGND,li1,31.5100,32.3480,0.000048
TAP_TAPCELL_ROW_6_59,VGND,li1,44.3900,27.4910,0.000055
TAP_TAPCELL_ROW_6_58,VGND,li1,18.6300,27.4910,0.000049
TAP_TAPCELL_ROW_5_57,VGND,li1,57.2700,26.9080,0.000016
TAP_TAPCELL_ROW_5_56,VGND,li1,31.5100,26.9080,0.000056
TAP_TAPCELL_ROW_4_55,VGND,li1,44.3900,22.0510,0.000020
TAP_TAPCELL_ROW_4_54,VGND,li1,18.6300,22.0510,0.000048
TAP_TAPCELL_ROW_3_53,VGND,li1,57.2700,21.4680,0.000007
TAP_TAPCELL_ROW_3_52,VGND,li1,31.5100,21.4680,0.000025
TAP_TAPCELL_ROW_2_51,VGND,li1,44.3900,16.6110,0.000028
TAP_TAPCELL_ROW_2_50,VGND,li1,18.6300,16.6110,0.000073
TAP_TAPCELL_ROW_1_49,VGND,li1,57.2700,16.0280,0.000010
TAP_TAPCELL_ROW_1_48,VGND,li1,31.5100,16.0280,0.000032
TAP_TAPCELL_ROW_0_47,VGND,li1,57.2700,11.1710,0.000004
TAP_TAPCELL_ROW_0_46,VGND,li1,44.3900,11.1710,0.000008
TAP_TAPCELL_ROW_0_45,VGND,li1,31.5100,11.1710,0.000008
TAP_TAPCELL_ROW_0_44,VGND,li1,18.6300,11.1710,0.000015
PHY_EDGE_ROW_21_Left_43,VGND,li1,6.2100,70.7200,0.000020
PHY_EDGE_ROW_20_Left_42,VGND,li1,6.2100,65.2800,0.000071
PHY_EDGE_ROW_19_Left_41,VGND,li1,6.2100,65.2800,0.000071
PHY_EDGE_ROW_18_Left_40,VGND,li1,6.2100,59.8400,0.000027
PHY_EDGE_ROW_17_Left_39,VGND,li1,6.2100,59.8400,0.000027
PHY_EDGE_ROW_16_Left_38,VGND,li1,6.2100,54.4000,0.000032
PHY_EDGE_ROW_15_Left_37,VGND,li1,6.2100,54.4000,0.000032
PHY_EDGE_ROW_14_Left_36,VGND,li1,6.2100,48.9600,0.000098
PHY_EDGE_ROW_13_Left_35,VGND,li1,6.2100,48.9600,0.000098
PHY_EDGE_ROW_12_Left_34,VGND,li1,6.2100,43.5200,0.000021
PHY_EDGE_ROW_11_Left_33,VGND,li1,6.2100,43.5200,0.000021
PHY_EDGE_ROW_10_Left_32,VGND,li1,6.2100,38.0800,0.000085
PHY_EDGE_ROW_9_Left_31,VGND,li1,6.2100,38.0800,0.000085
PHY_EDGE_ROW_8_Left_30,VGND,li1,6.2100,32.6400,0.000061
PHY_EDGE_ROW_7_Left_29,VGND,li1,6.2100,32.6400,0.000061
PHY_EDGE_ROW_6_Left_28,VGND,li1,6.2100,27.2000,0.000067
PHY_EDGE_ROW_5_Left_27,VGND,li1,6.2100,27.2000,0.000067
PHY_EDGE_ROW_4_Left_26,VGND,li1,6.2100,21.7600,0.000072
PHY_EDGE_ROW_3_Left_25,VGND,li1,6.2100,21.7600,0.000072
PHY_EDGE_ROW_2_Left_24,VGND,li1,6.2100,16.3200,0.000100
PHY_EDGE_ROW_1_Left_23,VGND,li1,6.2100,16.3200,0.000100
PHY_EDGE_ROW_0_Left_22,VGND,li1,6.2100,10.8800,0.000018
PHY_EDGE_ROW_21_Right_21,VGND,li1,65.0900,70.7200,0.000001
PHY_EDGE_ROW_20_Right_20,VGND,li1,65.0900,65.2800,0.000007
PHY_EDGE_ROW_19_Right_19,VGND,li1,65.0900,65.2800,0.000007
PHY_EDGE_ROW_18_Right_18,VGND,li1,65.0900,59.8400,0.000004
PHY_EDGE_ROW_17_Right_17,VGND,li1,65.0900,59.8400,0.000004
PHY_EDGE_ROW_16_Right_16,VGND,li1,65.0900,54.4000,0.000003
PHY_EDGE_ROW_15_Right_15,VGND,li1,65.0900,54.4000,0.000003
PHY_EDGE_ROW_14_Right_14,VGND,li1,65.0900,48.9600,0.000023
PHY_EDGE_ROW_13_Right_13,VGND,li1,65.0900,48.9600,0.000023
PHY_EDGE_ROW_12_Right_12,VGND,li1,65.0900,43.5200,0.000005
PHY_EDGE_ROW_11_Right_11,VGND,li1,65.0900,43.5200,0.000005
PHY_EDGE_ROW_10_Right_10,VGND,li1,65.0900,38.0800,0.000020
PHY_EDGE_ROW_9_Right_9,VGND,li1,65.0900,38.0800,0.000020
PHY_EDGE_ROW_8_Right_8,VGND,li1,65.0900,32.6400,0.000023
PHY_EDGE_ROW_7_Right_7,VGND,li1,65.0900,32.6400,0.000023
PHY_EDGE_ROW_6_Right_6,VGND,li1,65.0900,27.2000,0.000016
PHY_EDGE_ROW_5_Right_5,VGND,li1,65.0900,27.2000,0.000016
PHY_EDGE_ROW_4_Right_4,VGND,li1,65.0900,21.7600,0.000007
PHY_EDGE_ROW_3_Right_3,VGND,li1,65.0900,21.7600,0.000007
PHY_EDGE_ROW_2_Right_2,VGND,li1,65.0900,16.3200,0.000010
PHY_EDGE_ROW_1_Right_1,VGND,li1,65.0900,16.3200,0.000010
PHY_EDGE_ROW_0_Right_0,VGND,li1,65.0900,10.8800,0.000004
_266_,VGND,li1,23.4600,10.8800,0.000011
_265_,VGND,li1,35.8800,16.3200,0.000033
_264_,VGND,li1,49.6800,16.3200,0.000022
_263_,VGND,li1,51.0600,21.7600,0.000014
_262_,VGND,li1,13.3400,10.8800,0.000018
_261_,VGND,li1,26.6800,16.3200,0.000031
_260_,VGND,li1,45.0800,16.3200,0.000028
_259_,VGND,li1,49.2200,10.8800,0.000008
_258_,VGND,li1,49.9100,32.6400,0.000056
_257_,VGND,li1,48.3000,32.6400,0.000056
_256_,VGND,li1,21.8500,27.2000,0.000044
_255_,VGND,li1,11.5000,65.2800,0.000066
_254_,VGND,li1,11.5000,59.8400,0.000027
_253_,VGND,li1,11.5000,38.0800,0.000081
_252_,VGND,li1,11.5000,32.6400,0.000057
_251_,VGND,li1,11.5000,27.2000,0.000062
_250_,VGND,li1,11.5000,21.7600,0.000067
_249_,VGND,li1,17.4800,16.3200,0.000073
_248_,VGND,li1,11.5000,16.3200,0.000096
_247_,VGND,li1,50.1400,59.8400,0.000007
_246_,VGND,li1,48.7600,65.2800,0.000016
_245_,VGND,li1,35.4200,65.2800,0.000022
_244_,VGND,li1,23.4600,65.2800,0.000034
_243_,VGND,li1,42.3200,54.4000,0.000013
_242_,VGND,li1,23.9200,48.9600,0.000068
_241_,VGND,li1,17.0200,65.2800,0.000056
_240_,VGND,li1,13.8000,48.9600,0.000096
_239_,VGND,li1,11.7300,48.9600,0.000098
_238_,VGND,li1,42.0900,59.8400,0.000008
_237_,VGND,li1,47.1500,59.8400,0.000007
_236_,VGND,li1,43.4700,65.2800,0.000019
_235_,VGND,li1,48.9900,65.2800,0.000014
_234_,VGND,li1,42.0900,65.2800,0.000019
_233_,VGND,li1,47.1500,65.2800,0.000016
_232_,VGND,li1,33.3500,70.7200,0.000004
_231_,VGND,li1,34.9600,65.2800,0.000022
_230_,VGND,li1,35.1900,59.8400,0.000008
_229_,VGND,li1,33.8100,59.8400,0.000008
_228_,VGND,li1,38.4100,65.2800,0.000021
_227_,VGND,li1,17.7100,65.2800,0.000056
_226_,VGND,li1,28.2900,65.2800,0.000022
_225_,VGND,li1,32.6600,65.2800,0.000022
_224_,VGND,li1,30.1300,65.2800,0.000022
_223_,VGND,li1,37.0300,59.8400,0.000008
_222_,VGND,li1,34.2700,59.8400,0.000008
_221_,VGND,li1,31.0500,54.4000,0.000012
_220_,VGND,li1,33.3500,54.4000,0.000012
_219_,VGND,li1,25.0700,54.4000,0.000012
_218_,VGND,li1,25.9900,54.4000,0.000012
_217_,VGND,li1,24.6100,54.4000,0.000015
_216_,VGND,li1,27.8300,54.4000,0.000012
_215_,VGND,li1,28.2900,54.4000,0.000012
_214_,VGND,li1,14.9500,59.8400,0.000025
_213_,VGND,li1,17.7100,59.8400,0.000022
_212_,VGND,li1,17.2500,54.4000,0.000024
_211_,VGND,li1,19.0900,54.4000,0.000021
_210_,VGND,li1,13.1100,54.4000,0.000028
_209_,VGND,li1,36.3400,38.0800,0.000087
_208_,VGND,li1,28.7500,32.6400,0.000043
_207_,VGND,li1,26.6800,32.6400,0.000038
_206_,VGND,li1,25.0700,32.6400,0.000032
_205_,VGND,li1,37.4900,32.6400,0.000058
_204_,VGND,li1,42.3200,32.6400,0.000060
_203_,VGND,li1,17.2500,54.4000,0.000024
_202_,VGND,li1,15.8700,54.4000,0.000026
_201_,VGND,li1,20.0100,48.9600,0.000081
_200_,VGND,li1,39.5600,43.5200,0.000016
_199_,VGND,li1,37.4900,43.5200,0.000016
_198_,VGND,li1,20.7000,43.5200,0.000020
_197_,VGND,li1,17.0200,32.6400,0.000048
_196_,VGND,li1,15.6400,38.0800,0.000071
_195_,VGND,li1,10.8100,65.2800,0.000068
_194_,VGND,li1,17.7100,38.0800,0.000066
_193_,VGND,li1,20.0100,38.0800,0.000061
_192_,VGND,li1,22.7700,32.6400,0.000037
_191_,VGND,li1,23.0000,32.6400,0.000037
_190_,VGND,li1,12.6500,43.5200,0.000021
_189_,VGND,li1,21.3900,32.6400,0.000042
_188_,VGND,li1,21.1600,21.7600,0.000041
_187_,VGND,li1,42.0900,32.6400,0.000060
_186_,VGND,li1,30.3600,38.0800,0.000059
_185_,VGND,li1,34.9600,27.2000,0.000071
_184_,VGND,li1,32.6600,21.7600,0.000025
_183_,VGND,li1,33.8100,32.6400,0.000052
_182_,VGND,li1,39.1000,21.7600,0.000023
_181_,VGND,li1,36.5700,21.7600,0.000024
_180_,VGND,li1,29.2100,27.2000,0.000046
_179_,VGND,li1,28.7500,38.0800,0.000059
_178_,VGND,li1,42.0900,38.0800,0.000075
_177_,VGND,li1,43.4700,38.0800,0.000066
_176_,VGND,li1,37.9500,43.5200,0.000016
_175_,VGND,li1,43.4700,38.0800,0.000066
_174_,VGND,li1,40.2500,32.6400,0.000060
_173_,VGND,li1,39.1000,27.2000,0.000064
_172_,VGND,li1,34.0400,32.6400,0.000052
_171_,VGND,li1,45.3100,38.0800,0.000059
_170_,VGND,li1,40.7100,38.0800,0.000075
_169_,VGND,li1,37.9500,32.6400,0.000058
_168_,VGND,li1,41.6300,48.9600,0.000087
_167_,VGND,li1,30.3600,48.9600,0.000080
_166_,VGND,li1,42.5500,43.5200,0.000015
_165_,VGND,li1,40.9400,43.5200,0.000016
_164_,VGND,li1,46.6900,48.9600,0.000066
_163_,VGND,li1,40.2500,48.9600,0.000087
_162_,VGND,li1,36.1100,54.4000,0.000013
_161_,VGND,li1,33.3500,54.4000,0.000012
_160_,VGND,li1,45.3100,43.5200,0.000014
_159_,VGND,li1,42.3200,43.5200,0.000015
_158_,VGND,li1,60.0300,43.5200,0.000005
_157_,VGND,li1,21.8500,27.2000,0.000044
_156_,VGND,li1,28.2900,32.6400,0.000038
_155_,VGND,li1,30.1300,32.6400,0.000043
_154_,VGND,li1,30.1300,32.6400,0.000043
_153_,VGND,li1,25.5300,38.0800,0.000045
_152_,VGND,li1,23.6900,38.0800,0.000050
_151_,VGND,li1,34.7300,21.7600,0.000025
_150_,VGND,li1,40.7100,21.7600,0.000021
_149_,VGND,li1,31.9700,21.7600,0.000025
_148_,VGND,li1,34.5000,21.7600,0.000025
_147_,VGND,li1,41.1700,16.3200,0.000030
_146_,VGND,li1,33.3500,21.7600,0.000025
_145_,VGND,li1,30.1300,21.7600,0.000024
_144_,VGND,li1,28.2900,16.3200,0.000032
_143_,VGND,li1,27.8300,27.2000,0.000046
_142_,VGND,li1,36.8000,21.7600,0.000024
_141_,VGND,li1,38.8700,21.7600,0.000023
_140_,VGND,li1,21.8500,38.0800,0.000056
_139_,VGND,li1,26.9100,32.6400,0.000038
_138_,VGND,li1,36.5700,32.6400,0.000056
_137_,VGND,li1,13.1100,38.0800,0.000076
_136_,VGND,li1,21.8500,43.5200,0.000017
_135_,VGND,li1,28.2900,48.9600,0.000070
_134_,VGND,li1,34.9600,54.4000,0.000013
_133_,VGND,li1,36.5700,54.4000,0.000013
_132_,VGND,li1,23.2300,48.9600,0.000076
_131_,VGND,li1,24.6100,48.9600,0.000068
_130_,VGND,li1,23.6900,54.4000,0.000015
_129_,VGND,li1,17.2500,43.5200,0.000020
_128_,VGND,li1,43.9300,43.5200,0.000015
_127_,VGND,li1,39.3300,43.5200,0.000016
_126_,VGND,li1,41.4000,27.2000,0.000060
_125_,VGND,li1,36.1100,32.6400,0.000056
_124_,VGND,li1,24.1500,21.7600,0.000032
_123_,VGND,li1,43.0100,48.9600,0.000077
_122_,VGND,li1,37.9500,54.4000,0.000013
_121_,VGND,li1,43.4700,59.8400,0.000007
_120_,VGND,li1,37.0300,65.2800,0.000021
_119_,VGND,li1,41.6300,48.9600,0.000087
_118_,VGND,li1,22.3100,54.4000,0.000019
_117_,VGND,li1,34.7300,54.4000,0.000013
