
 /----------------------------------------------------------------------------\
 |                                                                            |
 |  yosys -- Yosys Open SYnthesis Suite                                       |
 |                                                                            |
 |  Copyright (C) 2012 - 2020  Claire Xenia Wolf <claire@yosyshq.com>         |
 |                                                                            |
 |  Permission to use, copy, modify, and/or distribute this software for any  |
 |  purpose with or without fee is hereby granted, provided that the above    |
 |  copyright notice and this permission notice appear in all copies.         |
 |                                                                            |
 |  THE SOFTWARE IS PROVIDED "AS IS" AND THE AUTHOR DISCLAIMS ALL WARRANTIES  |
 |  WITH REGARD TO THIS SOFTWARE INCLUDING ALL IMPLIED WARRANTIES OF          |
 |  MERCHANTABILITY AND FITNESS. IN NO EVENT SHALL THE AUTHOR BE LIABLE FOR   |
 |  ANY SPECIAL, DIRECT, INDIRECT, OR CONSEQUENTIAL DAMAGES OR ANY DAMAGES    |
 |  WHATSOEVER RESULTING FROM LOSS OF USE, DATA OR PROFITS, WHETHER IN AN     |
 |  ACTION OF CONTRACT, NEGLIGENCE OR OTHER TORTIOUS ACTION, ARISING OUT OF   |
 |  OR IN CONNECTION WITH THE USE OR PERFORMANCE OF THIS SOFTWARE.            |
 |                                                                            |
 \----------------------------------------------------------------------------/

 Yosys 0.38 (git sha1 543faed9c8c, clang++ 17.0.6 -fPIC -Os)

[TCL: yosys -import] Command name collision: found pre-existing command `cd' -> skip.
[TCL: yosys -import] Command name collision: found pre-existing command `eval' -> skip.
[TCL: yosys -import] Command name collision: found pre-existing command `exec' -> skip.
[TCL: yosys -import] Command name collision: found pre-existing command `read' -> skip.
[TCL: yosys -import] Command name collision: found pre-existing command `trace' -> skip.

1. Executing Liberty frontend: /home/djspit/.volare/sky130A/libs.ref/sky130_fd_sc_hd/lib/sky130_fd_sc_hd__tt_025C_1v80.lib
Imported 428 cell types from liberty file.

2. Executing Verilog-2005 frontend: /openlane/designs/pmu_fsm/src/pmu_fsm_icarus.sv
Parsing SystemVerilog input from `/openlane/designs/pmu_fsm/src/pmu_fsm_icarus.sv' to AST representation.
Storing AST representation for module `$abstract\pmu_fsm'.
Successfully finished Verilog frontend.

3. Executing HIERARCHY pass (managing design hierarchy).

4. Executing AST frontend in derive mode using pre-parsed AST for module `\pmu_fsm'.
Generating RTLIL representation for module `\pmu_fsm'.

4.1. Analyzing design hierarchy..
Top module:  \pmu_fsm

4.2. Analyzing design hierarchy..
Top module:  \pmu_fsm
Removing unused module `$abstract\pmu_fsm'.
Removed 1 unused modules.

5. Generating Graphviz representation of design.
Writing dot description to `/openlane/designs/pmu_fsm/runs/run_1_10_13_2025/tmp/synthesis/hierarchy.dot'.
Dumping module pmu_fsm to page 1.
Renaming module pmu_fsm to pmu_fsm.

6. Executing TRIBUF pass.

7. Executing HIERARCHY pass (managing design hierarchy).

7.1. Analyzing design hierarchy..
Top module:  \pmu_fsm

7.2. Analyzing design hierarchy..
Top module:  \pmu_fsm
Removed 0 unused modules.

8. Executing PROC_CLEAN pass (remove empty switches from decision trees).
Cleaned up 0 empty switches.

9. Executing PROC_RMDEAD pass (remove dead branches from decision trees).
Marked 2 switch rules as full_case in process $proc$/openlane/designs/pmu_fsm/src/pmu_fsm_icarus.sv:177$15 in module pmu_fsm.
Marked 18 switch rules as full_case in process $proc$/openlane/designs/pmu_fsm/src/pmu_fsm_icarus.sv:93$7 in module pmu_fsm.
Marked 2 switch rules as full_case in process $proc$/openlane/designs/pmu_fsm/src/pmu_fsm_icarus.sv:76$3 in module pmu_fsm.
Marked 1 switch rules as full_case in process $proc$/openlane/designs/pmu_fsm/src/pmu_fsm_icarus.sv:61$1 in module pmu_fsm.
Removed a total of 0 dead cases.

10. Executing PROC_PRUNE pass (remove redundant assignments in processes).
Removed 12 redundant assignments.
Promoted 3 assignments to connections.

11. Executing PROC_INIT pass (extract init attributes).

12. Executing PROC_ARST pass (detect async resets in processes).
Found async reset \reset_n in `\pmu_fsm.$proc$/openlane/designs/pmu_fsm/src/pmu_fsm_icarus.sv:177$15'.
Found async reset \reset_n in `\pmu_fsm.$proc$/openlane/designs/pmu_fsm/src/pmu_fsm_icarus.sv:76$3'.
Found async reset \reset_n in `\pmu_fsm.$proc$/openlane/designs/pmu_fsm/src/pmu_fsm_icarus.sv:61$1'.

13. Executing PROC_ROM pass (convert switches to ROMs).
Converted 0 switches.
<suppressed ~23 debug messages>

14. Executing PROC_MUX pass (convert decision trees to multiplexers).
Creating decoders for process `\pmu_fsm.$proc$/openlane/designs/pmu_fsm/src/pmu_fsm_icarus.sv:177$15'.
     1/8: $0\pwr_state[1:0]
     2/8: $0\reset_ctrl[0:0]
     3/8: $0\dvfs_ctrl[1:0]
     4/8: $0\retention_restore[0:0]
     5/8: $0\retention_save[0:0]
     6/8: $0\retention_en[0:0]
     7/8: $0\pwr_gate_en[0:0]
     8/8: $0\clk_gate_en[0:0]
Creating decoders for process `\pmu_fsm.$proc$/openlane/designs/pmu_fsm/src/pmu_fsm_icarus.sv:93$7'.
     1/26: $7\error[0:0]
     2/26: $18\next_state[2:0]
     3/26: $17\next_state[2:0]
     4/26: $6\error[0:0]
     5/26: $16\next_state[2:0]
     6/26: $5\error[0:0]
     7/26: $15\next_state[2:0]
     8/26: $4\error[0:0]
     9/26: $14\next_state[2:0]
    10/26: $13\next_state[2:0]
    11/26: $3\error[0:0]
    12/26: $12\next_state[2:0]
    13/26: $2\error[0:0]
    14/26: $11\next_state[2:0]
    15/26: $10\next_state[2:0]
    16/26: $9\next_state[2:0]
    17/26: $8\next_state[2:0]
    18/26: $7\next_state[2:0]
    19/26: $6\next_state[2:0]
    20/26: $5\next_state[2:0]
    21/26: $4\next_state[2:0]
    22/26: $3\next_state[2:0]
    23/26: $2\next_state[2:0]
    24/26: $1\next_state[2:0]
    25/26: $1\error[0:0]
    26/26: $1\seq_busy[0:0]
Creating decoders for process `\pmu_fsm.$proc$/openlane/designs/pmu_fsm/src/pmu_fsm_icarus.sv:76$3'.
     1/2: $0\curr_state[2:0]
     2/2: $0\seq_timer[7:0]
Creating decoders for process `\pmu_fsm.$proc$/openlane/designs/pmu_fsm/src/pmu_fsm_icarus.sv:61$1'.
     1/2: $0\sync_stage2[3:0]
     2/2: $0\sync_stage1[3:0]

15. Executing PROC_DLATCH pass (convert process syncs to latches).
No latch inferred for signal `\pmu_fsm.\seq_busy' from process `\pmu_fsm.$proc$/openlane/designs/pmu_fsm/src/pmu_fsm_icarus.sv:93$7'.
No latch inferred for signal `\pmu_fsm.\error' from process `\pmu_fsm.$proc$/openlane/designs/pmu_fsm/src/pmu_fsm_icarus.sv:93$7'.
No latch inferred for signal `\pmu_fsm.\next_state' from process `\pmu_fsm.$proc$/openlane/designs/pmu_fsm/src/pmu_fsm_icarus.sv:93$7'.

16. Executing PROC_DFF pass (convert process syncs to FFs).
Creating register for signal `\pmu_fsm.\clk_gate_en' using process `\pmu_fsm.$proc$/openlane/designs/pmu_fsm/src/pmu_fsm_icarus.sv:177$15'.
  created $adff cell `$procdff$366' with positive edge clock and negative level reset.
Creating register for signal `\pmu_fsm.\pwr_gate_en' using process `\pmu_fsm.$proc$/openlane/designs/pmu_fsm/src/pmu_fsm_icarus.sv:177$15'.
  created $adff cell `$procdff$367' with positive edge clock and negative level reset.
Creating register for signal `\pmu_fsm.\retention_en' using process `\pmu_fsm.$proc$/openlane/designs/pmu_fsm/src/pmu_fsm_icarus.sv:177$15'.
  created $adff cell `$procdff$368' with positive edge clock and negative level reset.
Creating register for signal `\pmu_fsm.\retention_save' using process `\pmu_fsm.$proc$/openlane/designs/pmu_fsm/src/pmu_fsm_icarus.sv:177$15'.
  created $adff cell `$procdff$369' with positive edge clock and negative level reset.
Creating register for signal `\pmu_fsm.\retention_restore' using process `\pmu_fsm.$proc$/openlane/designs/pmu_fsm/src/pmu_fsm_icarus.sv:177$15'.
  created $adff cell `$procdff$370' with positive edge clock and negative level reset.
Creating register for signal `\pmu_fsm.\dvfs_ctrl' using process `\pmu_fsm.$proc$/openlane/designs/pmu_fsm/src/pmu_fsm_icarus.sv:177$15'.
  created $adff cell `$procdff$371' with positive edge clock and negative level reset.
Creating register for signal `\pmu_fsm.\reset_ctrl' using process `\pmu_fsm.$proc$/openlane/designs/pmu_fsm/src/pmu_fsm_icarus.sv:177$15'.
  created $adff cell `$procdff$372' with positive edge clock and negative level reset.
Creating register for signal `\pmu_fsm.\pwr_state' using process `\pmu_fsm.$proc$/openlane/designs/pmu_fsm/src/pmu_fsm_icarus.sv:177$15'.
  created $adff cell `$procdff$373' with positive edge clock and negative level reset.
Creating register for signal `\pmu_fsm.\curr_state' using process `\pmu_fsm.$proc$/openlane/designs/pmu_fsm/src/pmu_fsm_icarus.sv:76$3'.
  created $adff cell `$procdff$374' with positive edge clock and negative level reset.
Creating register for signal `\pmu_fsm.\seq_timer' using process `\pmu_fsm.$proc$/openlane/designs/pmu_fsm/src/pmu_fsm_icarus.sv:76$3'.
  created $adff cell `$procdff$375' with positive edge clock and negative level reset.
Creating register for signal `\pmu_fsm.\sync_stage1' using process `\pmu_fsm.$proc$/openlane/designs/pmu_fsm/src/pmu_fsm_icarus.sv:61$1'.
  created $adff cell `$procdff$376' with positive edge clock and negative level reset.
Creating register for signal `\pmu_fsm.\sync_stage2' using process `\pmu_fsm.$proc$/openlane/designs/pmu_fsm/src/pmu_fsm_icarus.sv:61$1'.
  created $adff cell `$procdff$377' with positive edge clock and negative level reset.

17. Executing PROC_MEMWR pass (convert process memory writes to cells).

18. Executing PROC_CLEAN pass (remove empty switches from decision trees).
Found and cleaned up 3 empty switches in `\pmu_fsm.$proc$/openlane/designs/pmu_fsm/src/pmu_fsm_icarus.sv:177$15'.
Removing empty process `pmu_fsm.$proc$/openlane/designs/pmu_fsm/src/pmu_fsm_icarus.sv:177$15'.
Found and cleaned up 18 empty switches in `\pmu_fsm.$proc$/openlane/designs/pmu_fsm/src/pmu_fsm_icarus.sv:93$7'.
Removing empty process `pmu_fsm.$proc$/openlane/designs/pmu_fsm/src/pmu_fsm_icarus.sv:93$7'.
Found and cleaned up 2 empty switches in `\pmu_fsm.$proc$/openlane/designs/pmu_fsm/src/pmu_fsm_icarus.sv:76$3'.
Removing empty process `pmu_fsm.$proc$/openlane/designs/pmu_fsm/src/pmu_fsm_icarus.sv:76$3'.
Removing empty process `pmu_fsm.$proc$/openlane/designs/pmu_fsm/src/pmu_fsm_icarus.sv:61$1'.
Cleaned up 23 empty switches.

19. Executing CHECK pass (checking for obvious problems).
Checking module pmu_fsm...
Found and reported 0 problems.

20. Executing OPT_EXPR pass (perform const folding).
Optimizing module pmu_fsm.
<suppressed ~5 debug messages>

21. Executing FLATTEN pass (flatten design).

22. Executing OPT_EXPR pass (perform const folding).
Optimizing module pmu_fsm.

23. Executing OPT_CLEAN pass (remove unused cells and wires).
Finding unused cells or wires in module \pmu_fsm..
Removed 3 unused cells and 97 unused wires.
<suppressed ~4 debug messages>

24. Executing OPT pass (performing simple optimizations).

24.1. Executing OPT_EXPR pass (perform const folding).
Optimizing module pmu_fsm.

24.2. Executing OPT_MERGE pass (detect identical cells).
Finding identical cells in module `\pmu_fsm'.
<suppressed ~150 debug messages>
Removed a total of 50 cells.

24.3. Executing OPT_MUXTREE pass (detect dead branches in mux trees).
Running muxtree optimizer on module \pmu_fsm..
  Creating internal representation of mux trees.
  Evaluating internal representation of mux trees.
  Analyzing evaluation results.
    dead port 1/2 on $mux $procmux$159.
    dead port 2/2 on $mux $procmux$161.
    dead port 2/2 on $mux $procmux$163.
    dead port 2/2 on $mux $procmux$172.
    dead port 2/2 on $mux $procmux$174.
    dead port 2/2 on $mux $procmux$183.
    dead port 2/2 on $mux $procmux$185.
    dead port 2/2 on $mux $procmux$193.
    dead port 2/2 on $mux $procmux$201.
    dead port 2/2 on $mux $procmux$210.
    dead port 1/2 on $mux $procmux$221.
    dead port 2/2 on $mux $procmux$223.
    dead port 2/2 on $mux $procmux$233.
    dead port 1/2 on $mux $procmux$245.
    dead port 1/2 on $mux $procmux$248.
    dead port 2/2 on $mux $procmux$250.
    dead port 1/2 on $mux $procmux$262.
    dead port 2/2 on $mux $procmux$264.
    dead port 2/2 on $mux $procmux$275.
    dead port 1/2 on $mux $procmux$288.
    dead port 1/2 on $mux $procmux$291.
    dead port 1/2 on $mux $procmux$294.
    dead port 2/2 on $mux $procmux$296.
    dead port 1/2 on $mux $procmux$309.
    dead port 1/2 on $mux $procmux$312.
    dead port 2/2 on $mux $procmux$314.
    dead port 1/2 on $mux $procmux$327.
    dead port 2/2 on $mux $procmux$329.
    dead port 2/2 on $mux $procmux$341.
    dead port 2/2 on $mux $procmux$105.
    dead port 2/2 on $mux $procmux$107.
    dead port 2/2 on $mux $procmux$114.
    dead port 2/2 on $mux $procmux$116.
    dead port 2/2 on $mux $procmux$122.
    dead port 2/2 on $mux $procmux$128.
    dead port 2/2 on $mux $procmux$135.
    dead port 1/2 on $mux $procmux$145.
    dead port 2/2 on $mux $procmux$147.
    dead port 2/2 on $mux $procmux$149.
    dead port 1/2 on $mux $procmux$82.
    dead port 2/2 on $mux $procmux$84.
    dead port 2/2 on $mux $procmux$86.
    dead port 1/2 on $mux $procmux$94.
    dead port 2/2 on $mux $procmux$96.
    dead port 2/2 on $mux $procmux$98.
Removed 45 multiplexer ports.
<suppressed ~12 debug messages>

24.4. Executing OPT_REDUCE pass (consolidate $*mux and $reduce_* inputs).
  Optimizing cells in module \pmu_fsm.
    New ctrl vector for $pmux cell $procmux$25: { $procmux$251_CMP $auto$opt_reduce.cc:134:opt_pmux$381 $auto$opt_reduce.cc:134:opt_pmux$379 }
    New ctrl vector for $pmux cell $procmux$357: $auto$opt_reduce.cc:134:opt_pmux$383
    New ctrl vector for $pmux cell $procmux$57: { $auto$opt_reduce.cc:134:opt_pmux$385 $procmux$108_CMP }
    New ctrl vector for $pmux cell $procmux$65: $auto$opt_reduce.cc:134:opt_pmux$387
    New ctrl vector for $pmux cell $procmux$72: $auto$opt_reduce.cc:134:opt_pmux$389
  Optimizing cells in module \pmu_fsm.
Performed a total of 5 changes.

24.5. Executing OPT_MERGE pass (detect identical cells).
Finding identical cells in module `\pmu_fsm'.
<suppressed ~15 debug messages>
Removed a total of 5 cells.

24.6. Executing OPT_DFF pass (perform DFF optimizations).

24.7. Executing OPT_CLEAN pass (remove unused cells and wires).
Finding unused cells or wires in module \pmu_fsm..
Removed 0 unused cells and 100 unused wires.
<suppressed ~1 debug messages>

24.8. Executing OPT_EXPR pass (perform const folding).
Optimizing module pmu_fsm.

24.9. Rerunning OPT passes. (Maybe there is more to do..)

24.10. Executing OPT_MUXTREE pass (detect dead branches in mux trees).
Running muxtree optimizer on module \pmu_fsm..
  Creating internal representation of mux trees.
  Evaluating internal representation of mux trees.
  Analyzing evaluation results.
Removed 0 multiplexer ports.
<suppressed ~15 debug messages>

24.11. Executing OPT_REDUCE pass (consolidate $*mux and $reduce_* inputs).
  Optimizing cells in module \pmu_fsm.
Performed a total of 0 changes.

24.12. Executing OPT_MERGE pass (detect identical cells).
Finding identical cells in module `\pmu_fsm'.
Removed a total of 0 cells.

24.13. Executing OPT_DFF pass (perform DFF optimizations).

24.14. Executing OPT_CLEAN pass (remove unused cells and wires).
Finding unused cells or wires in module \pmu_fsm..

24.15. Executing OPT_EXPR pass (perform const folding).
Optimizing module pmu_fsm.

24.16. Finished OPT passes. (There is nothing left to do.)

25. Executing FSM pass (extract and optimize FSM).

25.1. Executing FSM_DETECT pass (finding FSMs in design).
Not marking pmu_fsm.curr_state as FSM state register:
    Users of register don't seem to benefit from recoding.
    Circuit seems to be self-resetting.
Not marking pmu_fsm.dvfs_ctrl as FSM state register:
    Register is connected to module port.
    Users of register don't seem to benefit from recoding.
Not marking pmu_fsm.pwr_state as FSM state register:
    Register is connected to module port.
    Users of register don't seem to benefit from recoding.

25.2. Executing FSM_EXTRACT pass (extracting FSM from design).

25.3. Executing FSM_OPT pass (simple optimizations of FSMs).

25.4. Executing OPT_CLEAN pass (remove unused cells and wires).
Finding unused cells or wires in module \pmu_fsm..

25.5. Executing FSM_OPT pass (simple optimizations of FSMs).

25.6. Executing FSM_RECODE pass (re-assigning FSM state encoding).

25.7. Executing FSM_INFO pass (dumping all available information on FSM cells).

25.8. Executing FSM_MAP pass (mapping FSMs to basic logic).

26. Executing OPT pass (performing simple optimizations).

26.1. Executing OPT_EXPR pass (perform const folding).
Optimizing module pmu_fsm.

26.2. Executing OPT_MERGE pass (detect identical cells).
Finding identical cells in module `\pmu_fsm'.
Removed a total of 0 cells.

26.3. Executing OPT_MUXTREE pass (detect dead branches in mux trees).
Running muxtree optimizer on module \pmu_fsm..
  Creating internal representation of mux trees.
  Evaluating internal representation of mux trees.
  Analyzing evaluation results.
Removed 0 multiplexer ports.
<suppressed ~15 debug messages>

26.4. Executing OPT_REDUCE pass (consolidate $*mux and $reduce_* inputs).
  Optimizing cells in module \pmu_fsm.
Performed a total of 0 changes.

26.5. Executing OPT_MERGE pass (detect identical cells).
Finding identical cells in module `\pmu_fsm'.
Removed a total of 0 cells.

26.6. Executing OPT_DFF pass (perform DFF optimizations).
Adding EN signal on $procdff$375 ($adff) from module pmu_fsm (D = $0\seq_timer[7:0], Q = \seq_timer).

26.7. Executing OPT_CLEAN pass (remove unused cells and wires).
Finding unused cells or wires in module \pmu_fsm..

26.8. Executing OPT_EXPR pass (perform const folding).
Optimizing module pmu_fsm.
<suppressed ~1 debug messages>

26.9. Rerunning OPT passes. (Maybe there is more to do..)

26.10. Executing OPT_MUXTREE pass (detect dead branches in mux trees).
Running muxtree optimizer on module \pmu_fsm..
  Creating internal representation of mux trees.
  Evaluating internal representation of mux trees.
  Analyzing evaluation results.
Removed 0 multiplexer ports.
<suppressed ~15 debug messages>

26.11. Executing OPT_REDUCE pass (consolidate $*mux and $reduce_* inputs).
  Optimizing cells in module \pmu_fsm.
Performed a total of 0 changes.

26.12. Executing OPT_MERGE pass (detect identical cells).
Finding identical cells in module `\pmu_fsm'.
Removed a total of 0 cells.

26.13. Executing OPT_DFF pass (perform DFF optimizations).

26.14. Executing OPT_CLEAN pass (remove unused cells and wires).
Finding unused cells or wires in module \pmu_fsm..

26.15. Executing OPT_EXPR pass (perform const folding).
Optimizing module pmu_fsm.

26.16. Finished OPT passes. (There is nothing left to do.)

27. Executing WREDUCE pass (reducing word size of cells).
Removed top 6 bits (of 8) from port B of cell pmu_fsm.$ge$/openlane/designs/pmu_fsm/src/pmu_fsm_icarus.sv:139$8 ($ge).
Removed top 4 bits (of 8) from port B of cell pmu_fsm.$ge$/openlane/designs/pmu_fsm/src/pmu_fsm_icarus.sv:142$9 ($ge).
Removed top 5 bits (of 8) from port B of cell pmu_fsm.$ge$/openlane/designs/pmu_fsm/src/pmu_fsm_icarus.sv:151$10 ($ge).
Removed top 6 bits (of 8) from port B of cell pmu_fsm.$lt$/openlane/designs/pmu_fsm/src/pmu_fsm_icarus.sv:226$17 ($lt).
Removed top 7 bits (of 8) from port B of cell pmu_fsm.$ge$/openlane/designs/pmu_fsm/src/pmu_fsm_icarus.sv:239$19 ($ge).
Removed top 6 bits (of 8) from port B of cell pmu_fsm.$lt$/openlane/designs/pmu_fsm/src/pmu_fsm_icarus.sv:239$20 ($lt).
Removed top 7 bits (of 8) from port B of cell pmu_fsm.$lt$/openlane/designs/pmu_fsm/src/pmu_fsm_icarus.sv:243$22 ($lt).
Removed top 1 bits (of 3) from port B of cell pmu_fsm.$procmux$211_CMP0 ($eq).
Removed top 1 bits (of 3) from port B of cell pmu_fsm.$procmux$224_CMP0 ($eq).
Removed top 2 bits (of 3) from port B of cell pmu_fsm.$procmux$251_CMP0 ($eq).

28. Executing PEEPOPT pass (run peephole optimizers).

29. Executing OPT_CLEAN pass (remove unused cells and wires).
Finding unused cells or wires in module \pmu_fsm..

30. Executing ALUMACC pass (create $alu and $macc cells).
Extracting $alu and $macc cells in module pmu_fsm:
  creating $macc model for $add$/openlane/designs/pmu_fsm/src/pmu_fsm_icarus.sv:87$6 ($add).
  creating $alu model for $macc $add$/openlane/designs/pmu_fsm/src/pmu_fsm_icarus.sv:87$6.
  creating $alu model for $ge$/openlane/designs/pmu_fsm/src/pmu_fsm_icarus.sv:139$8 ($ge): new $alu
  creating $alu model for $ge$/openlane/designs/pmu_fsm/src/pmu_fsm_icarus.sv:142$9 ($ge): new $alu
  creating $alu model for $ge$/openlane/designs/pmu_fsm/src/pmu_fsm_icarus.sv:151$10 ($ge): new $alu
  creating $alu model for $ge$/openlane/designs/pmu_fsm/src/pmu_fsm_icarus.sv:239$19 ($ge): new $alu
  creating $alu model for $lt$/openlane/designs/pmu_fsm/src/pmu_fsm_icarus.sv:226$17 ($lt): new $alu
  creating $alu model for $lt$/openlane/designs/pmu_fsm/src/pmu_fsm_icarus.sv:239$20 ($lt): merged with $ge$/openlane/designs/pmu_fsm/src/pmu_fsm_icarus.sv:139$8.
  creating $alu model for $lt$/openlane/designs/pmu_fsm/src/pmu_fsm_icarus.sv:243$22 ($lt): merged with $ge$/openlane/designs/pmu_fsm/src/pmu_fsm_icarus.sv:239$19.
  creating $alu cell for $lt$/openlane/designs/pmu_fsm/src/pmu_fsm_icarus.sv:226$17: $auto$alumacc.cc:485:replace_alu$398
  creating $alu cell for $ge$/openlane/designs/pmu_fsm/src/pmu_fsm_icarus.sv:151$10: $auto$alumacc.cc:485:replace_alu$409
  creating $alu cell for $ge$/openlane/designs/pmu_fsm/src/pmu_fsm_icarus.sv:142$9: $auto$alumacc.cc:485:replace_alu$418
  creating $alu cell for $ge$/openlane/designs/pmu_fsm/src/pmu_fsm_icarus.sv:139$8, $lt$/openlane/designs/pmu_fsm/src/pmu_fsm_icarus.sv:239$20: $auto$alumacc.cc:485:replace_alu$427
  creating $alu cell for $ge$/openlane/designs/pmu_fsm/src/pmu_fsm_icarus.sv:239$19, $lt$/openlane/designs/pmu_fsm/src/pmu_fsm_icarus.sv:243$22: $auto$alumacc.cc:485:replace_alu$440
  creating $alu cell for $add$/openlane/designs/pmu_fsm/src/pmu_fsm_icarus.sv:87$6: $auto$alumacc.cc:485:replace_alu$453
  created 6 $alu and 0 $macc cells.

31. Executing SHARE pass (SAT-based resource sharing).

32. Executing OPT pass (performing simple optimizations).

32.1. Executing OPT_EXPR pass (perform const folding).
Optimizing module pmu_fsm.
<suppressed ~1 debug messages>

32.2. Executing OPT_MERGE pass (detect identical cells).
Finding identical cells in module `\pmu_fsm'.
Removed a total of 0 cells.

32.3. Executing OPT_MUXTREE pass (detect dead branches in mux trees).
Running muxtree optimizer on module \pmu_fsm..
  Creating internal representation of mux trees.
  Evaluating internal representation of mux trees.
  Analyzing evaluation results.
Removed 0 multiplexer ports.
<suppressed ~15 debug messages>

32.4. Executing OPT_REDUCE pass (consolidate $*mux and $reduce_* inputs).
  Optimizing cells in module \pmu_fsm.
Performed a total of 0 changes.

32.5. Executing OPT_MERGE pass (detect identical cells).
Finding identical cells in module `\pmu_fsm'.
Removed a total of 0 cells.

32.6. Executing OPT_DFF pass (perform DFF optimizations).

32.7. Executing OPT_CLEAN pass (remove unused cells and wires).
Finding unused cells or wires in module \pmu_fsm..
Removed 0 unused cells and 7 unused wires.
<suppressed ~1 debug messages>

32.8. Executing OPT_EXPR pass (perform const folding).
Optimizing module pmu_fsm.

32.9. Rerunning OPT passes. (Maybe there is more to do..)

32.10. Executing OPT_MUXTREE pass (detect dead branches in mux trees).
Running muxtree optimizer on module \pmu_fsm..
  Creating internal representation of mux trees.
  Evaluating internal representation of mux trees.
  Analyzing evaluation results.
Removed 0 multiplexer ports.
<suppressed ~15 debug messages>

32.11. Executing OPT_REDUCE pass (consolidate $*mux and $reduce_* inputs).
  Optimizing cells in module \pmu_fsm.
Performed a total of 0 changes.

32.12. Executing OPT_MERGE pass (detect identical cells).
Finding identical cells in module `\pmu_fsm'.
Removed a total of 0 cells.

32.13. Executing OPT_DFF pass (perform DFF optimizations).

32.14. Executing OPT_CLEAN pass (remove unused cells and wires).
Finding unused cells or wires in module \pmu_fsm..

32.15. Executing OPT_EXPR pass (perform const folding).
Optimizing module pmu_fsm.

32.16. Finished OPT passes. (There is nothing left to do.)

33. Executing MEMORY pass.

33.1. Executing OPT_MEM pass (optimize memories).
Performed a total of 0 transformations.

33.2. Executing OPT_MEM_PRIORITY pass (removing unnecessary memory write priority relations).
Performed a total of 0 transformations.

33.3. Executing OPT_MEM_FEEDBACK pass (finding memory read-to-write feedback paths).

33.4. Executing MEMORY_BMUX2ROM pass (converting muxes to ROMs).

33.5. Executing MEMORY_DFF pass (merging $dff cells to $memrd).

33.6. Executing OPT_CLEAN pass (remove unused cells and wires).
Finding unused cells or wires in module \pmu_fsm..

33.7. Executing MEMORY_SHARE pass (consolidating $memrd/$memwr cells).

33.8. Executing OPT_MEM_WIDEN pass (optimize memories where all ports are wide).
Performed a total of 0 transformations.

33.9. Executing OPT_CLEAN pass (remove unused cells and wires).
Finding unused cells or wires in module \pmu_fsm..

33.10. Executing MEMORY_COLLECT pass (generating $mem cells).

34. Executing OPT_CLEAN pass (remove unused cells and wires).
Finding unused cells or wires in module \pmu_fsm..

35. Executing OPT pass (performing simple optimizations).

35.1. Executing OPT_EXPR pass (perform const folding).
Optimizing module pmu_fsm.
<suppressed ~14 debug messages>

35.2. Executing OPT_MERGE pass (detect identical cells).
Finding identical cells in module `\pmu_fsm'.
<suppressed ~15 debug messages>
Removed a total of 5 cells.

35.3. Executing OPT_DFF pass (perform DFF optimizations).

35.4. Executing OPT_CLEAN pass (remove unused cells and wires).
Finding unused cells or wires in module \pmu_fsm..
Removed 4 unused cells and 15 unused wires.
<suppressed ~5 debug messages>

35.5. Finished fast OPT passes.

36. Executing MEMORY_MAP pass (converting memories to logic and flip-flops).

37. Executing OPT pass (performing simple optimizations).

37.1. Executing OPT_EXPR pass (perform const folding).
Optimizing module pmu_fsm.

37.2. Executing OPT_MERGE pass (detect identical cells).
Finding identical cells in module `\pmu_fsm'.
Removed a total of 0 cells.

37.3. Executing OPT_MUXTREE pass (detect dead branches in mux trees).
Running muxtree optimizer on module \pmu_fsm..
  Creating internal representation of mux trees.
  Evaluating internal representation of mux trees.
  Analyzing evaluation results.
Removed 0 multiplexer ports.
<suppressed ~10 debug messages>

37.4. Executing OPT_REDUCE pass (consolidate $*mux and $reduce_* inputs).
  Optimizing cells in module \pmu_fsm.
    Consolidated identical input bits for $mux cell $procmux$40:
      Old ports: A=2'11, B=2'01, Y=$0\dvfs_ctrl[1:0]
      New ports: A=1'1, B=1'0, Y=$0\dvfs_ctrl[1:0] [1]
      New connections: $0\dvfs_ctrl[1:0] [0] = 1'1
    New ctrl vector for $pmux cell $procmux$51: $auto$opt_reduce.cc:134:opt_pmux$473
  Optimizing cells in module \pmu_fsm.
Performed a total of 2 changes.

37.5. Executing OPT_MERGE pass (detect identical cells).
Finding identical cells in module `\pmu_fsm'.
Removed a total of 0 cells.

37.6. Executing OPT_SHARE pass.
    Found cells that share an operand and can be merged by moving the $pmux $procmux$353 in front of them:
        $procmux$126
        $procmux$199

37.7. Executing OPT_DFF pass (perform DFF optimizations).

37.8. Executing OPT_CLEAN pass (remove unused cells and wires).
Finding unused cells or wires in module \pmu_fsm..
Removed 0 unused cells and 2 unused wires.
<suppressed ~1 debug messages>

37.9. Executing OPT_EXPR pass (perform const folding).
Optimizing module pmu_fsm.
<suppressed ~3 debug messages>

37.10. Rerunning OPT passes. (Maybe there is more to do..)

37.11. Executing OPT_MUXTREE pass (detect dead branches in mux trees).
Running muxtree optimizer on module \pmu_fsm..
  Creating internal representation of mux trees.
  Evaluating internal representation of mux trees.
  Analyzing evaluation results.
Removed 0 multiplexer ports.
<suppressed ~9 debug messages>

37.12. Executing OPT_REDUCE pass (consolidate $*mux and $reduce_* inputs).
  Optimizing cells in module \pmu_fsm.
    New ctrl vector for $pmux cell $procmux$353: $auto$opt_reduce.cc:134:opt_pmux$478
  Optimizing cells in module \pmu_fsm.
Performed a total of 1 changes.

37.13. Executing OPT_MERGE pass (detect identical cells).
Finding identical cells in module `\pmu_fsm'.
Removed a total of 0 cells.

37.14. Executing OPT_SHARE pass.

37.15. Executing OPT_DFF pass (perform DFF optimizations).
Setting constant 1-bit at position 0 on $procdff$371 ($adff) from module pmu_fsm.

37.16. Executing OPT_CLEAN pass (remove unused cells and wires).
Finding unused cells or wires in module \pmu_fsm..

37.17. Executing OPT_EXPR pass (perform const folding).
Optimizing module pmu_fsm.
<suppressed ~1 debug messages>

37.18. Rerunning OPT passes. (Maybe there is more to do..)

37.19. Executing OPT_MUXTREE pass (detect dead branches in mux trees).
Running muxtree optimizer on module \pmu_fsm..
  Creating internal representation of mux trees.
  Evaluating internal representation of mux trees.
  Analyzing evaluation results.
Removed 0 multiplexer ports.
<suppressed ~8 debug messages>

37.20. Executing OPT_REDUCE pass (consolidate $*mux and $reduce_* inputs).
  Optimizing cells in module \pmu_fsm.
Performed a total of 0 changes.

37.21. Executing OPT_MERGE pass (detect identical cells).
Finding identical cells in module `\pmu_fsm'.
Removed a total of 0 cells.

37.22. Executing OPT_SHARE pass.

37.23. Executing OPT_DFF pass (perform DFF optimizations).

37.24. Executing OPT_CLEAN pass (remove unused cells and wires).
Finding unused cells or wires in module \pmu_fsm..

37.25. Executing OPT_EXPR pass (perform const folding).
Optimizing module pmu_fsm.

37.26. Finished OPT passes. (There is nothing left to do.)

38. Executing TECHMAP pass (map to technology primitives).

38.1. Executing Verilog-2005 frontend: /nix/store/sx2v0i73mn1ih2z1nk61pm9n5gjgpidy-yosys/bin/../share/yosys/techmap.v
Parsing Verilog input from `/nix/store/sx2v0i73mn1ih2z1nk61pm9n5gjgpidy-yosys/bin/../share/yosys/techmap.v' to AST representation.
Generating RTLIL representation for module `\_90_simplemap_bool_ops'.
Generating RTLIL representation for module `\_90_simplemap_reduce_ops'.
Generating RTLIL representation for module `\_90_simplemap_logic_ops'.
Generating RTLIL representation for module `\_90_simplemap_compare_ops'.
Generating RTLIL representation for module `\_90_simplemap_various'.
Generating RTLIL representation for module `\_90_simplemap_registers'.
Generating RTLIL representation for module `\_90_shift_ops_shr_shl_sshl_sshr'.
Generating RTLIL representation for module `\_90_shift_shiftx'.
Generating RTLIL representation for module `\_90_fa'.
Generating RTLIL representation for module `\_90_lcu'.
Generating RTLIL representation for module `\_90_alu'.
Generating RTLIL representation for module `\_90_macc'.
Generating RTLIL representation for module `\_90_alumacc'.
Generating RTLIL representation for module `\$__div_mod_u'.
Generating RTLIL representation for module `\$__div_mod_trunc'.
Generating RTLIL representation for module `\_90_div'.
Generating RTLIL representation for module `\_90_mod'.
Generating RTLIL representation for module `\$__div_mod_floor'.
Generating RTLIL representation for module `\_90_divfloor'.
Generating RTLIL representation for module `\_90_modfloor'.
Generating RTLIL representation for module `\_90_pow'.
Generating RTLIL representation for module `\_90_pmux'.
Generating RTLIL representation for module `\_90_demux'.
Generating RTLIL representation for module `\_90_lut'.
Successfully finished Verilog frontend.

38.2. Continuing TECHMAP pass.
Using extmapper simplemap for cells of type $ne.
Using extmapper simplemap for cells of type $adff.
Using extmapper simplemap for cells of type $reduce_or.
Using template $paramod$821d2886e47353e724eaca46af4992e9c3e6ac1d\_90_alu for cells of type $alu.
Using template $paramod$6b90a16b6f3b57b9c9d958838204f952a01dc262\_90_alu for cells of type $alu.
Using extmapper simplemap for cells of type $logic_and.
Using extmapper simplemap for cells of type $reduce_bool.
Using template $paramod$e82bc780abe45b949d821aa3d0d92433ac3b9e09\_90_alu for cells of type $alu.
Using template $paramod$38e8498ccdc425801fe5312e427e3cf0d9089c58\_90_alu for cells of type $alu.
Using template $paramod$c3cd1564c35d873179656addd6052d7ea8b6d991\_90_alu for cells of type $alu.
Using template $paramod$97565c3687be688407d1272a293bd9d0ae6852dc\_90_pmux for cells of type $pmux.
Using template $paramod$c5c783b17ab1d780abfad8cfe6563a0a7b47a3b0\_90_pmux for cells of type $pmux.
Using extmapper simplemap for cells of type $not.
Using extmapper simplemap for cells of type $and.
Using extmapper simplemap for cells of type $mux.
Using template $paramod$a950948e19702336540a1f557d0a91306bdb9188\_90_alu for cells of type $alu.
Using extmapper simplemap for cells of type $eq.
Using extmapper simplemap for cells of type $reduce_and.
Using extmapper simplemap for cells of type $or.
Using extmapper simplemap for cells of type $adffe.
Using extmapper simplemap for cells of type $logic_not.
Using template $paramod$a285b5a57fe61eabc57c91b8c412748ee1151a85\_90_pmux for cells of type $pmux.
Using extmapper simplemap for cells of type $xor.
Using template $paramod\_90_lcu\WIDTH=32'00000000000000000000000000000110 for cells of type $lcu.
Using extmapper simplemap for cells of type $pos.
Using template $paramod\_90_lcu\WIDTH=32'00000000000000000000000000000100 for cells of type $lcu.
Using template $paramod\_90_lcu\WIDTH=32'00000000000000000000000000000111 for cells of type $lcu.
Using template $paramod\_90_lcu\WIDTH=32'00000000000000000000000000001000 for cells of type $lcu.
No more expansions possible.
<suppressed ~958 debug messages>

39. Executing OPT pass (performing simple optimizations).

39.1. Executing OPT_EXPR pass (perform const folding).
Optimizing module pmu_fsm.
<suppressed ~243 debug messages>

39.2. Executing OPT_MERGE pass (detect identical cells).
Finding identical cells in module `\pmu_fsm'.
<suppressed ~246 debug messages>
Removed a total of 82 cells.

39.3. Executing OPT_DFF pass (perform DFF optimizations).

39.4. Executing OPT_CLEAN pass (remove unused cells and wires).
Finding unused cells or wires in module \pmu_fsm..
Removed 41 unused cells and 372 unused wires.
<suppressed ~42 debug messages>

39.5. Finished fast OPT passes.

40. Executing ABC pass (technology mapping using ABC).

40.1. Extracting gate netlist of module `\pmu_fsm' to `<abc-temp-dir>/input.blif'..
Extracted 225 gates and 245 wires to a netlist network with 18 inputs and 23 outputs.

40.1.1. Executing ABC.
Running ABC command: "/nix/store/wq2q0njg3sx8wvj2akz7x1qxwyrv9xlr-yosys-abc/bin/abc" -s -f <abc-temp-dir>/abc.script 2>&1
ABC: ABC command line: "source <abc-temp-dir>/abc.script".
ABC: 
ABC: + read_blif <abc-temp-dir>/input.blif 
ABC: + read_library <abc-temp-dir>/stdcells.genlib 
ABC: Entered genlib library with 13 gates from file "<abc-temp-dir>/stdcells.genlib".
ABC: + strash 
ABC: + dretime 
ABC: + map 
ABC: + write_blif <abc-temp-dir>/output.blif 

40.1.2. Re-integrating ABC results.
ABC RESULTS:               NOT cells:        8
ABC RESULTS:               NOR cells:        9
ABC RESULTS:              NAND cells:        6
ABC RESULTS:              XNOR cells:        2
ABC RESULTS:               XOR cells:        7
ABC RESULTS:               AND cells:        9
ABC RESULTS:               MUX cells:        9
ABC RESULTS:             ORNOT cells:       11
ABC RESULTS:                OR cells:       71
ABC RESULTS:            ANDNOT cells:       73
ABC RESULTS:        internal signals:      204
ABC RESULTS:           input signals:       18
ABC RESULTS:          output signals:       23
Removing temp directory.

41. Executing OPT pass (performing simple optimizations).

41.1. Executing OPT_EXPR pass (perform const folding).
Optimizing module pmu_fsm.
<suppressed ~1 debug messages>

41.2. Executing OPT_MERGE pass (detect identical cells).
Finding identical cells in module `\pmu_fsm'.
Removed a total of 0 cells.

41.3. Executing OPT_DFF pass (perform DFF optimizations).

41.4. Executing OPT_CLEAN pass (remove unused cells and wires).
Finding unused cells or wires in module \pmu_fsm..
Removed 0 unused cells and 133 unused wires.
<suppressed ~1 debug messages>

41.5. Finished fast OPT passes.

42. Executing HIERARCHY pass (managing design hierarchy).

42.1. Analyzing design hierarchy..
Top module:  \pmu_fsm

42.2. Analyzing design hierarchy..
Top module:  \pmu_fsm
Removed 0 unused modules.

43. Printing statistics.

=== pmu_fsm ===

   Number of wires:                220
   Number of wire bits:            249
   Number of public wires:          28
   Number of public wire bits:      47
   Number of memories:               0
   Number of memory bits:            0
   Number of processes:              0
   Number of cells:                233
     $_ANDNOT_                      73
     $_AND_                          9
     $_DFFE_PN0P_                    8
     $_DFF_PN0_                     19
     $_DFF_PN1_                      1
     $_MUX_                          9
     $_NAND_                         6
     $_NOR_                          9
     $_NOT_                          8
     $_ORNOT_                       11
     $_OR_                          71
     $_XNOR_                         2
     $_XOR_                          7

44. Executing CHECK pass (checking for obvious problems).
Checking module pmu_fsm...
Found and reported 0 problems.

45. Generating Graphviz representation of design.
Writing dot description to `/openlane/designs/pmu_fsm/runs/run_1_10_13_2025/tmp/synthesis/post_techmap.dot'.
Dumping module pmu_fsm to page 1.

46. Executing SHARE pass (SAT-based resource sharing).

47. Executing OPT pass (performing simple optimizations).

47.1. Executing OPT_EXPR pass (perform const folding).
Optimizing module pmu_fsm.

47.2. Executing OPT_MERGE pass (detect identical cells).
Finding identical cells in module `\pmu_fsm'.
Removed a total of 0 cells.

47.3. Executing OPT_MUXTREE pass (detect dead branches in mux trees).
Running muxtree optimizer on module \pmu_fsm..
  Creating internal representation of mux trees.
  No muxes found in this module.
Removed 0 multiplexer ports.

47.4. Executing OPT_REDUCE pass (consolidate $*mux and $reduce_* inputs).
  Optimizing cells in module \pmu_fsm.
Performed a total of 0 changes.

47.5. Executing OPT_MERGE pass (detect identical cells).
Finding identical cells in module `\pmu_fsm'.
Removed a total of 0 cells.

47.6. Executing OPT_DFF pass (perform DFF optimizations).

47.7. Executing OPT_CLEAN pass (remove unused cells and wires).
Finding unused cells or wires in module \pmu_fsm..

47.8. Executing OPT_EXPR pass (perform const folding).
Optimizing module pmu_fsm.

47.9. Finished OPT passes. (There is nothing left to do.)

48. Executing OPT_CLEAN pass (remove unused cells and wires).
Finding unused cells or wires in module \pmu_fsm..
Removed 0 unused cells and 1 unused wires.
<suppressed ~1 debug messages>

49. Printing statistics.

=== pmu_fsm ===

   Number of wires:                219
   Number of wire bits:            245
   Number of public wires:          27
   Number of public wire bits:      43
   Number of memories:               0
   Number of memory bits:            0
   Number of processes:              0
   Number of cells:                233
     $_ANDNOT_                      73
     $_AND_                          9
     $_DFFE_PN0P_                    8
     $_DFF_PN0_                     19
     $_DFF_PN1_                      1
     $_MUX_                          9
     $_NAND_                         6
     $_NOR_                          9
     $_NOT_                          8
     $_ORNOT_                       11
     $_OR_                          71
     $_XNOR_                         2
     $_XOR_                          7

mapping tbuf

50. Executing TECHMAP pass (map to technology primitives).

50.1. Executing Verilog-2005 frontend: /home/djspit/.volare/sky130A/libs.tech/openlane/sky130_fd_sc_hd/tribuff_map.v
Parsing Verilog input from `/home/djspit/.volare/sky130A/libs.tech/openlane/sky130_fd_sc_hd/tribuff_map.v' to AST representation.
Generating RTLIL representation for module `\$_TBUF_'.
Successfully finished Verilog frontend.

50.2. Continuing TECHMAP pass.
No more expansions possible.
<suppressed ~3 debug messages>

51. Executing SIMPLEMAP pass (map simple cells to gate primitives).

52. Executing TECHMAP pass (map to technology primitives).

52.1. Executing Verilog-2005 frontend: /home/djspit/.volare/sky130A/libs.tech/openlane/sky130_fd_sc_hd/latch_map.v
Parsing Verilog input from `/home/djspit/.volare/sky130A/libs.tech/openlane/sky130_fd_sc_hd/latch_map.v' to AST representation.
Generating RTLIL representation for module `\$_DLATCH_P_'.
Generating RTLIL representation for module `\$_DLATCH_N_'.
Successfully finished Verilog frontend.

52.2. Continuing TECHMAP pass.
No more expansions possible.
<suppressed ~4 debug messages>

53. Executing SIMPLEMAP pass (map simple cells to gate primitives).

54. Executing DFFLIBMAP pass (mapping DFF cells to sequential cells from liberty file).
  cell sky130_fd_sc_hd__dfxtp_2 (noninv, pins=3, area=21.27) is a direct match for cell type $_DFF_P_.
  cell sky130_fd_sc_hd__dfrtp_2 (noninv, pins=4, area=26.28) is a direct match for cell type $_DFF_PN0_.
  cell sky130_fd_sc_hd__dfstp_2 (noninv, pins=4, area=26.28) is a direct match for cell type $_DFF_PN1_.
  cell sky130_fd_sc_hd__dfbbn_2 (noninv, pins=6, area=35.03) is a direct match for cell type $_DFFSR_NNN_.
  final dff cell mappings:
    unmapped dff cell: $_DFF_N_
    \sky130_fd_sc_hd__dfxtp_2 _DFF_P_ (.CLK( C), .D( D), .Q( Q));
    unmapped dff cell: $_DFF_NN0_
    unmapped dff cell: $_DFF_NN1_
    unmapped dff cell: $_DFF_NP0_
    unmapped dff cell: $_DFF_NP1_
    \sky130_fd_sc_hd__dfrtp_2 _DFF_PN0_ (.CLK( C), .D( D), .Q( Q), .RESET_B( R));
    \sky130_fd_sc_hd__dfstp_2 _DFF_PN1_ (.CLK( C), .D( D), .Q( Q), .SET_B( R));
    unmapped dff cell: $_DFF_PP0_
    unmapped dff cell: $_DFF_PP1_
    \sky130_fd_sc_hd__dfbbn_2 _DFFSR_NNN_ (.CLK_N( C), .D( D), .Q( Q), .Q_N(~Q), .RESET_B( R), .SET_B( S));
    unmapped dff cell: $_DFFSR_NNP_
    unmapped dff cell: $_DFFSR_NPN_
    unmapped dff cell: $_DFFSR_NPP_
    unmapped dff cell: $_DFFSR_PNN_
    unmapped dff cell: $_DFFSR_PNP_
    unmapped dff cell: $_DFFSR_PPN_
    unmapped dff cell: $_DFFSR_PPP_

54.1. Executing DFFLEGALIZE pass (convert FFs to types supported by the target).
Mapping DFF cells in module `\pmu_fsm':
  mapped 27 $_DFF_PN0_ cells to \sky130_fd_sc_hd__dfrtp_2 cells.
  mapped 1 $_DFF_PN1_ cells to \sky130_fd_sc_hd__dfstp_2 cells.

55. Printing statistics.

=== pmu_fsm ===

   Number of wires:                227
   Number of wire bits:            253
   Number of public wires:          27
   Number of public wire bits:      43
   Number of memories:               0
   Number of memory bits:            0
   Number of processes:              0
   Number of cells:                241
     $_ANDNOT_                      73
     $_AND_                          9
     $_MUX_                         17
     $_NAND_                         6
     $_NOR_                          9
     $_NOT_                          8
     $_ORNOT_                       11
     $_OR_                          71
     $_XNOR_                         2
     $_XOR_                          7
     sky130_fd_sc_hd__dfrtp_2       27
     sky130_fd_sc_hd__dfstp_2        1

[INFO]: USING STRATEGY AREA 3

56. Executing ABC pass (technology mapping using ABC).

56.1. Extracting gate netlist of module `\pmu_fsm' to `/tmp/yosys-abc-DNvXx8/input.blif'..
Extracted 213 gates and 231 wires to a netlist network with 18 inputs and 22 outputs.

56.1.1. Executing ABC.
Running ABC command: "/nix/store/wq2q0njg3sx8wvj2akz7x1qxwyrv9xlr-yosys-abc/bin/abc" -s -f /tmp/yosys-abc-DNvXx8/abc.script 2>&1
ABC: ABC command line: "source /tmp/yosys-abc-DNvXx8/abc.script".
ABC: 
ABC: + read_blif /tmp/yosys-abc-DNvXx8/input.blif 
ABC: + read_lib -w /openlane/designs/pmu_fsm/runs/run_1_10_13_2025/tmp/synthesis/trimmed.lib 
ABC: Parsing finished successfully.  Parsing time =     0.03 sec
ABC: Scl_LibertyReadGenlib() skipped sequential cell "sky130_fd_sc_hd__dfbbn_2".
ABC: Scl_LibertyReadGenlib() skipped sequential cell "sky130_fd_sc_hd__dfrbp_2".
ABC: Scl_LibertyReadGenlib() skipped sequential cell "sky130_fd_sc_hd__dfrtp_2".
ABC: Scl_LibertyReadGenlib() skipped sequential cell "sky130_fd_sc_hd__dfrtp_4".
ABC: Scl_LibertyReadGenlib() skipped sequential cell "sky130_fd_sc_hd__dfsbp_2".
ABC: Scl_LibertyReadGenlib() skipped sequential cell "sky130_fd_sc_hd__dfstp_2".
ABC: Scl_LibertyReadGenlib() skipped sequential cell "sky130_fd_sc_hd__dfstp_4".
ABC: Scl_LibertyReadGenlib() skipped sequential cell "sky130_fd_sc_hd__dfxbp_2".
ABC: Scl_LibertyReadGenlib() skipped sequential cell "sky130_fd_sc_hd__dfxtp_2".
ABC: Scl_LibertyReadGenlib() skipped sequential cell "sky130_fd_sc_hd__dfxtp_4".
ABC: Scl_LibertyReadGenlib() skipped sequential cell "sky130_fd_sc_hd__dlxtn_1".
ABC: Scl_LibertyReadGenlib() skipped sequential cell "sky130_fd_sc_hd__dlxtn_2".
ABC: Scl_LibertyReadGenlib() skipped sequential cell "sky130_fd_sc_hd__dlxtn_4".
ABC: Scl_LibertyReadGenlib() skipped sequential cell "sky130_fd_sc_hd__dlxtp_1".
ABC: Scl_LibertyReadGenlib() skipped three-state cell "sky130_fd_sc_hd__ebufn_2".
ABC: Scl_LibertyReadGenlib() skipped three-state cell "sky130_fd_sc_hd__ebufn_4".
ABC: Scl_LibertyReadGenlib() skipped three-state cell "sky130_fd_sc_hd__ebufn_8".
ABC: Library "sky130A_merged" from "/openlane/designs/pmu_fsm/runs/run_1_10_13_2025/tmp/synthesis/trimmed.lib" has 175 cells (17 skipped: 14 seq; 3 tri-state; 0 no func; 0 dont_use).  Time =     0.05 sec
ABC: Memory =    9.54 MB. Time =     0.05 sec
ABC: Warning: Detected 2 multi-output gates (for example, "sky130_fd_sc_hd__fa_1").
ABC: + read_constr -v /openlane/designs/pmu_fsm/runs/run_1_10_13_2025/tmp/synthesis/synthesis.sdc 
ABC: Setting driving cell to be "sky130_fd_sc_hd__inv_2".
ABC: Setting output load to be 33.442001.
ABC: + read_constr /openlane/designs/pmu_fsm/runs/run_1_10_13_2025/tmp/synthesis/synthesis.sdc 
ABC: + strash 
ABC: + dch 
ABC: + map -B 0.9 
ABC: The cell delays are multiplied by the factor: <num_fanins> ^ (0.90).
ABC: + topo 
ABC: + stime -c 
ABC: WireLoad = "Small"  Gates =    119 ( 16.8 %)   Cap = 13.1 ff (  2.1 %)   Area =      795.76 ( 83.2 %)   Delay =  1925.84 ps  ( 10.9 %)               
ABC: + buffer -c -N 8 
ABC: + upsize -c 
ABC: + dnsize -c 
ABC: + stime -p 
ABC: WireLoad = "none"  Gates =    122 ( 18.9 %)   Cap = 13.5 ff (  8.4 %)   Area =      900.86 ( 68.9 %)   Delay =  1318.47 ps  ( 26.2 %)               
ABC: Path  0 --       9 : 0    8 pi                       A =   0.00  Df = 140.0  -75.7 ps  S = 205.0 ps  Cin =  0.0 ff  Cout =  44.0 ff  Cmax =   0.0 ff  G =    0  
ABC: Path  1 --      48 : 1    6 sky130_fd_sc_hd__inv_6   A =   8.76  Df = 218.9  -43.0 ps  S =  91.9 ps  Cin = 13.3 ff  Cout =  41.4 ff  Cmax = 782.8 ff  G =  296  
ABC: Path  2 --      64 : 2    4 sky130_fd_sc_hd__nor2_8  A =  20.02  Df = 428.3  -29.3 ps  S = 203.3 ps  Cin = 16.9 ff  Cout =  48.2 ff  Cmax = 433.1 ff  G =  282  
ABC: Path  3 --     126 : 2    3 sky130_fd_sc_hd__nand2_4 A =  11.26  Df = 502.6  -34.8 ps  S =  62.9 ps  Cin =  8.7 ff  Cout =  11.7 ff  Cmax = 530.1 ff  G =  129  
ABC: Path  4 --     135 : 2    4 sky130_fd_sc_hd__or2_4   A =   8.76  Df = 752.8 -156.3 ps  S =  60.2 ps  Cin =  2.4 ff  Cout =  14.2 ff  Cmax = 514.5 ff  G =  569  
ABC: Path  5 --     140 : 2    2 sky130_fd_sc_hd__or2_4   A =   8.76  Df = 991.5 -277.7 ps  S =  53.3 ps  Cin =  2.4 ff  Cout =   9.1 ff  Cmax = 514.5 ff  G =  370  
ABC: Path  6 --     144 : 2    1 sky130_fd_sc_hd__nand2_2 A =   6.26  Df =1048.6 -293.3 ps  S =  44.7 ps  Cin =  4.4 ff  Cout =   4.6 ff  Cmax = 295.7 ff  G =  100  
ABC: Path  7 --     146 : 2    1 sky130_fd_sc_hd__nand2_2 A =   6.26  Df =1101.8  -27.5 ps  S =  67.2 ps  Cin =  4.4 ff  Cout =   9.2 ff  Cmax = 295.7 ff  G =  197  
ABC: Path  8 --     147 : 2    1 sky130_fd_sc_hd__nor2_4  A =  11.26  Df =1318.5 -175.9 ps  S = 234.1 ps  Cin =  8.7 ff  Cout =  33.4 ff  Cmax = 251.8 ff  G =  383  
ABC: Start-point = pi8 (\curr_state [2]).  End-point = po17 ($auto$rtlil.cc:2684:MuxGate$1662).
ABC: + print_stats -m 
ABC: netlist                       : i/o =   18/   22  lat =    0  nd =   122  edge =    251  area =901.04  delay =587.79  lev = 11
ABC: + write_blif /tmp/yosys-abc-DNvXx8/output.blif 

56.1.2. Re-integrating ABC results.
ABC RESULTS:   sky130_fd_sc_hd__inv_6 cells:        1
ABC RESULTS:   sky130_fd_sc_hd__buf_2 cells:        1
ABC RESULTS:   sky130_fd_sc_hd__o21bai_2 cells:        1
ABC RESULTS:   sky130_fd_sc_hd__and2_2 cells:        1
ABC RESULTS:   sky130_fd_sc_hd__o311a_2 cells:        1
ABC RESULTS:   sky130_fd_sc_hd__or3_2 cells:        2
ABC RESULTS:   sky130_fd_sc_hd__o211ai_2 cells:        1
ABC RESULTS:   sky130_fd_sc_hd__o21a_2 cells:        2
ABC RESULTS:   sky130_fd_sc_hd__a21oi_2 cells:        3
ABC RESULTS:   sky130_fd_sc_hd__or3b_2 cells:        1
ABC RESULTS:   sky130_fd_sc_hd__buf_1 cells:        2
ABC RESULTS:   sky130_fd_sc_hd__a21o_2 cells:        1
ABC RESULTS:   sky130_fd_sc_hd__o21ai_2 cells:        2
ABC RESULTS:   sky130_fd_sc_hd__o211a_2 cells:        1
ABC RESULTS:   sky130_fd_sc_hd__a211oi_2 cells:        1
ABC RESULTS:   sky130_fd_sc_hd__nand2_4 cells:        1
ABC RESULTS:   sky130_fd_sc_hd__nand3_4 cells:        1
ABC RESULTS:   sky130_fd_sc_hd__or2_4 cells:        3
ABC RESULTS:   sky130_fd_sc_hd__nand2b_2 cells:        1
ABC RESULTS:   sky130_fd_sc_hd__nand3_2 cells:        8
ABC RESULTS:   sky130_fd_sc_hd__nor2_8 cells:        2
ABC RESULTS:   sky130_fd_sc_hd__inv_2 cells:       19
ABC RESULTS:   sky130_fd_sc_hd__nor2_2 cells:       17
ABC RESULTS:   sky130_fd_sc_hd__or2b_2 cells:        1
ABC RESULTS:   sky130_fd_sc_hd__or2_2 cells:        2
ABC RESULTS:   sky130_fd_sc_hd__nand2_2 cells:       37
ABC RESULTS:   sky130_fd_sc_hd__xor2_2 cells:        1
ABC RESULTS:   sky130_fd_sc_hd__nor2_4 cells:        8
ABC RESULTS:        internal signals:      191
ABC RESULTS:           input signals:       18
ABC RESULTS:          output signals:       22
Removing temp directory.

57. Executing SETUNDEF pass (replace undef values with defined constants).

58. Executing HILOMAP pass (mapping to constant drivers).

59. Executing SPLITNETS pass (splitting up multi-bit signals).

60. Executing OPT_CLEAN pass (remove unused cells and wires).
Finding unused cells or wires in module \pmu_fsm..
Removed 1 unused cells and 235 unused wires.
<suppressed ~2 debug messages>

61. Executing INSBUF pass (insert buffer cells for connected wires).

62. Executing CHECK pass (checking for obvious problems).
Checking module pmu_fsm...
Found and reported 0 problems.

63. Printing statistics.

=== pmu_fsm ===

   Number of wires:                158
   Number of wire bits:            160
   Number of public wires:          41
   Number of public wire bits:      43
   Number of memories:               0
   Number of memory bits:            0
   Number of processes:              0
   Number of cells:                151
     sky130_fd_sc_hd__a211oi_2       1
     sky130_fd_sc_hd__a21o_2         1
     sky130_fd_sc_hd__a21oi_2        3
     sky130_fd_sc_hd__and2_2         1
     sky130_fd_sc_hd__buf_1          2
     sky130_fd_sc_hd__buf_2          1
     sky130_fd_sc_hd__conb_1         1
     sky130_fd_sc_hd__dfrtp_2       27
     sky130_fd_sc_hd__dfstp_2        1
     sky130_fd_sc_hd__inv_2         19
     sky130_fd_sc_hd__inv_6          1
     sky130_fd_sc_hd__nand2_2       37
     sky130_fd_sc_hd__nand2_4        1
     sky130_fd_sc_hd__nand2b_2       1
     sky130_fd_sc_hd__nand3_2        8
     sky130_fd_sc_hd__nand3_4        1
     sky130_fd_sc_hd__nor2_2        17
     sky130_fd_sc_hd__nor2_4         8
     sky130_fd_sc_hd__nor2_8         2
     sky130_fd_sc_hd__o211a_2        1
     sky130_fd_sc_hd__o211ai_2       1
     sky130_fd_sc_hd__o21a_2         2
     sky130_fd_sc_hd__o21ai_2        2
     sky130_fd_sc_hd__o21bai_2       1
     sky130_fd_sc_hd__o311a_2        1
     sky130_fd_sc_hd__or2_2          2
     sky130_fd_sc_hd__or2_4          3
     sky130_fd_sc_hd__or2b_2         1
     sky130_fd_sc_hd__or3_2          2
     sky130_fd_sc_hd__or3b_2         1
     sky130_fd_sc_hd__xor2_2         1

   Chip area for module '\pmu_fsm': 1640.323200

64. Executing Verilog backend.
Dumping module `\pmu_fsm'.

65. Executing JSON backend.

End of script. Logfile hash: 811d81685d, CPU: user 0.77s system 0.01s, MEM: 42.23 MB peak
Yosys 0.38 (git sha1 543faed9c8c, clang++ 17.0.6 -fPIC -Os)
Time spent: 26% 2x abc (0 sec), 23% 2x read_liberty (0 sec), ...
