
===========================================================================
 report_power
============================================================================
======================= Fastest Corner ===================================

Group                  Internal  Switching    Leakage      Total
                          Power      Power      Power      Power (Watts)
----------------------------------------------------------------
Sequential             1.74e-04   2.74e-05   1.49e-07   2.01e-04  32.4%
Combinational          9.09e-05   1.94e-04   7.33e-10   2.84e-04  45.8%
Clock                  9.08e-05   4.45e-05   7.16e-10   1.35e-04  21.8%
Macro                  0.00e+00   0.00e+00   0.00e+00   0.00e+00   0.0%
Pad                    0.00e+00   0.00e+00   0.00e+00   0.00e+00   0.0%
----------------------------------------------------------------
Total                  3.55e-04   2.65e-04   1.51e-07   6.21e-04 100.0%
                          57.2%      42.7%       0.0%

======================= Slowest Corner ===================================

Group                  Internal  Switching    Leakage      Total
                          Power      Power      Power      Power (Watts)
----------------------------------------------------------------
Sequential             1.16e-04   1.82e-05   5.28e-07   1.35e-04  31.7%
Combinational          6.72e-05   1.29e-04   4.93e-07   1.97e-04  46.2%
Clock                  6.51e-05   2.86e-05   8.23e-08   9.38e-05  22.1%
Macro                  0.00e+00   0.00e+00   0.00e+00   0.00e+00   0.0%
Pad                    0.00e+00   0.00e+00   0.00e+00   0.00e+00   0.0%
----------------------------------------------------------------
Total                  2.48e-04   1.76e-04   1.10e-06   4.25e-04 100.0%
                          58.4%      41.3%       0.3%

======================= Typical Corner ===================================

Group                  Internal  Switching    Leakage      Total
                          Power      Power      Power      Power (Watts)
----------------------------------------------------------------
Sequential             1.50e-04   2.32e-05   1.49e-07   1.73e-04  32.3%
Combinational          8.19e-05   1.64e-04   4.02e-10   2.46e-04  45.9%
Clock                  7.94e-05   3.71e-05   4.97e-10   1.17e-04  21.8%
Macro                  0.00e+00   0.00e+00   0.00e+00   0.00e+00   0.0%
Pad                    0.00e+00   0.00e+00   0.00e+00   0.00e+00   0.0%
----------------------------------------------------------------
Total                  3.11e-04   2.24e-04   1.50e-07   5.36e-04 100.0%
                          58.1%      41.9%       0.0%

