OpenROAD b16bda7e82721d10566ff7e2b68f1ff0be9f9e38 
Features included (+) or not (-): +Charts +GPU +GUI +Python
This program is licensed under the BSD-3 license. See the LICENSE file for details.
Components of this program may be licensed under more restrictive licenses which must be honored.
define_corners Typical
read_liberty -corner Typical /home/djspit/.volare/sky130A/libs.ref/sky130_fd_sc_hd/lib/sky130_fd_sc_hd__tt_025C_1v80.lib
Using 1e-12 for capacitance...
Using 1e+03 for resistance...
Using 1e-09 for time...
Using 1e+00 for voltage...
Using 1e-03 for current...
Using 1e-09 for power...
Using 1e-06 for distance...
[INFO]: Reading ODB at '/openlane/designs/pmu_fsm/runs/run_1_10_13_2025/tmp/placement/11-resizer.odb'…
Reading design constraints file at '/openlane/designs/pmu_fsm/src/pmu_constraints.sdc'…
Placement Analysis
---------------------------------
total displacement          0.0 u
average displacement        0.0 u
max displacement            0.0 u
original HPWL            2183.8 u
legalized HPWL           2390.2 u
delta HPWL                    9 %

[INFO DPL-0020] Mirrored 91 instances
[INFO DPL-0021] HPWL before            2390.2 u
[INFO DPL-0022] HPWL after             2183.8 u
[INFO DPL-0023] HPWL delta               -8.6 %
Setting global connections for newly added cells…
Writing OpenROAD database to '/openlane/designs/pmu_fsm/runs/run_1_10_13_2025/results/placement/pmu_fsm.odb'…
Writing netlist to '/openlane/designs/pmu_fsm/runs/run_1_10_13_2025/results/placement/pmu_fsm.nl.v'…
Writing powered netlist to '/openlane/designs/pmu_fsm/runs/run_1_10_13_2025/results/placement/pmu_fsm.pnl.v'…
Writing layout to '/openlane/designs/pmu_fsm/runs/run_1_10_13_2025/results/placement/pmu_fsm.def'…
