
===========================================================================
 report_power
============================================================================
======================= Fastest Corner ===================================

Group                  Internal  Switching    Leakage      Total
                          Power      Power      Power      Power (Watts)
----------------------------------------------------------------
Sequential             1.74e-04   2.80e-05   1.49e-07   2.02e-04  32.2%
Combinational          9.09e-05   1.98e-04   7.33e-10   2.89e-04  46.1%
Clock                  9.08e-05   4.58e-05   7.16e-10   1.37e-04  21.8%
Macro                  0.00e+00   0.00e+00   0.00e+00   0.00e+00   0.0%
Pad                    0.00e+00   0.00e+00   0.00e+00   0.00e+00   0.0%
----------------------------------------------------------------
Total                  3.55e-04   2.72e-04   1.51e-07   6.27e-04 100.0%
                          56.6%      43.3%       0.0%

======================= Slowest Corner ===================================

Group                  Internal  Switching    Leakage      Total
                          Power      Power      Power      Power (Watts)
----------------------------------------------------------------
Sequential             1.16e-04   1.86e-05   5.28e-07   1.35e-04  31.5%
Combinational          6.73e-05   1.32e-04   4.93e-07   2.00e-04  46.5%
Clock                  6.51e-05   2.95e-05   8.23e-08   9.46e-05  22.0%
Macro                  0.00e+00   0.00e+00   0.00e+00   0.00e+00   0.0%
Pad                    0.00e+00   0.00e+00   0.00e+00   0.00e+00   0.0%
----------------------------------------------------------------
Total                  2.48e-04   1.80e-04   1.10e-06   4.29e-04 100.0%
                          57.8%      41.9%       0.3%

======================= Typical Corner ===================================

Group                  Internal  Switching    Leakage      Total
                          Power      Power      Power      Power (Watts)
----------------------------------------------------------------
Sequential             1.50e-04   2.37e-05   1.49e-07   1.74e-04  32.1%
Combinational          8.19e-05   1.68e-04   4.02e-10   2.50e-04  46.2%
Clock                  7.95e-05   3.82e-05   4.97e-10   1.18e-04  21.7%
Macro                  0.00e+00   0.00e+00   0.00e+00   0.00e+00   0.0%
Pad                    0.00e+00   0.00e+00   0.00e+00   0.00e+00   0.0%
----------------------------------------------------------------
Total                  3.11e-04   2.30e-04   1.50e-07   5.41e-04 100.0%
                          57.5%      42.5%       0.0%

