OpenROAD b16bda7e82721d10566ff7e2b68f1ff0be9f9e38 
Features included (+) or not (-): +Charts +GPU +GUI +Python
This program is licensed under the BSD-3 license. See the LICENSE file for details.
Components of this program may be licensed under more restrictive licenses which must be honored.
define_corners Typical
read_liberty -corner Typical /home/djspit/.volare/sky130A/libs.ref/sky130_fd_sc_hd/lib/sky130_fd_sc_hd__tt_025C_1v80.lib
Using 1e-12 for capacitance...
Using 1e+03 for resistance...
Using 1e-09 for time...
Using 1e+00 for voltage...
Using 1e-03 for current...
Using 1e-09 for power...
Using 1e-06 for distance...
[INFO]: Reading ODB at '/openlane/designs/pmu_fsm/runs/run_1_10_13_2025/tmp/routing/24-fill.odb'…
Reading design constraints file at '/openlane/designs/pmu_fsm/src/pmu_constraints.sdc'…
[INFO ORD-0030] Using 2 thread(s).
[INFO DRT-0149] Reading tech and libs.
[WARNING DRT-0349] LEF58_ENCLOSURE with no CUTCLASS is not supported. Skipping for layer mcon
[WARNING DRT-0349] LEF58_ENCLOSURE with no CUTCLASS is not supported. Skipping for layer mcon
[WARNING DRT-0349] LEF58_ENCLOSURE with no CUTCLASS is not supported. Skipping for layer via
[WARNING DRT-0349] LEF58_ENCLOSURE with no CUTCLASS is not supported. Skipping for layer via
[WARNING DRT-0349] LEF58_ENCLOSURE with no CUTCLASS is not supported. Skipping for layer via2
[WARNING DRT-0349] LEF58_ENCLOSURE with no CUTCLASS is not supported. Skipping for layer via2
[WARNING DRT-0349] LEF58_ENCLOSURE with no CUTCLASS is not supported. Skipping for layer via3
[WARNING DRT-0349] LEF58_ENCLOSURE with no CUTCLASS is not supported. Skipping for layer via3
[WARNING DRT-0349] LEF58_ENCLOSURE with no CUTCLASS is not supported. Skipping for layer via4
[WARNING DRT-0349] LEF58_ENCLOSURE with no CUTCLASS is not supported. Skipping for layer via4

Units:                1000
Number of layers:     13
Number of macros:     441
Number of vias:       29
Number of viarulegen: 25

[INFO DRT-0150] Reading design.

Design:                   pmu_fsm
Die area:                 ( 0 0 ) ( 71415 82135 )
Number of track patterns: 12
Number of DEF vias:       0
Number of components:     523
Number of terminals:      23
Number of snets:          2
Number of nets:           183

[INFO DRT-0167] List of default vias:
  Layer via
    default via: M1M2_PR
  Layer via2
    default via: M2M3_PR
  Layer via3
    default via: M3M4_PR
  Layer via4
    default via: M4M5_PR
[INFO DRT-0162] Library cell analysis.
[INFO DRT-0163] Instance analysis.
[INFO DRT-0164] Number of unique instances = 80.
[INFO DRT-0168] Init region query.
[INFO DRT-0024]   Complete FR_MASTERSLICE.
[INFO DRT-0024]   Complete Fr_VIA.
[INFO DRT-0024]   Complete li1.
[INFO DRT-0024]   Complete mcon.
[INFO DRT-0024]   Complete met1.
[INFO DRT-0024]   Complete via.
[INFO DRT-0024]   Complete met2.
[INFO DRT-0024]   Complete via2.
[INFO DRT-0024]   Complete met3.
[INFO DRT-0024]   Complete via3.
[INFO DRT-0024]   Complete met4.
[INFO DRT-0024]   Complete via4.
[INFO DRT-0024]   Complete met5.
[INFO DRT-0033] FR_MASTERSLICE shape region query size = 0.
[INFO DRT-0033] FR_VIA shape region query size = 0.
[INFO DRT-0033] li1 shape region query size = 6009.
[INFO DRT-0033] mcon shape region query size = 1848.
[INFO DRT-0033] met1 shape region query size = 1508.
[INFO DRT-0033] via shape region query size = 414.
[INFO DRT-0033] met2 shape region query size = 144.
[INFO DRT-0033] via2 shape region query size = 322.
[INFO DRT-0033] met3 shape region query size = 153.
[INFO DRT-0033] via3 shape region query size = 322.
[INFO DRT-0033] met4 shape region query size = 70.
[INFO DRT-0033] via4 shape region query size = 16.
[INFO DRT-0033] met5 shape region query size = 24.
[INFO DRT-0165] Start pin access.
[INFO DRT-0078]   Complete 191 pins.
[INFO DRT-0081]   Complete 62 unique inst patterns.
[INFO DRT-0084]   Complete 109 groups.
#scanned instances     = 523
#unique  instances     = 80
#stdCellGenAp          = 1708
#stdCellValidPlanarAp  = 29
#stdCellValidViaAp     = 1277
#stdCellPinNoAp        = 0
#stdCellPinCnt         = 533
#instTermValidViaApCnt = 0
#macroGenAp            = 0
#macroValidPlanarAp    = 0
#macroValidViaAp       = 0
#macroNoAp             = 0
[INFO DRT-0166] Complete pin access.
[INFO DRT-0267] cpu time = 00:00:08, elapsed time = 00:00:02, memory = 120.55 (MB), peak = 120.55 (MB)

Number of guides:     1063

[INFO DRT-0169] Post process guides.
[INFO DRT-0176] GCELLGRID X 0 DO 10 STEP 6900 ;
[INFO DRT-0177] GCELLGRID Y 0 DO 11 STEP 6900 ;
[INFO DRT-0028]   Complete FR_MASTERSLICE.
[INFO DRT-0028]   Complete Fr_VIA.
[INFO DRT-0028]   Complete li1.
[INFO DRT-0028]   Complete mcon.
[INFO DRT-0028]   Complete met1.
[INFO DRT-0028]   Complete via.
[INFO DRT-0028]   Complete met2.
[INFO DRT-0028]   Complete via2.
[INFO DRT-0028]   Complete met3.
[INFO DRT-0028]   Complete via3.
[INFO DRT-0028]   Complete met4.
[INFO DRT-0028]   Complete via4.
[INFO DRT-0028]   Complete met5.
[INFO DRT-0178] Init guide query.
[INFO DRT-0035]   Complete FR_MASTERSLICE (guide).
[INFO DRT-0035]   Complete Fr_VIA (guide).
[INFO DRT-0035]   Complete li1 (guide).
[INFO DRT-0035]   Complete mcon (guide).
[INFO DRT-0035]   Complete met1 (guide).
[INFO DRT-0035]   Complete via (guide).
[INFO DRT-0035]   Complete met2 (guide).
[INFO DRT-0035]   Complete via2 (guide).
[INFO DRT-0035]   Complete met3 (guide).
[INFO DRT-0035]   Complete via3 (guide).
[INFO DRT-0035]   Complete met4 (guide).
[INFO DRT-0035]   Complete via4 (guide).
[INFO DRT-0035]   Complete met5 (guide).
[INFO DRT-0036] FR_MASTERSLICE guide region query size = 0.
[INFO DRT-0036] FR_VIA guide region query size = 0.
[INFO DRT-0036] li1 guide region query size = 371.
[INFO DRT-0036] mcon guide region query size = 0.
[INFO DRT-0036] met1 guide region query size = 283.
[INFO DRT-0036] via guide region query size = 0.
[INFO DRT-0036] met2 guide region query size = 143.
[INFO DRT-0036] via2 guide region query size = 0.
[INFO DRT-0036] met3 guide region query size = 20.
[INFO DRT-0036] via3 guide region query size = 0.
[INFO DRT-0036] met4 guide region query size = 3.
[INFO DRT-0036] via4 guide region query size = 0.
[INFO DRT-0036] met5 guide region query size = 0.
[INFO DRT-0179] Init gr pin query.
[INFO DRT-0245] skipped writing guide updates to database.
[INFO DRT-0185] Post process initialize RPin region query.
[INFO DRT-0181] Start track assignment.
[INFO DRT-0184] Done with 517 vertical wires in 1 frboxes and 303 horizontal wires in 1 frboxes.
[INFO DRT-0186] Done with 47 vertical wires in 1 frboxes and 85 horizontal wires in 1 frboxes.
[INFO DRT-0182] Complete track assignment.
[INFO DRT-0267] cpu time = 00:00:00, elapsed time = 00:00:00, memory = 123.16 (MB), peak = 123.16 (MB)
[INFO DRT-0187] Start routing data preparation.
[INFO DRT-0267] cpu time = 00:00:00, elapsed time = 00:00:00, memory = 123.16 (MB), peak = 123.16 (MB)
[INFO DRT-0194] Start detail routing.
[INFO DRT-0195] Start 0th optimization iteration.
    Completing 10% with 0 violations.
    elapsed time = 00:00:01, memory = 132.35 (MB).
    Completing 20% with 28 violations.
    elapsed time = 00:00:02, memory = 138.35 (MB).
    Completing 30% with 41 violations.
    elapsed time = 00:00:02, memory = 138.35 (MB).
    Completing 40% with 43 violations.
    elapsed time = 00:00:02, memory = 138.35 (MB).
[INFO DRT-0199]   Number of violations = 55.
Viol/Layer        met1   met2   met3
Metal Spacing        5      3      6
Min Hole             1      0      0
Recheck              5      5      0
Short               21      9      0
[INFO DRT-0267] cpu time = 00:00:03, elapsed time = 00:00:02, memory = 485.91 (MB), peak = 485.91 (MB)
Total wire length = 2732 um.
Total wire length on LAYER li1 = 0 um.
Total wire length on LAYER met1 = 1421 um.
Total wire length on LAYER met2 = 1220 um.
Total wire length on LAYER met3 = 69 um.
Total wire length on LAYER met4 = 20 um.
Total wire length on LAYER met5 = 0 um.
Total number of vias = 991.
Up-via summary (total 991):

----------------------
 FR_MASTERSLICE      0
            li1    505
           met1    467
           met2     17
           met3      2
           met4      0
----------------------
                   991


[INFO DRT-0195] Start 1st optimization iteration.
    Completing 10% with 55 violations.
    elapsed time = 00:00:00, memory = 485.91 (MB).
    Completing 20% with 67 violations.
    elapsed time = 00:00:00, memory = 485.91 (MB).
    Completing 30% with 52 violations.
    elapsed time = 00:00:01, memory = 485.91 (MB).
    Completing 40% with 38 violations.
    elapsed time = 00:00:01, memory = 485.91 (MB).
[INFO DRT-0199]   Number of violations = 35.
Viol/Layer        met1   met2   met3
Metal Spacing        6      1      6
Recheck              2      1      0
Short               16      3      0
[INFO DRT-0267] cpu time = 00:00:02, elapsed time = 00:00:01, memory = 485.91 (MB), peak = 485.91 (MB)
Total wire length = 2731 um.
Total wire length on LAYER li1 = 0 um.
Total wire length on LAYER met1 = 1397 um.
Total wire length on LAYER met2 = 1247 um.
Total wire length on LAYER met3 = 71 um.
Total wire length on LAYER met4 = 15 um.
Total wire length on LAYER met5 = 0 um.
Total number of vias = 1001.
Up-via summary (total 1001):

-----------------------
 FR_MASTERSLICE       0
            li1     505
           met1     475
           met2      19
           met3       2
           met4       0
-----------------------
                   1001


[INFO DRT-0195] Start 2nd optimization iteration.
    Completing 10% with 35 violations.
    elapsed time = 00:00:00, memory = 485.91 (MB).
    Completing 20% with 35 violations.
    elapsed time = 00:00:00, memory = 485.91 (MB).
    Completing 30% with 35 violations.
    elapsed time = 00:00:00, memory = 485.91 (MB).
    Completing 40% with 35 violations.
    elapsed time = 00:00:00, memory = 485.91 (MB).
    Completing 50% with 34 violations.
    elapsed time = 00:00:00, memory = 485.91 (MB).
    Completing 60% with 34 violations.
    elapsed time = 00:00:00, memory = 485.91 (MB).
    Completing 70% with 29 violations.
    elapsed time = 00:00:00, memory = 485.91 (MB).
    Completing 80% with 29 violations.
    elapsed time = 00:00:00, memory = 485.91 (MB).
    Completing 90% with 29 violations.
    elapsed time = 00:00:02, memory = 485.91 (MB).
    Completing 100% with 21 violations.
    elapsed time = 00:00:02, memory = 485.91 (MB).
[INFO DRT-0199]   Number of violations = 21.
Viol/Layer        met1   met2
Metal Spacing        3      2
Short               14      2
[INFO DRT-0267] cpu time = 00:00:02, elapsed time = 00:00:02, memory = 488.98 (MB), peak = 488.98 (MB)
Total wire length = 2738 um.
Total wire length on LAYER li1 = 0 um.
Total wire length on LAYER met1 = 1424 um.
Total wire length on LAYER met2 = 1225 um.
Total wire length on LAYER met3 = 74 um.
Total wire length on LAYER met4 = 14 um.
Total wire length on LAYER met5 = 0 um.
Total number of vias = 1001.
Up-via summary (total 1001):

-----------------------
 FR_MASTERSLICE       0
            li1     505
           met1     475
           met2      19
           met3       2
           met4       0
-----------------------
                   1001


[INFO DRT-0195] Start 3rd optimization iteration.
    Completing 10% with 21 violations.
    elapsed time = 00:00:01, memory = 512.52 (MB).
    Completing 20% with 3 violations.
    elapsed time = 00:00:02, memory = 512.52 (MB).
    Completing 30% with 0 violations.
    elapsed time = 00:00:02, memory = 512.52 (MB).
    Completing 40% with 0 violations.
    elapsed time = 00:00:02, memory = 512.52 (MB).
[INFO DRT-0199]   Number of violations = 0.
[INFO DRT-0267] cpu time = 00:00:02, elapsed time = 00:00:02, memory = 512.52 (MB), peak = 525.07 (MB)
Total wire length = 2748 um.
Total wire length on LAYER li1 = 0 um.
Total wire length on LAYER met1 = 1365 um.
Total wire length on LAYER met2 = 1207 um.
Total wire length on LAYER met3 = 147 um.
Total wire length on LAYER met4 = 27 um.
Total wire length on LAYER met5 = 0 um.
Total number of vias = 1030.
Up-via summary (total 1030):

-----------------------
 FR_MASTERSLICE       0
            li1     505
           met1     483
           met2      38
           met3       4
           met4       0
-----------------------
                   1030


[INFO DRT-0198] Complete detail routing.
Total wire length = 2748 um.
Total wire length on LAYER li1 = 0 um.
Total wire length on LAYER met1 = 1365 um.
Total wire length on LAYER met2 = 1207 um.
Total wire length on LAYER met3 = 147 um.
Total wire length on LAYER met4 = 27 um.
Total wire length on LAYER met5 = 0 um.
Total number of vias = 1030.
Up-via summary (total 1030):

-----------------------
 FR_MASTERSLICE       0
            li1     505
           met1     483
           met2      38
           met3       4
           met4       0
-----------------------
                   1030


[INFO DRT-0267] cpu time = 00:00:11, elapsed time = 00:00:08, memory = 512.52 (MB), peak = 525.07 (MB)

[INFO DRT-0180] Post processing.
Setting global connections for newly added cells…
Writing OpenROAD database to '/openlane/designs/pmu_fsm/runs/run_1_10_13_2025/results/routing/pmu_fsm.odb'…
Writing netlist to '/openlane/designs/pmu_fsm/runs/run_1_10_13_2025/results/routing/pmu_fsm.nl.v'…
Writing powered netlist to '/openlane/designs/pmu_fsm/runs/run_1_10_13_2025/results/routing/pmu_fsm.pnl.v'…
Writing layout to '/openlane/designs/pmu_fsm/runs/run_1_10_13_2025/results/routing/pmu_fsm.def'…
