Group                                  Slack
--------------------------------------------
No paths found.

max slew

Pin                                    Limit    Slew   Slack
------------------------------------------------------------
_112_/Y                                 0.50    1.37   -0.87 (VIOLATED)
_116_/A                                 0.50    1.37   -0.87 (VIOLATED)
_119_/A                                 0.50    1.37   -0.87 (VIOLATED)
_121_/A                                 0.50    1.37   -0.87 (VIOLATED)
_124_/A                                 0.50    1.37   -0.87 (VIOLATED)
_127_/A                                 0.50    1.37   -0.87 (VIOLATED)
_129_/A                                 0.50    1.37   -0.87 (VIOLATED)
_132_/A                                 0.50    1.37   -0.87 (VIOLATED)
_134_/A                                 0.50    1.37   -0.87 (VIOLATED)
error                                   0.50    0.68   -0.18 (VIOLATED)
_111_/Y                                 0.50    0.68   -0.18 (VIOLATED)
_077_/Y                                 0.50    0.63   -0.13 (VIOLATED)
_078_/C                                 0.50    0.63   -0.13 (VIOLATED)
_080_/C                                 0.50    0.63   -0.13 (VIOLATED)
_095_/B                                 0.50    0.63   -0.13 (VIOLATED)
_098_/A2                                0.50    0.63   -0.13 (VIOLATED)
_107_/B                                 0.50    0.63   -0.13 (VIOLATED)
_111_/A1                                0.50    0.63   -0.13 (VIOLATED)

