
===========================================================================
 report_power
============================================================================
======================= Fastest Corner ===================================

Group                  Internal  Switching    Leakage      Total
                          Power      Power      Power      Power (Watts)
----------------------------------------------------------------
Sequential             1.74e-04   2.67e-05   1.49e-07   2.01e-04  32.7%
Combinational          9.08e-05   1.89e-04   7.33e-10   2.80e-04  45.6%
Clock                  9.07e-05   4.31e-05   7.16e-10   1.34e-04  21.8%
Macro                  0.00e+00   0.00e+00   0.00e+00   0.00e+00   0.0%
Pad                    0.00e+00   0.00e+00   0.00e+00   0.00e+00   0.0%
----------------------------------------------------------------
Total                  3.55e-04   2.59e-04   1.51e-07   6.14e-04 100.0%
                          57.8%      42.1%       0.0%

======================= Slowest Corner ===================================

Group                  Internal  Switching    Leakage      Total
                          Power      Power      Power      Power (Watts)
----------------------------------------------------------------
Sequential             1.16e-04   1.78e-05   5.28e-07   1.34e-04  31.9%
Combinational          6.72e-05   1.26e-04   4.93e-07   1.93e-04  46.0%
Clock                  6.51e-05   2.76e-05   8.23e-08   9.28e-05  22.1%
Macro                  0.00e+00   0.00e+00   0.00e+00   0.00e+00   0.0%
Pad                    0.00e+00   0.00e+00   0.00e+00   0.00e+00   0.0%
----------------------------------------------------------------
Total                  2.48e-04   1.71e-04   1.10e-06   4.21e-04 100.0%
                          59.1%      40.7%       0.3%

======================= Typical Corner ===================================

Group                  Internal  Switching    Leakage      Total
                          Power      Power      Power      Power (Watts)
----------------------------------------------------------------
Sequential             1.50e-04   2.26e-05   1.49e-07   1.73e-04  32.6%
Combinational          8.19e-05   1.60e-04   4.02e-10   2.42e-04  45.7%
Clock                  7.94e-05   3.59e-05   4.97e-10   1.15e-04  21.8%
Macro                  0.00e+00   0.00e+00   0.00e+00   0.00e+00   0.0%
Pad                    0.00e+00   0.00e+00   0.00e+00   0.00e+00   0.0%
----------------------------------------------------------------
Total                  3.11e-04   2.19e-04   1.50e-07   5.30e-04 100.0%
                          58.7%      41.3%       0.0%

